Archive member included to satisfy reference by file (symbol)

/Users/phamvanvu/Projects/Embedded/ARM-Toolchain/arm-toolchain/bin/../lib/gcc/arm-none-eabi/10.3.1/../../../../arm-none-eabi/lib/thumb/v7-m/nofp/libc_nano.a(lib_a-errno.o)
                              build/os_test/obj/debug/syscalls_min.o (__errno)
/Users/phamvanvu/Projects/Embedded/ARM-Toolchain/arm-toolchain/bin/../lib/gcc/arm-none-eabi/10.3.1/../../../../arm-none-eabi/lib/thumb/v7-m/nofp/libc_nano.a(lib_a-impure.o)
                              /Users/phamvanvu/Projects/Embedded/ARM-Toolchain/arm-toolchain/bin/../lib/gcc/arm-none-eabi/10.3.1/../../../../arm-none-eabi/lib/thumb/v7-m/nofp/libc_nano.a(lib_a-errno.o) (_impure_ptr)
/Users/phamvanvu/Projects/Embedded/ARM-Toolchain/arm-toolchain/bin/../lib/gcc/arm-none-eabi/10.3.1/../../../../arm-none-eabi/lib/thumb/v7-m/nofp/libc_nano.a(lib_a-memcpy-stub.o)
                              build/os_test/obj/app/Evcu_Dcm.o (memcpy)
/Users/phamvanvu/Projects/Embedded/ARM-Toolchain/arm-toolchain/bin/../lib/gcc/arm-none-eabi/10.3.1/../../../../arm-none-eabi/lib/thumb/v7-m/nofp/libc_nano.a(lib_a-memset.o)
                              build/os_test/obj/app/Evcu_Dcm.o (memset)
/Users/phamvanvu/Projects/Embedded/ARM-Toolchain/arm-toolchain/bin/../lib/gcc/arm-none-eabi/10.3.1/../../../../arm-none-eabi/lib/thumb/v7-m/nofp/libc_nano.a(lib_a-printf.o)
                              build/os_test/obj/main.o (printf)
/Users/phamvanvu/Projects/Embedded/ARM-Toolchain/arm-toolchain/bin/../lib/gcc/arm-none-eabi/10.3.1/../../../../arm-none-eabi/lib/thumb/v7-m/nofp/libc_nano.a(lib_a-puts.o)
                              build/os_test/obj/main.o (puts)
/Users/phamvanvu/Projects/Embedded/ARM-Toolchain/arm-toolchain/bin/../lib/gcc/arm-none-eabi/10.3.1/../../../../arm-none-eabi/lib/thumb/v7-m/nofp/libc_nano.a(lib_a-wbuf.o)
                              /Users/phamvanvu/Projects/Embedded/ARM-Toolchain/arm-toolchain/bin/../lib/gcc/arm-none-eabi/10.3.1/../../../../arm-none-eabi/lib/thumb/v7-m/nofp/libc_nano.a(lib_a-puts.o) (__swbuf_r)
/Users/phamvanvu/Projects/Embedded/ARM-Toolchain/arm-toolchain/bin/../lib/gcc/arm-none-eabi/10.3.1/../../../../arm-none-eabi/lib/thumb/v7-m/nofp/libc_nano.a(lib_a-wsetup.o)
                              /Users/phamvanvu/Projects/Embedded/ARM-Toolchain/arm-toolchain/bin/../lib/gcc/arm-none-eabi/10.3.1/../../../../arm-none-eabi/lib/thumb/v7-m/nofp/libc_nano.a(lib_a-puts.o) (__swsetup_r)
/Users/phamvanvu/Projects/Embedded/ARM-Toolchain/arm-toolchain/bin/../lib/gcc/arm-none-eabi/10.3.1/../../../../arm-none-eabi/lib/thumb/v7-m/nofp/libc_nano.a(lib_a-fflush.o)
                              /Users/phamvanvu/Projects/Embedded/ARM-Toolchain/arm-toolchain/bin/../lib/gcc/arm-none-eabi/10.3.1/../../../../arm-none-eabi/lib/thumb/v7-m/nofp/libc_nano.a(lib_a-wbuf.o) (_fflush_r)
/Users/phamvanvu/Projects/Embedded/ARM-Toolchain/arm-toolchain/bin/../lib/gcc/arm-none-eabi/10.3.1/../../../../arm-none-eabi/lib/thumb/v7-m/nofp/libc_nano.a(lib_a-findfp.o)
                              /Users/phamvanvu/Projects/Embedded/ARM-Toolchain/arm-toolchain/bin/../lib/gcc/arm-none-eabi/10.3.1/../../../../arm-none-eabi/lib/thumb/v7-m/nofp/libc_nano.a(lib_a-printf.o) (__sinit)
/Users/phamvanvu/Projects/Embedded/ARM-Toolchain/arm-toolchain/bin/../lib/gcc/arm-none-eabi/10.3.1/../../../../arm-none-eabi/lib/thumb/v7-m/nofp/libc_nano.a(lib_a-fwalk.o)
                              /Users/phamvanvu/Projects/Embedded/ARM-Toolchain/arm-toolchain/bin/../lib/gcc/arm-none-eabi/10.3.1/../../../../arm-none-eabi/lib/thumb/v7-m/nofp/libc_nano.a(lib_a-findfp.o) (_fwalk)
/Users/phamvanvu/Projects/Embedded/ARM-Toolchain/arm-toolchain/bin/../lib/gcc/arm-none-eabi/10.3.1/../../../../arm-none-eabi/lib/thumb/v7-m/nofp/libc_nano.a(lib_a-lock.o)
                              /Users/phamvanvu/Projects/Embedded/ARM-Toolchain/arm-toolchain/bin/../lib/gcc/arm-none-eabi/10.3.1/../../../../arm-none-eabi/lib/thumb/v7-m/nofp/libc_nano.a(lib_a-findfp.o) (__retarget_lock_init_recursive)
/Users/phamvanvu/Projects/Embedded/ARM-Toolchain/arm-toolchain/bin/../lib/gcc/arm-none-eabi/10.3.1/../../../../arm-none-eabi/lib/thumb/v7-m/nofp/libc_nano.a(lib_a-makebuf.o)
                              /Users/phamvanvu/Projects/Embedded/ARM-Toolchain/arm-toolchain/bin/../lib/gcc/arm-none-eabi/10.3.1/../../../../arm-none-eabi/lib/thumb/v7-m/nofp/libc_nano.a(lib_a-wsetup.o) (__smakebuf_r)
/Users/phamvanvu/Projects/Embedded/ARM-Toolchain/arm-toolchain/bin/../lib/gcc/arm-none-eabi/10.3.1/../../../../arm-none-eabi/lib/thumb/v7-m/nofp/libc_nano.a(lib_a-nano-freer.o)
                              /Users/phamvanvu/Projects/Embedded/ARM-Toolchain/arm-toolchain/bin/../lib/gcc/arm-none-eabi/10.3.1/../../../../arm-none-eabi/lib/thumb/v7-m/nofp/libc_nano.a(lib_a-wsetup.o) (_free_r)
/Users/phamvanvu/Projects/Embedded/ARM-Toolchain/arm-toolchain/bin/../lib/gcc/arm-none-eabi/10.3.1/../../../../arm-none-eabi/lib/thumb/v7-m/nofp/libc_nano.a(lib_a-nano-mallocr.o)
[...]
Memory Configuration

Name             Origin             Length             Attributes
FLASH            0x0000000008000000 0x0000000000010000 xr
RAM              0x0000000020000000 0x0000000000005000 xrw
*default*        0x0000000000000000 0xffffffffffffffff

Linker script and memory map

LOAD build/os_test/obj/main.o
LOAD build/os_test/obj/Config/os_app_cfg.o
LOAD build/os_test/obj/app/App_Task.o
LOAD build/os_test/obj/app/Evcu_App.o
LOAD build/os_test/obj/app/Evcu_Com.o
LOAD build/os_test/obj/app/Evcu_Dcm.o
LOAD build/os_test/obj/app/Evcu_Log.o
LOAD build/os_test/obj/app/Evcu_Test.o
LOAD build/os_test/obj/autosar/can/Can.o
LOAD build/os_test/obj/autosar/canif/CanIf.o
LOAD build/os_test/obj/autosar/cantp/CanTp.o
LOAD build/os_test/obj/autosar/com/Com.o
LOAD build/os_test/obj/autosar/dcm/Dcm.o
LOAD build/os_test/obj/autosar/pdur/PduR.o
LOAD build/os_test/obj/config/CanIf_Cfg.o
LOAD build/os_test/obj/config/CanTp_Cfg.o
LOAD build/os_test/obj/config/Com_Cfg.o
LOAD build/os_test/obj/config/PduR_Cfg.o
LOAD build/os_test/obj/OS/src/os_kernel.o
LOAD build/os_test/obj/OS/src/os_sched_table.o
LOAD build/os_test/obj/OS/src/os_port.o
LOAD build/os_test/obj/debug/semihost.o
LOAD build/os_test/obj/debug/syscalls_min.o
LOAD build/os_test/obj/SPL/src/misc.o
LOAD build/os_test/obj/SPL/src/stm32f10x_adc.o
LOAD build/os_test/obj/SPL/src/stm32f10x_bkp.o
LOAD build/os_test/obj/SPL/src/stm32f10x_can.o
LOAD build/os_test/obj/SPL/src/stm32f10x_cec.o
LOAD build/os_test/obj/SPL/src/stm32f10x_crc.o
LOAD build/os_test/obj/SPL/src/stm32f10x_dac.o
LOAD build/os_test/obj/SPL/src/stm32f10x_dbgmcu.o
LOAD build/os_test/obj/SPL/src/stm32f10x_dma.o
LOAD build/os_test/obj/SPL/src/stm32f10x_exti.o
LOAD build/os_test/obj/SPL/src/stm32f10x_flash.o
LOAD build/os_test/obj/SPL/src/stm32f10x_fsmc.o
LOAD build/os_test/obj/SPL/src/stm32f10x_gpio.o
LOAD build/os_test/obj/SPL/src/stm32f10x_i2c.o
LOAD build/os_test/obj/SPL/src/stm32f10x_iwdg.o
LOAD build/os_test/obj/SPL/src/stm32f10x_pwr.o
LOAD build/os_test/obj/SPL/src/stm32f10x_rcc.o
LOAD build/os_test/obj/SPL/src/stm32f10x_rtc.o
LOAD build/os_test/obj/SPL/src/stm32f10x_sdio.o
LOAD build/os_test/obj/SPL/src/stm32f10x_spi.o
LOAD build/os_test/obj/SPL/src/stm32f10x_tim.o
LOAD build/os_test/obj/SPL/src/stm32f10x_usart.o
LOAD build/os_test/obj/SPL/src/stm32f10x_wwdg.o
LOAD build/os_test/obj/SPL/src/system_stm32f10x.o
LOAD build/os_test/obj/Startup/startup_stm32f10x_md.o
LOAD build/os_test/obj/OS/src/os_port_asm.o
START GROUP
LOAD /Users/phamvanvu/Projects/Embedded/ARM-Toolchain/arm-toolchain/bin/../lib/gcc/arm-none-eabi/10.3.1/../../../../arm-none-eabi/lib/thumb/v7-m/nofp/libc_nano.a
LOAD /Users/phamvanvu/Projects/Embedded/ARM-Toolchain/arm-toolchain/bin/../lib/gcc/arm-none-eabi/10.3.1/../../../../arm-none-eabi/lib/thumb/v7-m/nofp/libm.a
LOAD /Users/phamvanvu/Projects/Embedded/ARM-Toolchain/arm-toolchain/bin/../lib/gcc/arm-none-eabi/10.3.1/thumb/v7-m/nofp/libgcc.a
END GROUP
                0x0000000020005000                _estack = (ORIGIN (RAM) + LENGTH (RAM))

.isr_vector     0x0000000008000000      0x10c
 *(.isr_vector)
 .isr_vector    0x0000000008000000      0x10c build/os_test/obj/Startup/startup_stm32f10x_md.o
                0x0000000008000000                g_pfnVectors

.text           0x000000000800010c     0x3bef
 *(.text*)
 .text.startup.main
                0x000000000800010c       0x38 build/os_test/obj/main.o
                0x000000000800010c                main
 .text.log_event_mask
                0x0000000008000144       0x60 build/os_test/obj/app/App_Task.o
 .text.Task_EventBoot
                0x00000000080001a4       0x84 build/os_test/obj/app/App_Task.o
                0x00000000080001a4                Task_EventBoot
 .text.Task_EventConsumer
                0x0000000008000228       0xe4 build/os_test/obj/app/App_Task.o
                0x0000000008000228                Task_EventConsumer
 .text.Task_EventProducer
                0x000000000800030c       0xa8 build/os_test/obj/app/App_Task.o
                0x000000000800030c                Task_EventProducer
 .text.Task_Idle
                0x00000000080003b4        0x4 build/os_test/obj/app/App_Task.o
                0x00000000080003b4                Task_Idle
 .text.Evcu_OnEngineStatus
                0x00000000080003b8       0x60 build/os_test/obj/app/Evcu_App.o
                0x00000000080003b8                Evcu_OnEngineStatus
 .text.Evcu_GetState
                0x0000000008000418        0x8 build/os_test/obj/app/Evcu_App.o
                0x0000000008000418                Evcu_GetState
 .text.Evcu_SetSession
                0x0000000008000420        0xc build/os_test/obj/app/Evcu_App.o
                0x0000000008000420                Evcu_SetSession
 .text.Evcu_GetSession
                0x000000000800042c        0xc build/os_test/obj/app/Evcu_App.o
                0x000000000800042c                Evcu_GetSession
 .text.Evcu_ClearAllDtcs
                0x0000000008000438       0x24 build/os_test/obj/app/Evcu_App.o
                0x0000000008000438                Evcu_ClearAllDtcs
 .text.Evcu_GetActiveDtcCount
                0x000000000800045c       0x1c build/os_test/obj/app/Evcu_App.o
                0x000000000800045c                Evcu_GetActiveDtcCount
 .text.Evcu_CopyActiveDtcs
                0x0000000008000478       0x3c build/os_test/obj/app/Evcu_App.o
                0x0000000008000478                Evcu_CopyActiveDtcs
 .text.Evcu_ComOnRxPdu
                0x00000000080004b4       0x9c build/os_test/obj/app/Evcu_Com.o
                0x00000000080004b4                Evcu_ComOnRxPdu
 .text.prv_send.constprop.0
                0x0000000008000550       0x70 build/os_test/obj/app/Evcu_Dcm.o
 .text.Evcu_DcmProcessRequest
                0x00000000080005c0      0x4a4 build/os_test/obj/app/Evcu_Dcm.o
                0x00000000080005c0                Evcu_DcmProcessRequest
 .text.Evcu_LogInit
                0x0000000008000a64       0x68 build/os_test/obj/app/Evcu_Log.o
                0x0000000008000a64                Evcu_LogInit
 .text.Evcu_LogString
                0x0000000008000acc       0x3c build/os_test/obj/app/Evcu_Log.o
                0x0000000008000acc                Evcu_LogString
 .text.Evcu_LogLine
                0x0000000008000b08       0x84 build/os_test/obj/app/Evcu_Log.o
                0x0000000008000b08                Evcu_LogLine
 .text.Evcu_LogHex8
                0x0000000008000b8c       0x60 build/os_test/obj/app/Evcu_Log.o
                0x0000000008000b8c                Evcu_LogHex8
 .text.Evcu_LogU16
                0x0000000008000bec       0xc0 build/os_test/obj/app/Evcu_Log.o
                0x0000000008000bec                Evcu_LogU16
 .text.Can_Write
                0x0000000008000cac       0xc0 build/os_test/obj/autosar/can/Can.o
                0x0000000008000cac                Can_Write
 .text.USB_LP_CAN1_RX0_IRQHandler
                0x0000000008000d6c       0x3c build/os_test/obj/autosar/can/Can.o
                0x0000000008000d6c                USB_LP_CAN1_RX0_IRQHandler
 .text.CanIf_Transmit
                0x0000000008000da8       0x74 build/os_test/obj/autosar/canif/CanIf.o
                0x0000000008000da8                CanIf_Transmit
 .text.CanIf_RxIndication
                0x0000000008000e1c       0x54 build/os_test/obj/autosar/canif/CanIf.o
                0x0000000008000e1c                CanIf_RxIndication
 .text.CanTp_Transmit
                0x0000000008000e70       0xc8 build/os_test/obj/autosar/cantp/CanTp.o
                0x0000000008000e70                CanTp_Transmit
 .text.CanTp_RxIndication
                0x0000000008000f38      0x1d8 build/os_test/obj/autosar/cantp/CanTp.o
                0x0000000008000f38                CanTp_RxIndication
 .text.Com_ReceiveSignal
                0x0000000008001110      0x108 build/os_test/obj/autosar/com/Com.o
                0x0000000008001110                Com_ReceiveSignal
 .text.Com_RxIndication
                0x0000000008001218       0x5c build/os_test/obj/autosar/com/Com.o
                0x0000000008001218                Com_RxIndication
 .text.Dcm_StartOfReception
                0x0000000008001274       0x44 build/os_test/obj/autosar/dcm/Dcm.o
                0x0000000008001274                Dcm_StartOfReception
 .text.Dcm_CopyRxData
                0x00000000080012b8       0x5c build/os_test/obj/autosar/dcm/Dcm.o
                0x00000000080012b8                Dcm_CopyRxData
 .text.Dcm_TpRxIndication
                0x0000000008001314       0x38 build/os_test/obj/autosar/dcm/Dcm.o
                0x0000000008001314                Dcm_TpRxIndication
 .text.PduR_CanIfRxIndication
                0x000000000800134c       0x30 build/os_test/obj/autosar/pdur/PduR.o
                0x000000000800134c                PduR_CanIfRxIndication
 .text.PduR_CanTpRxIndication
                0x000000000800137c        0x4 build/os_test/obj/autosar/pdur/PduR.o
                0x000000000800137c                PduR_CanTpRxIndication
 .text.PduR_CanTpTxConfirmation
                0x0000000008001380        0x4 build/os_test/obj/autosar/pdur/PduR.o
                0x0000000008001380                PduR_CanTpTxConfirmation
 .text.PduR_CanTpStartOfReception
                0x0000000008001384        0x4 build/os_test/obj/autosar/pdur/PduR.o
                0x0000000008001384                PduR_CanTpStartOfReception
 .text.PduR_CanTpCopyRxData
                0x0000000008001388        0x4 build/os_test/obj/autosar/pdur/PduR.o
                0x0000000008001388                PduR_CanTpCopyRxData
 .text.os_ready_pop_highest
                0x000000000800138c       0x40 build/os_test/obj/OS/src/os_kernel.o
 .text.os_get_task_stack_ptr_for_switch
                0x00000000080013cc       0x28 build/os_test/obj/OS/src/os_kernel.o
                0x00000000080013cc                os_get_task_stack_ptr_for_switch
 .text.os_schedule
                0x00000000080013f4      0x164 build/os_test/obj/OS/src/os_kernel.o
                0x00000000080013f4                os_schedule
 .text.ActivateTask.part.0
                0x0000000008001558       0xac build/os_test/obj/OS/src/os_kernel.o
 .text.ActivateTask
                0x0000000008001604       0x18 build/os_test/obj/OS/src/os_kernel.o
                0x0000000008001604                ActivateTask
 .text.TerminateTask
                0x000000000800161c       0xb0 build/os_test/obj/OS/src/os_kernel.o
                0x000000000800161c                TerminateTask
 .text.WaitEvent
                0x00000000080016cc       0x4c build/os_test/obj/OS/src/os_kernel.o
                0x00000000080016cc                WaitEvent
 .text.SetEvent
                0x0000000008001718       0xc4 build/os_test/obj/OS/src/os_kernel.o
                0x0000000008001718                SetEvent
 .text.ClearEvent
                0x00000000080017dc       0x38 build/os_test/obj/OS/src/os_kernel.o
                0x00000000080017dc                ClearEvent
 .text.GetEvent
                0x0000000008001814       0x38 build/os_test/obj/OS/src/os_kernel.o
                0x0000000008001814                GetEvent
 .text.SetRelAlarm
                0x000000000800184c       0x84 build/os_test/obj/OS/src/os_kernel.o
                0x000000000800184c                SetRelAlarm
 .text.os_on_tick
                0x00000000080018d0       0x74 build/os_test/obj/OS/src/os_kernel.o
                0x00000000080018d0                os_on_tick
 .text.OS_Init  0x0000000008001944      0x270 build/os_test/obj/OS/src/os_kernel.o
                0x0000000008001944                OS_Init
 .text.OS_Start
                0x0000000008001bb4        0x4 build/os_test/obj/OS/src/os_kernel.o
                0x0000000008001bb4                OS_Start
 .text.OS_GetTickCount
                0x0000000008001bb8        0xc build/os_test/obj/OS/src/os_kernel.o
                0x0000000008001bb8                OS_GetTickCount
 .text.StartScheduleTableRel.part.0
                0x0000000008001bc4       0x7c build/os_test/obj/OS/src/os_sched_table.o
 .text.os_sched_table_fire_due_points.constprop.0
                0x0000000008001c40       0x3c build/os_test/obj/OS/src/os_sched_table.o
 .text.os_sched_table_finish_cycle.constprop.0
                0x0000000008001c7c       0x28 build/os_test/obj/OS/src/os_sched_table.o
 .text.os_sched_table_reset_all
                0x0000000008001ca4       0x14 build/os_test/obj/OS/src/os_sched_table.o
                0x0000000008001ca4                os_sched_table_reset_all
 .text.os_sched_table_autostart_all
                0x0000000008001cb8       0x20 build/os_test/obj/OS/src/os_sched_table.o
                0x0000000008001cb8                os_sched_table_autostart_all
 .text.os_sched_table_on_tick
                0x0000000008001cd8       0x3c build/os_test/obj/OS/src/os_sched_table.o
                0x0000000008001cd8                os_sched_table_on_tick
 .text.task_bootstrap_exit
                0x0000000008001d14        0x4 build/os_test/obj/OS/src/os_port.o
 .text.os_port_init
                0x0000000008001d18       0x4c build/os_test/obj/OS/src/os_port.o
                0x0000000008001d18                os_port_init
 .text.os_trigger_pendsv
                0x0000000008001d64       0x24 build/os_test/obj/OS/src/os_port.o
                0x0000000008001d64                os_trigger_pendsv
 .text.os_task_stack_init
                0x0000000008001d88       0x48 build/os_test/obj/OS/src/os_port.o
                0x0000000008001d88                os_task_stack_init
 .text._write   0x0000000008001dd0        0x4 build/os_test/obj/debug/semihost.o
                0x0000000008001dd0                _write
 .text._sbrk    0x0000000008001dd4       0x68 build/os_test/obj/debug/syscalls_min.o
                0x0000000008001dd4                _sbrk
 .text._close   0x0000000008001e3c       0x14 build/os_test/obj/debug/syscalls_min.o
                0x0000000008001e3c                _close
 .text._lseek   0x0000000008001e50       0x14 build/os_test/obj/debug/syscalls_min.o
                0x0000000008001e50                _lseek
 .text._read    0x0000000008001e64       0x14 build/os_test/obj/debug/syscalls_min.o
                0x0000000008001e64                _read
 .text._fstat   0x0000000008001e78        0xc build/os_test/obj/debug/syscalls_min.o
                0x0000000008001e78                _fstat
 .text._isatty  0x0000000008001e84        0x4 build/os_test/obj/debug/syscalls_min.o
                0x0000000008001e84                _isatty
 .text.CAN_Transmit
                0x0000000008001e88       0xb0 build/os_test/obj/SPL/src/stm32f10x_can.o
                0x0000000008001e88                CAN_Transmit
 .text.CAN_Receive
                0x0000000008001f38       0x9c build/os_test/obj/SPL/src/stm32f10x_can.o
                0x0000000008001f38                CAN_Receive
 .text.CAN_MessagePending
                0x0000000008001fd4       0x18 build/os_test/obj/SPL/src/stm32f10x_can.o
                0x0000000008001fd4                CAN_MessagePending
 .text.GPIO_Init
                0x0000000008001fec       0xc4 build/os_test/obj/SPL/src/stm32f10x_gpio.o
                0x0000000008001fec                GPIO_Init
 .text.RCC_GetClocksFreq
                0x00000000080020b0       0x90 build/os_test/obj/SPL/src/stm32f10x_rcc.o
                0x00000000080020b0                RCC_GetClocksFreq
 .text.RCC_APB2PeriphClockCmd
                0x0000000008002140       0x18 build/os_test/obj/SPL/src/stm32f10x_rcc.o
                0x0000000008002140                RCC_APB2PeriphClockCmd
 .text.USART_Init
                0x0000000008002158       0xb8 build/os_test/obj/SPL/src/stm32f10x_usart.o
                0x0000000008002158                USART_Init
 .text.USART_StructInit
                0x0000000008002210       0x14 build/os_test/obj/SPL/src/stm32f10x_usart.o
                0x0000000008002210                USART_StructInit
 .text.USART_Cmd
                0x0000000008002224       0x1c build/os_test/obj/SPL/src/stm32f10x_usart.o
                0x0000000008002224                USART_Cmd
 .text.USART_SendData
                0x0000000008002240        0x8 build/os_test/obj/SPL/src/stm32f10x_usart.o
                0x0000000008002240                USART_SendData
 .text.USART_GetFlagStatus
                0x0000000008002248        0xc build/os_test/obj/SPL/src/stm32f10x_usart.o
                0x0000000008002248                USART_GetFlagStatus
 .text.SystemInit
                0x0000000008002254      0x100 build/os_test/obj/SPL/src/system_stm32f10x.o
                0x0000000008002254                SystemInit
 .text.Reset_Handler
                0x0000000008002354       0x44 build/os_test/obj/Startup/startup_stm32f10x_md.o
                0x0000000008002354                Reset_Handler
 .text.Default_Handler
                0x0000000008002398        0x2 build/os_test/obj/Startup/startup_stm32f10x_md.o
                0x0000000008002398                USBWakeUp_IRQHandler
                0x0000000008002398                DebugMon_Handler
                0x0000000008002398                TIM1_CC_IRQHandler
                0x0000000008002398                HardFault_Handler
                0x0000000008002398                PVD_IRQHandler
                0x0000000008002398                NMI_Handler
                0x0000000008002398                EXTI3_IRQHandler
                0x0000000008002398                EXTI0_IRQHandler
                0x0000000008002398                I2C2_EV_IRQHandler
                0x0000000008002398                UsageFault_Handler
                0x0000000008002398                ADC1_2_IRQHandler
                0x0000000008002398                SPI1_IRQHandler
                0x0000000008002398                TAMPER_IRQHandler
                0x0000000008002398                DMA1_Channel4_IRQHandler
                0x0000000008002398                USART3_IRQHandler
                0x0000000008002398                RTC_IRQHandler
                0x0000000008002398                DMA1_Channel7_IRQHandler
                0x0000000008002398                CAN1_RX1_IRQHandler
                0x0000000008002398                TIM4_IRQHandler
                0x0000000008002398                I2C1_EV_IRQHandler
                0x0000000008002398                DMA1_Channel6_IRQHandler
                0x0000000008002398                TIM3_IRQHandler
                0x0000000008002398                RCC_IRQHandler
                0x0000000008002398                TIM1_TRG_COM_IRQHandler
                0x0000000008002398                DMA1_Channel1_IRQHandler
                0x0000000008002398                Default_Handler
                0x0000000008002398                EXTI15_10_IRQHandler
                0x0000000008002398                EXTI9_5_IRQHandler
                0x0000000008002398                SPI2_IRQHandler
                0x0000000008002398                MemManage_Handler
                0x0000000008002398                DMA1_Channel5_IRQHandler
                0x0000000008002398                EXTI4_IRQHandler
                0x0000000008002398                USB_HP_CAN1_TX_IRQHandler
                0x0000000008002398                DMA1_Channel3_IRQHandler
                0x0000000008002398                TIM1_UP_IRQHandler
                0x0000000008002398                WWDG_IRQHandler
                0x0000000008002398                TIM2_IRQHandler
                0x0000000008002398                TIM1_BRK_IRQHandler
                0x0000000008002398                EXTI1_IRQHandler
                0x0000000008002398                RTCAlarm_IRQHandler
                0x0000000008002398                USART2_IRQHandler
                0x0000000008002398                I2C2_ER_IRQHandler
                0x0000000008002398                DMA1_Channel2_IRQHandler
                0x0000000008002398                CAN1_SCE_IRQHandler
                0x0000000008002398                FLASH_IRQHandler
                0x0000000008002398                BusFault_Handler
                0x0000000008002398                USART1_IRQHandler
                0x0000000008002398                I2C1_ER_IRQHandler
                0x0000000008002398                EXTI2_IRQHandler
 *fill*         0x000000000800239a        0x2 
 .text          0x000000000800239c       0x74 build/os_test/obj/OS/src/os_port_asm.o
                0x000000000800239c                PendSV_Handler
                0x00000000080023dc                SysTick_Handler
                0x00000000080023e8                SVC_Handler
 .text.__errno  0x0000000008002410        0xc /Users/phamvanvu/Projects/Embedded/ARM-Toolchain/arm-toolchain/bin/../lib/gcc/arm-none-eabi/10.3.1/../../../../arm-none-eabi/lib/thumb/v7-m/nofp/libc_nano.a(lib_a-errno.o)
                0x0000000008002410                __errno
 .text.memcpy   0x000000000800241c       0x1c /Users/phamvanvu/Projects/Embedded/ARM-Toolchain/arm-toolchain/bin/../lib/gcc/arm-none-eabi/10.3.1/../../../../arm-none-eabi/lib/thumb/v7-m/nofp/libc_nano.a(lib_a-memcpy-stub.o)
                0x000000000800241c                memcpy
 .text.memset   0x0000000008002438       0x10 /Users/phamvanvu/Projects/Embedded/ARM-Toolchain/arm-toolchain/bin/../lib/gcc/arm-none-eabi/10.3.1/../../../../arm-none-eabi/lib/thumb/v7-m/nofp/libc_nano.a(lib_a-memset.o)
                0x0000000008002438                memset
 .text.printf   0x0000000008002448       0x30 /Users/phamvanvu/Projects/Embedded/ARM-Toolchain/arm-toolchain/bin/../lib/gcc/arm-none-eabi/10.3.1/../../../../arm-none-eabi/lib/thumb/v7-m/nofp/libc_nano.a(lib_a-printf.o)
                0x0000000008002448                printf
                0x0000000008002448                iprintf
 .text._puts_r  0x0000000008002478       0xdc /Users/phamvanvu/Projects/Embedded/ARM-Toolchain/arm-toolchain/bin/../lib/gcc/arm-none-eabi/10.3.1/../../../../arm-none-eabi/lib/thumb/v7-m/nofp/libc_nano.a(lib_a-puts.o)
                0x0000000008002478                _puts_r
 .text.puts     0x0000000008002554       0x10 /Users/phamvanvu/Projects/Embedded/ARM-Toolchain/arm-toolchain/bin/../lib/gcc/arm-none-eabi/10.3.1/../../../../arm-none-eabi/lib/thumb/v7-m/nofp/libc_nano.a(lib_a-puts.o)
                0x0000000008002554                puts
 .text.__swbuf_r
                0x0000000008002564       0xa4 /Users/phamvanvu/Projects/Embedded/ARM-Toolchain/arm-toolchain/bin/../lib/gcc/arm-none-eabi/10.3.1/../../../../arm-none-eabi/lib/thumb/v7-m/nofp/libc_nano.a(lib_a-wbuf.o)
                0x0000000008002564                __swbuf_r
 .text.__swsetup_r
                0x0000000008002608       0xdc /Users/phamvanvu/Projects/Embedded/ARM-Toolchain/arm-toolchain/bin/../lib/gcc/arm-none-eabi/10.3.1/../../../../arm-none-eabi/lib/thumb/v7-m/nofp/libc_nano.a(lib_a-wsetup.o)
                0x0000000008002608                __swsetup_r
 .text.__sflush_r
                0x00000000080026e4      0x104 /Users/phamvanvu/Projects/Embedded/ARM-Toolchain/arm-toolchain/bin/../lib/gcc/arm-none-eabi/10.3.1/../../../../arm-none-eabi/lib/thumb/v7-m/nofp/libc_nano.a(lib_a-fflush.o)
                0x00000000080026e4                __sflush_r
 .text._fflush_r
                0x00000000080027e8       0x78 /Users/phamvanvu/Projects/Embedded/ARM-Toolchain/arm-toolchain/bin/../lib/gcc/arm-none-eabi/10.3.1/../../../../arm-none-eabi/lib/thumb/v7-m/nofp/libc_nano.a(lib_a-fflush.o)
                0x00000000080027e8                _fflush_r
 .text.std      0x0000000008002860       0x48 /Users/phamvanvu/Projects/Embedded/ARM-Toolchain/arm-toolchain/bin/../lib/gcc/arm-none-eabi/10.3.1/../../../../arm-none-eabi/lib/thumb/v7-m/nofp/libc_nano.a(lib_a-findfp.o)
 .text._cleanup_r
                0x00000000080028a8        0xc /Users/phamvanvu/Projects/Embedded/ARM-Toolchain/arm-toolchain/bin/../lib/gcc/arm-none-eabi/10.3.1/../../../../arm-none-eabi/lib/thumb/v7-m/nofp/libc_nano.a(lib_a-findfp.o)
                0x00000000080028a8                _cleanup_r
 .text.__sfmoreglue
                0x00000000080028b4       0x2c /Users/phamvanvu/Projects/Embedded/ARM-Toolchain/arm-toolchain/bin/../lib/gcc/arm-none-eabi/10.3.1/../../../../arm-none-eabi/lib/thumb/v7-m/nofp/libc_nano.a(lib_a-findfp.o)
                0x00000000080028b4                __sfmoreglue
 .text.__sfp_lock_acquire
                0x00000000080028e0        0xc /Users/phamvanvu/Projects/Embedded/ARM-Toolchain/arm-toolchain/bin/../lib/gcc/arm-none-eabi/10.3.1/../../../../arm-none-eabi/lib/thumb/v7-m/nofp/libc_nano.a(lib_a-findfp.o)
                0x00000000080028e0                __sfp_lock_acquire
 .text.__sfp_lock_release
                0x00000000080028ec        0xc /Users/phamvanvu/Projects/Embedded/ARM-Toolchain/arm-toolchain/bin/../lib/gcc/arm-none-eabi/10.3.1/../../../../arm-none-eabi/lib/thumb/v7-m/nofp/libc_nano.a(lib_a-findfp.o)
                0x00000000080028ec                __sfp_lock_release
 .text.__sinit_lock_acquire
                0x00000000080028f8        0xc /Users/phamvanvu/Projects/Embedded/ARM-Toolchain/arm-toolchain/bin/../lib/gcc/arm-none-eabi/10.3.1/../../../../arm-none-eabi/lib/thumb/v7-m/nofp/libc_nano.a(lib_a-findfp.o)
                0x00000000080028f8                __sinit_lock_acquire
 .text.__sinit_lock_release
                0x0000000008002904        0xc /Users/phamvanvu/Projects/Embedded/ARM-Toolchain/arm-toolchain/bin/../lib/gcc/arm-none-eabi/10.3.1/../../../../arm-none-eabi/lib/thumb/v7-m/nofp/libc_nano.a(lib_a-findfp.o)
                0x0000000008002904                __sinit_lock_release
 .text.__sinit  0x0000000008002910       0x70 /Users/phamvanvu/Projects/Embedded/ARM-Toolchain/arm-toolchain/bin/../lib/gcc/arm-none-eabi/10.3.1/../../../../arm-none-eabi/lib/thumb/v7-m/nofp/libc_nano.a(lib_a-findfp.o)
                0x0000000008002910                __sinit
 .text.__sfp    0x0000000008002980       0x8c /Users/phamvanvu/Projects/Embedded/ARM-Toolchain/arm-toolchain/bin/../lib/gcc/arm-none-eabi/10.3.1/../../../../arm-none-eabi/lib/thumb/v7-m/nofp/libc_nano.a(lib_a-findfp.o)
                0x0000000008002980                __sfp
 .text._fwalk_reent
                0x0000000008002a0c       0x3e /Users/phamvanvu/Projects/Embedded/ARM-Toolchain/arm-toolchain/bin/../lib/gcc/arm-none-eabi/10.3.1/../../../../arm-none-eabi/lib/thumb/v7-m/nofp/libc_nano.a(lib_a-fwalk.o)
                0x0000000008002a0c                _fwalk_reent
 .text.__retarget_lock_init_recursive
                0x0000000008002a4a        0x2 /Users/phamvanvu/Projects/Embedded/ARM-Toolchain/arm-toolchain/bin/../lib/gcc/arm-none-eabi/10.3.1/../../../../arm-none-eabi/lib/thumb/v7-m/nofp/libc_nano.a(lib_a-lock.o)
                0x0000000008002a4a                __retarget_lock_init_recursive
 .text.__retarget_lock_acquire_recursive
                0x0000000008002a4c        0x2 /Users/phamvanvu/Projects/Embedded/ARM-Toolchain/arm-toolchain/bin/../lib/gcc/arm-none-eabi/10.3.1/../../../../arm-none-eabi/lib/thumb/v7-m/nofp/libc_nano.a(lib_a-lock.o)
                0x0000000008002a4c                __retarget_lock_acquire_recursive
 .text.__retarget_lock_release_recursive
                0x0000000008002a4e        0x2 /Users/phamvanvu/Projects/Embedded/ARM-Toolchain/arm-toolchain/bin/../lib/gcc/arm-none-eabi/10.3.1/../../../../arm-none-eabi/lib/thumb/v7-m/nofp/libc_nano.a(lib_a-lock.o)
                0x0000000008002a4e                __retarget_lock_release_recursive
 .text.__swhatbuf_r
                0x0000000008002a50       0x4a /Users/phamvanvu/Projects/Embedded/ARM-Toolchain/arm-toolchain/bin/../lib/gcc/arm-none-eabi/10.3.1/../../../../arm-none-eabi/lib/thumb/v7-m/nofp/libc_nano.a(lib_a-makebuf.o)
                0x0000000008002a50                __swhatbuf_r
 *fill*         0x0000000008002a9a        0x2 
 .text.__smakebuf_r
                0x0000000008002a9c       0x80 /Users/phamvanvu/Projects/Embedded/ARM-Toolchain/arm-toolchain/bin/../lib/gcc/arm-none-eabi/10.3.1/../../../../arm-none-eabi/lib/thumb/v7-m/nofp/libc_nano.a(lib_a-makebuf.o)
                0x0000000008002a9c                __smakebuf_r
 .text._free_r  0x0000000008002b1c       0x90 /Users/phamvanvu/Projects/Embedded/ARM-Toolchain/arm-toolchain/bin/../lib/gcc/arm-none-eabi/10.3.1/../../../../arm-none-eabi/lib/thumb/v7-m/nofp/libc_nano.a(lib_a-nano-freer.o)
                0x0000000008002b1c                _free_r
 .text.sbrk_aligned
                0x0000000008002bac       0x40 /Users/phamvanvu/Projects/Embedded/ARM-Toolchain/arm-toolchain/bin/../lib/gcc/arm-none-eabi/10.3.1/../../../../arm-none-eabi/lib/thumb/v7-m/nofp/libc_nano.a(lib_a-nano-mallocr.o)
 .text._malloc_r
                0x0000000008002bec       0xe8 /Users/phamvanvu/Projects/Embedded/ARM-Toolchain/arm-toolchain/bin/../lib/gcc/arm-none-eabi/10.3.1/../../../../arm-none-eabi/lib/thumb/v7-m/nofp/libc_nano.a(lib_a-nano-mallocr.o)
                0x0000000008002bec                _malloc_r
 .text.__sfputc_r
                0x0000000008002cd4       0x2a /Users/phamvanvu/Projects/Embedded/ARM-Toolchain/arm-toolchain/bin/../lib/gcc/arm-none-eabi/10.3.1/../../../../arm-none-eabi/lib/thumb/v7-m/nofp/libc_nano.a(lib_a-nano-vfprintf.o)
 .text.__sfputs_r
                0x0000000008002cfe       0x24 /Users/phamvanvu/Projects/Embedded/ARM-Toolchain/arm-toolchain/bin/../lib/gcc/arm-none-eabi/10.3.1/../../../../arm-none-eabi/lib/thumb/v7-m/nofp/libc_nano.a(lib_a-nano-vfprintf.o)
                0x0000000008002cfe                __sfputs_r
 *fill*         0x0000000008002d22        0x2 
 .text._vfprintf_r
                0x0000000008002d24      0x260 /Users/phamvanvu/Projects/Embedded/ARM-Toolchain/arm-toolchain/bin/../lib/gcc/arm-none-eabi/10.3.1/../../../../arm-none-eabi/lib/thumb/v7-m/nofp/libc_nano.a(lib_a-nano-vfprintf.o)
                0x0000000008002d24                _vfiprintf_r
                0x0000000008002d24                _vfprintf_r
 .text._printf_common
                0x0000000008002f84       0xde /Users/phamvanvu/Projects/Embedded/ARM-Toolchain/arm-toolchain/bin/../lib/gcc/arm-none-eabi/10.3.1/../../../../arm-none-eabi/lib/thumb/v7-m/nofp/libc_nano.a(lib_a-nano-vfprintf_i.o)
                0x0000000008002f84                _printf_common
 *fill*         0x0000000008003062        0x2 
 .text._printf_i
                0x0000000008003064      0x24c /Users/phamvanvu/Projects/Embedded/ARM-Toolchain/arm-toolchain/bin/../lib/gcc/arm-none-eabi/10.3.1/../../../../arm-none-eabi/lib/thumb/v7-m/nofp/libc_nano.a(lib_a-nano-vfprintf_i.o)
                0x0000000008003064                _printf_i
 .text._sbrk_r  0x00000000080032b0       0x20 /Users/phamvanvu/Projects/Embedded/ARM-Toolchain/arm-toolchain/bin/../lib/gcc/arm-none-eabi/10.3.1/../../../../arm-none-eabi/lib/thumb/v7-m/nofp/libc_nano.a(lib_a-sbrkr.o)
                0x00000000080032b0                _sbrk_r
 .text.__sread  0x00000000080032d0       0x22 /Users/phamvanvu/Projects/Embedded/ARM-Toolchain/arm-toolchain/bin/../lib/gcc/arm-none-eabi/10.3.1/../../../../arm-none-eabi/lib/thumb/v7-m/nofp/libc_nano.a(lib_a-stdio.o)
                0x00000000080032d0                __sread
 .text.__swrite
                0x00000000080032f2       0x38 /Users/phamvanvu/Projects/Embedded/ARM-Toolchain/arm-toolchain/bin/../lib/gcc/arm-none-eabi/10.3.1/../../../../arm-none-eabi/lib/thumb/v7-m/nofp/libc_nano.a(lib_a-stdio.o)
                0x00000000080032f2                __swrite
 .text.__sseek  0x000000000800332a       0x24 /Users/phamvanvu/Projects/Embedded/ARM-Toolchain/arm-toolchain/bin/../lib/gcc/arm-none-eabi/10.3.1/../../../../arm-none-eabi/lib/thumb/v7-m/nofp/libc_nano.a(lib_a-stdio.o)
                0x000000000800332a                __sseek
 .text.__sclose
                0x000000000800334e        0x8 /Users/phamvanvu/Projects/Embedded/ARM-Toolchain/arm-toolchain/bin/../lib/gcc/arm-none-eabi/10.3.1/../../../../arm-none-eabi/lib/thumb/v7-m/nofp/libc_nano.a(lib_a-stdio.o)
                0x000000000800334e                __sclose
 *fill*         0x0000000008003356        0x2 
 .text._write_r
                0x0000000008003358       0x24 /Users/phamvanvu/Projects/Embedded/ARM-Toolchain/arm-toolchain/bin/../lib/gcc/arm-none-eabi/10.3.1/../../../../arm-none-eabi/lib/thumb/v7-m/nofp/libc_nano.a(lib_a-writer.o)
                0x0000000008003358                _write_r
 .text._close_r
                0x000000000800337c       0x20 /Users/phamvanvu/Projects/Embedded/ARM-Toolchain/arm-toolchain/bin/../lib/gcc/arm-none-eabi/10.3.1/../../../../arm-none-eabi/lib/thumb/v7-m/nofp/libc_nano.a(lib_a-closer.o)
                0x000000000800337c                _close_r
 .text._fstat_r
                0x000000000800339c       0x24 /Users/phamvanvu/Projects/Embedded/ARM-Toolchain/arm-toolchain/bin/../lib/gcc/arm-none-eabi/10.3.1/../../../../arm-none-eabi/lib/thumb/v7-m/nofp/libc_nano.a(lib_a-fstatr.o)
                0x000000000800339c                _fstat_r
 .text._isatty_r
                0x00000000080033c0       0x20 /Users/phamvanvu/Projects/Embedded/ARM-Toolchain/arm-toolchain/bin/../lib/gcc/arm-none-eabi/10.3.1/../../../../arm-none-eabi/lib/thumb/v7-m/nofp/libc_nano.a(lib_a-isattyr.o)
                0x00000000080033c0                _isatty_r
 .text._lseek_r
                0x00000000080033e0       0x24 /Users/phamvanvu/Projects/Embedded/ARM-Toolchain/arm-toolchain/bin/../lib/gcc/arm-none-eabi/10.3.1/../../../../arm-none-eabi/lib/thumb/v7-m/nofp/libc_nano.a(lib_a-lseekr.o)
                0x00000000080033e0                _lseek_r
 .text.memchr   0x0000000008003404       0x1c /Users/phamvanvu/Projects/Embedded/ARM-Toolchain/arm-toolchain/bin/../lib/gcc/arm-none-eabi/10.3.1/../../../../arm-none-eabi/lib/thumb/v7-m/nofp/libc_nano.a(lib_a-memchr-stub.o)
                0x0000000008003404                memchr
 .text.__malloc_lock
                0x0000000008003420        0xc /Users/phamvanvu/Projects/Embedded/ARM-Toolchain/arm-toolchain/bin/../lib/gcc/arm-none-eabi/10.3.1/../../../../arm-none-eabi/lib/thumb/v7-m/nofp/libc_nano.a(lib_a-mlock.o)
                0x0000000008003420                __malloc_lock
 .text.__malloc_unlock
                0x000000000800342c        0xc /Users/phamvanvu/Projects/Embedded/ARM-Toolchain/arm-toolchain/bin/../lib/gcc/arm-none-eabi/10.3.1/../../../../arm-none-eabi/lib/thumb/v7-m/nofp/libc_nano.a(lib_a-mlock.o)
                0x000000000800342c                __malloc_unlock
 .text._read_r  0x0000000008003438       0x24 /Users/phamvanvu/Projects/Embedded/ARM-Toolchain/arm-toolchain/bin/../lib/gcc/arm-none-eabi/10.3.1/../../../../arm-none-eabi/lib/thumb/v7-m/nofp/libc_nano.a(lib_a-readr.o)
                0x0000000008003438                _read_r
 .text          0x000000000800345c       0x30 /Users/phamvanvu/Projects/Embedded/ARM-Toolchain/arm-toolchain/bin/../lib/gcc/arm-none-eabi/10.3.1/thumb/v7-m/nofp/libgcc.a(_aeabi_uldivmod.o)
                0x000000000800345c                __aeabi_uldivmod
 .text          0x000000000800348c      0x2d4 /Users/phamvanvu/Projects/Embedded/ARM-Toolchain/arm-toolchain/bin/../lib/gcc/arm-none-eabi/10.3.1/thumb/v7-m/nofp/libgcc.a(_udivmoddi4.o)
                0x000000000800348c                __udivmoddi4
 .text          0x0000000008003760        0x4 /Users/phamvanvu/Projects/Embedded/ARM-Toolchain/arm-toolchain/bin/../lib/gcc/arm-none-eabi/10.3.1/thumb/v7-m/nofp/libgcc.a(_dvmd_tls.o)
                0x0000000008003760                __aeabi_ldiv0
                0x0000000008003760                __aeabi_idiv0
 *(.rodata*)
 .rodata.main.str1.4
                0x0000000008003764       0x3d build/os_test/obj/main.o
 *fill*         0x00000000080037a1        0x3 
 .rodata.str1.4
                0x00000000080037a4       0x6a build/os_test/obj/Config/os_app_cfg.o
 *fill*         0x000000000800380e        0x2 
 .rodata.g_os_alarm_cfg
                0x0000000008003810       0x18 build/os_test/obj/Config/os_app_cfg.o
                0x0000000008003810                g_os_alarm_cfg
 .rodata.g_os_schedule_table_cfg
                0x0000000008003828       0x1c build/os_test/obj/Config/os_app_cfg.o
                0x0000000008003828                g_os_schedule_table_cfg
 .rodata.g_os_task_cfg
                0x0000000008003844       0x60 build/os_test/obj/Config/os_app_cfg.o
                0x0000000008003844                g_os_task_cfg
 .rodata.log_event_mask.str1.4
                0x00000000080038a4        0xb build/os_test/obj/app/App_Task.o
                                          0xf (size before relaxing)
 *fill*         0x00000000080038af        0x1 
 .rodata.Task_EventBoot.str1.4
                0x00000000080038b0       0x89 build/os_test/obj/app/App_Task.o
 *fill*         0x0000000008003939        0x3 
 .rodata.Task_EventConsumer.str1.4
                0x000000000800393c      0x117 build/os_test/obj/app/App_Task.o
 *fill*         0x0000000008003a53        0x1 
 .rodata.Task_EventProducer.str1.4
                0x0000000008003a54       0x95 build/os_test/obj/app/App_Task.o
 *fill*         0x0000000008003ae9        0x3 
 .rodata.prv_set_dtc.constprop.0.str1.4
                0x0000000008003aec       0x13 build/os_test/obj/app/Evcu_App.o
                                         0x17 (size before relaxing)
 *fill*         0x0000000008003aff        0x1 
 .rodata.Evcu_OnEngineStatus.str1.4
                0x0000000008003b00       0x34 build/os_test/obj/app/Evcu_App.o
 .rodata.Evcu_ClearAllDtcs.str1.4
                0x0000000008003b34       0x16 build/os_test/obj/app/Evcu_App.o
 *fill*         0x0000000008003b4a        0x2 
 .rodata.prv_send.constprop.0.str1.4
                0x0000000008003b4c       0x14 build/os_test/obj/app/Evcu_Dcm.o
                                         0x17 (size before relaxing)
 .rodata.Evcu_DcmProcessRequest.str1.4
                0x0000000008003b60       0x1e build/os_test/obj/app/Evcu_Dcm.o
 *fill*         0x0000000008003b7e        0x2 
 .rodata.sw.0   0x0000000008003b80        0x8 build/os_test/obj/app/Evcu_Dcm.o
 .rodata.vin.1  0x0000000008003b88       0x11 build/os_test/obj/app/Evcu_Dcm.o
 .rodata.Evcu_LogLine.str1.4
                0x0000000008003b99        0x3 build/os_test/obj/app/Evcu_Log.o
 *fill*         0x0000000008003b99        0x3 
 .rodata.hex.0  0x0000000008003b9c       0x11 build/os_test/obj/app/Evcu_Log.o
 *fill*         0x0000000008003bad        0x3 
 .rodata.Dcm_TpRxIndication.str1.4
                0x0000000008003bb0        0xf build/os_test/obj/autosar/dcm/Dcm.o
 *fill*         0x0000000008003bbf        0x1 
 .rodata.CanIf_TxPduCfg
                0x0000000008003bc0       0x24 build/os_test/obj/config/CanIf_Cfg.o
                0x0000000008003bc0                CanIf_TxPduCfg
 .rodata.CanTp_RxSduCfg
                0x0000000008003be4        0xe build/os_test/obj/config/CanTp_Cfg.o
                0x0000000008003be4                CanTp_RxSduCfg
 *fill*         0x0000000008003bf2        0x2 
 .rodata.CanTp_TxSduCfg
                0x0000000008003bf4        0xc build/os_test/obj/config/CanTp_Cfg.o
                0x0000000008003bf4                CanTp_TxSduCfg
 .rodata.Com_IPduCfg
                0x0000000008003c00        0xc build/os_test/obj/config/Com_Cfg.o
                0x0000000008003c00                Com_IPduCfg
 .rodata.Com_SignalCfg
                0x0000000008003c0c       0x58 build/os_test/obj/config/Com_Cfg.o
                0x0000000008003c0c                Com_SignalCfg
 .rodata._global_impure_ptr
                0x0000000008003c64        0x4 /Users/phamvanvu/Projects/Embedded/ARM-Toolchain/arm-toolchain/bin/../lib/gcc/arm-none-eabi/10.3.1/../../../../arm-none-eabi/lib/thumb/v7-m/nofp/libc_nano.a(lib_a-impure.o)
                0x0000000008003c64                _global_impure_ptr
 .rodata.__sf_fake_stderr
                0x0000000008003c68       0x20 /Users/phamvanvu/Projects/Embedded/ARM-Toolchain/arm-toolchain/bin/../lib/gcc/arm-none-eabi/10.3.1/../../../../arm-none-eabi/lib/thumb/v7-m/nofp/libc_nano.a(lib_a-findfp.o)
                0x0000000008003c68                __sf_fake_stderr
 .rodata.__sf_fake_stdin
                0x0000000008003c88       0x20 /Users/phamvanvu/Projects/Embedded/ARM-Toolchain/arm-toolchain/bin/../lib/gcc/arm-none-eabi/10.3.1/../../../../arm-none-eabi/lib/thumb/v7-m/nofp/libc_nano.a(lib_a-findfp.o)
                0x0000000008003c88                __sf_fake_stdin
 .rodata.__sf_fake_stdout
                0x0000000008003ca8       0x20 /Users/phamvanvu/Projects/Embedded/ARM-Toolchain/arm-toolchain/bin/../lib/gcc/arm-none-eabi/10.3.1/../../../../arm-none-eabi/lib/thumb/v7-m/nofp/libc_nano.a(lib_a-findfp.o)
                0x0000000008003ca8                __sf_fake_stdout
 .rodata._vfprintf_r.str1.1
                0x0000000008003cc8       0x11 /Users/phamvanvu/Projects/Embedded/ARM-Toolchain/arm-toolchain/bin/../lib/gcc/arm-none-eabi/10.3.1/../../../../arm-none-eabi/lib/thumb/v7-m/nofp/libc_nano.a(lib_a-nano-vfprintf.o)
 .rodata._printf_i.str1.1
                0x0000000008003cd9       0x22 /Users/phamvanvu/Projects/Embedded/ARM-Toolchain/arm-toolchain/bin/../lib/gcc/arm-none-eabi/10.3.1/../../../../arm-none-eabi/lib/thumb/v7-m/nofp/libc_nano.a(lib_a-nano-vfprintf_i.o)

.glue_7         0x0000000008003cfc        0x0
 .glue_7        0x0000000008003cfc        0x0 linker stubs

.glue_7t        0x0000000008003cfc        0x0
 .glue_7t       0x0000000008003cfc        0x0 linker stubs

.vfp11_veneer   0x0000000008003cfc        0x0
 .vfp11_veneer  0x0000000008003cfc        0x0 linker stubs

.v4_bx          0x0000000008003cfc        0x0
 .v4_bx         0x0000000008003cfc        0x0 linker stubs

.iplt           0x0000000008003cfc        0x0
 .iplt          0x0000000008003cfc        0x0 build/os_test/obj/main.o

.ARM.extab
 *(.ARM.extab*)
 *(.gnu.linkonce.armextab.*)

.ARM.exidx      0x0000000008003cfc        0x8
                0x0000000008003cfc                __exidx_start = .
 *(.ARM.exidx*)
 .ARM.exidx     0x0000000008003cfc        0x8 /Users/phamvanvu/Projects/Embedded/ARM-Toolchain/arm-toolchain/bin/../lib/gcc/arm-none-eabi/10.3.1/thumb/v7-m/nofp/libgcc.a(_udivmoddi4.o)
 *(.gnu.linkonce.armexidx.*)
                0x0000000008003d04                __exidx_end = .
                0x0000000008003d04                _etext = .

.rel.dyn        0x0000000008003d04        0x0
 .rel.iplt      0x0000000008003d04        0x0 build/os_test/obj/main.o

.data           0x0000000020000000       0x80 load address 0x0000000008003d04
                0x0000000008003d04                _sidata = LOADADDR (.data)
                0x0000000020000000                _sdata = .
 *(.data*)
 .data.g_idle_task_id
                0x0000000020000000        0x1 build/os_test/obj/OS/src/os_kernel.o
 *fill*         0x0000000020000001        0x3 
 .data.ADCPrescTable
                0x0000000020000004        0x4 build/os_test/obj/SPL/src/stm32f10x_rcc.o
 .data.APBAHBPrescTable
                0x0000000020000008       0x10 build/os_test/obj/SPL/src/stm32f10x_rcc.o
 .data.SystemCoreClock
                0x0000000020000018        0x4 build/os_test/obj/SPL/src/system_stm32f10x.o
                0x0000000020000018                SystemCoreClock
 .data._impure_ptr
                0x000000002000001c        0x4 /Users/phamvanvu/Projects/Embedded/ARM-Toolchain/arm-toolchain/bin/../lib/gcc/arm-none-eabi/10.3.1/../../../../arm-none-eabi/lib/thumb/v7-m/nofp/libc_nano.a(lib_a-impure.o)
                0x000000002000001c                _impure_ptr
 .data.impure_data
                0x0000000020000020       0x60 /Users/phamvanvu/Projects/Embedded/ARM-Toolchain/arm-toolchain/bin/../lib/gcc/arm-none-eabi/10.3.1/../../../../arm-none-eabi/lib/thumb/v7-m/nofp/libc_nano.a(lib_a-impure.o)
                0x0000000020000080                _edata = .

.igot.plt       0x0000000020000080        0x0 load address 0x0000000008003d84
 .igot.plt      0x0000000020000080        0x0 build/os_test/obj/main.o

.bss            0x0000000020000080     0x1000 load address 0x0000000008003d84
                0x0000000020000080                _sbss = .
 *(.bss*)
 .bss.s_evcu    0x0000000020000080       0x40 build/os_test/obj/app/Evcu_App.o
 .bss.s_tx      0x00000000200000c0       0x40 build/os_test/obj/app/Evcu_Dcm.o
 .bss.s_log_ready
                0x0000000020000100        0x1 build/os_test/obj/app/Evcu_Log.o
 *fill*         0x0000000020000101        0x3 
 .bss.Evcu_TestLastUdsResponse
                0x0000000020000104       0x40 build/os_test/obj/app/Evcu_Test.o
                0x0000000020000104                Evcu_TestLastUdsResponse
 .bss.Evcu_TestLastUdsResponseLen
                0x0000000020000144        0x2 build/os_test/obj/app/Evcu_Test.o
                0x0000000020000144                Evcu_TestLastUdsResponseLen
 .bss.s_inited  0x0000000020000146        0x1 build/os_test/obj/autosar/can/Can.o
 *fill*         0x0000000020000147        0x1 
 .bss.s_swPduHandle
                0x0000000020000148        0xa build/os_test/obj/autosar/can/Can.o
 *fill*         0x0000000020000152        0x2 
 .bss.s_txMailbox
                0x0000000020000154        0x5 build/os_test/obj/autosar/can/Can.o
 *fill*         0x0000000020000159        0x3 
 .bss.s_txPending
                0x000000002000015c        0x5 build/os_test/obj/autosar/can/Can.o
 *fill*         0x0000000020000161        0x3 
 .bss.CanIf_LastRxIds
                0x0000000020000164       0x28 build/os_test/obj/autosar/canif/CanIf.o
                0x0000000020000164                CanIf_LastRxIds
 .bss.CanIf_RxIdIndex
                0x000000002000018c        0x4 build/os_test/obj/autosar/canif/CanIf.o
                0x000000002000018c                CanIf_RxIdIndex
 .bss.CanTp_Initialized
                0x0000000020000190        0x1 build/os_test/obj/autosar/cantp/CanTp.o
                0x0000000020000190                CanTp_Initialized
 *fill*         0x0000000020000191        0x3 
 .bss.CanTp_RxDoneCount
                0x0000000020000194        0x4 build/os_test/obj/autosar/cantp/CanTp.o
                0x0000000020000194                CanTp_RxDoneCount
 .bss.CanTp_RxIndicationCount
                0x0000000020000198        0x4 build/os_test/obj/autosar/cantp/CanTp.o
                0x0000000020000198                CanTp_RxIndicationCount
 .bss.RxState   0x000000002000019c       0x50 build/os_test/obj/autosar/cantp/CanTp.o
 .bss.TxState   0x00000000200001ec       0x58 build/os_test/obj/autosar/cantp/CanTp.o
 .bss.Com_IpduBuf
                0x0000000020000244       0x10 build/os_test/obj/autosar/com/Com.o
 .bss.Dcm_IsReceiving
                0x0000000020000254        0x1 build/os_test/obj/autosar/dcm/Dcm.o
 *fill*         0x0000000020000255        0x3 
 .bss.Dcm_RxBuffer
                0x0000000020000258      0x100 build/os_test/obj/autosar/dcm/Dcm.o
 .bss.Dcm_RxLength
                0x0000000020000358        0x2 build/os_test/obj/autosar/dcm/Dcm.o
 *fill*         0x000000002000035a        0x2 
 .bss.s_Cfg     0x000000002000035c        0x4 build/os_test/obj/autosar/pdur/PduR.o
 .bss.s_RoutingEnabled
                0x0000000020000360        0x1 build/os_test/obj/autosar/pdur/PduR.o
 .bss.s_State   0x0000000020000361        0x1 build/os_test/obj/autosar/pdur/PduR.o
 .bss.CanIf_Initialized
                0x0000000020000362        0x1 build/os_test/obj/config/CanIf_Cfg.o
                0x0000000020000362                CanIf_Initialized
 *fill*         0x0000000020000363        0x1 
 .bss.alarm_tbl
                0x0000000020000364       0x10 build/os_test/obj/OS/src/os_kernel.o
 .bss.g_current
                0x0000000020000374        0x4 build/os_test/obj/OS/src/os_kernel.o
                0x0000000020000374                g_current
 .bss.g_interrupt_nesting
                0x0000000020000378        0x1 build/os_test/obj/OS/src/os_kernel.o
                0x0000000020000378                g_interrupt_nesting
 *fill*         0x0000000020000379        0x3 
 .bss.g_next    0x000000002000037c        0x4 build/os_test/obj/OS/src/os_kernel.o
                0x000000002000037c                g_next
 .bss.g_task_stack_storage
                0x0000000020000380      0xc00 build/os_test/obj/OS/src/os_kernel.o
 .bss.g_tick_count
                0x0000000020000f80        0x4 build/os_test/obj/OS/src/os_kernel.o
                0x0000000020000f80                g_tick_count
 .bss.ready_queues
                0x0000000020000f84       0x23 build/os_test/obj/OS/src/os_kernel.o
 *fill*         0x0000000020000fa7        0x1 
 .bss.task_queued
                0x0000000020000fa8        0x4 build/os_test/obj/OS/src/os_kernel.o
 .bss.tcb       0x0000000020000fac       0xb0 build/os_test/obj/OS/src/os_kernel.o
 .bss.g_sched_table_rt
                0x000000002000105c       0x10 build/os_test/obj/OS/src/os_sched_table.o
 .bss.heap_end  0x000000002000106c        0x4 build/os_test/obj/debug/syscalls_min.o
 .bss.__lock___malloc_recursive_mutex
                0x0000000020001070        0x1 /Users/phamvanvu/Projects/Embedded/ARM-Toolchain/arm-toolchain/bin/../lib/gcc/arm-none-eabi/10.3.1/../../../../arm-none-eabi/lib/thumb/v7-m/nofp/libc_nano.a(lib_a-lock.o)
                0x0000000020001070                __lock___malloc_recursive_mutex
 .bss.__lock___sfp_recursive_mutex
                0x0000000020001071        0x1 /Users/phamvanvu/Projects/Embedded/ARM-Toolchain/arm-toolchain/bin/../lib/gcc/arm-none-eabi/10.3.1/../../../../arm-none-eabi/lib/thumb/v7-m/nofp/libc_nano.a(lib_a-lock.o)
                0x0000000020001071                __lock___sfp_recursive_mutex
 .bss.__lock___sinit_recursive_mutex
                0x0000000020001072        0x1 /Users/phamvanvu/Projects/Embedded/ARM-Toolchain/arm-toolchain/bin/../lib/gcc/arm-none-eabi/10.3.1/../../../../arm-none-eabi/lib/thumb/v7-m/nofp/libc_nano.a(lib_a-lock.o)
                0x0000000020001072                __lock___sinit_recursive_mutex
 *fill*         0x0000000020001073        0x1 
 .bss.__malloc_free_list
                0x0000000020001074        0x4 /Users/phamvanvu/Projects/Embedded/ARM-Toolchain/arm-toolchain/bin/../lib/gcc/arm-none-eabi/10.3.1/../../../../arm-none-eabi/lib/thumb/v7-m/nofp/libc_nano.a(lib_a-nano-mallocr.o)
                0x0000000020001074                __malloc_free_list
 .bss.__malloc_sbrk_start
                0x0000000020001078        0x4 /Users/phamvanvu/Projects/Embedded/ARM-Toolchain/arm-toolchain/bin/../lib/gcc/arm-none-eabi/10.3.1/../../../../arm-none-eabi/lib/thumb/v7-m/nofp/libc_nano.a(lib_a-nano-mallocr.o)
                0x0000000020001078                __malloc_sbrk_start
 .bss.errno     0x000000002000107c        0x4 /Users/phamvanvu/Projects/Embedded/ARM-Toolchain/arm-toolchain/bin/../lib/gcc/arm-none-eabi/10.3.1/../../../../arm-none-eabi/lib/thumb/v7-m/nofp/libc_nano.a(lib_a-reent.o)
                0x000000002000107c                errno
 *(COMMON)
                0x0000000020001080                _ebss = .

/DISCARD/
 *(.note*)
 *(.comment*)
OUTPUT(build/os_test/os_test.elf elf32-littlearm)
LOAD linker stubs

.ARM.attributes
                0x0000000000000000       0x2b
 .ARM.attributes
                0x0000000000000000       0x2d build/os_test/obj/main.o
 .ARM.attributes
                0x000000000000002d       0x2d build/os_test/obj/Config/os_app_cfg.o
 .ARM.attributes
                0x000000000000005a       0x2d build/os_test/obj/app/App_Task.o
 .ARM.attributes
                0x0000000000000087       0x2d build/os_test/obj/app/Evcu_App.o
 .ARM.attributes
                0x00000000000000b4       0x2d build/os_test/obj/app/Evcu_Com.o
 .ARM.attributes
                0x00000000000000e1       0x2d build/os_test/obj/app/Evcu_Dcm.o
 .ARM.attributes
                0x000000000000010e       0x2d build/os_test/obj/app/Evcu_Log.o
 .ARM.attributes
                0x000000000000013b       0x2d build/os_test/obj/app/Evcu_Test.o
 .ARM.attributes
                0x0000000000000168       0x2d build/os_test/obj/autosar/can/Can.o
 .ARM.attributes
                0x0000000000000195       0x2d build/os_test/obj/autosar/canif/CanIf.o
 .ARM.attributes
                0x00000000000001c2       0x2d build/os_test/obj/autosar/cantp/CanTp.o
 .ARM.attributes
                0x00000000000001ef       0x2d build/os_test/obj/autosar/com/Com.o
 .ARM.attributes
                0x000000000000021c       0x2d build/os_test/obj/autosar/dcm/Dcm.o
 .ARM.attributes
                0x0000000000000249       0x2d build/os_test/obj/autosar/pdur/PduR.o
 .ARM.attributes
                0x0000000000000276       0x2d build/os_test/obj/config/CanIf_Cfg.o
 .ARM.attributes
                0x00000000000002a3       0x2d build/os_test/obj/config/CanTp_Cfg.o
 .ARM.attributes
                0x00000000000002d0       0x2d build/os_test/obj/config/Com_Cfg.o
 .ARM.attributes
                0x00000000000002fd       0x2d build/os_test/obj/OS/src/os_kernel.o
 .ARM.attributes
                0x000000000000032a       0x2d build/os_test/obj/OS/src/os_sched_table.o
 .ARM.attributes
                0x0000000000000357       0x2d build/os_test/obj/OS/src/os_port.o
 .ARM.attributes
                0x0000000000000384       0x2d build/os_test/obj/debug/semihost.o
 .ARM.attributes
                0x00000000000003b1       0x2d build/os_test/obj/debug/syscalls_min.o
 .ARM.attributes
                0x00000000000003de       0x2d build/os_test/obj/SPL/src/stm32f10x_can.o
 .ARM.attributes
                0x000000000000040b       0x2d build/os_test/obj/SPL/src/stm32f10x_gpio.o
 .ARM.attributes
                0x0000000000000438       0x2d build/os_test/obj/SPL/src/stm32f10x_rcc.o
 .ARM.attributes
                0x0000000000000465       0x2d build/os_test/obj/SPL/src/stm32f10x_usart.o
 .ARM.attributes
                0x0000000000000492       0x2d build/os_test/obj/SPL/src/system_stm32f10x.o
 .ARM.attributes
                0x00000000000004bf       0x21 build/os_test/obj/Startup/startup_stm32f10x_md.o
 .ARM.attributes
                0x00000000000004e0       0x21 build/os_test/obj/OS/src/os_port_asm.o
 .ARM.attributes
                0x0000000000000501       0x2d /Users/phamvanvu/Projects/Embedded/ARM-Toolchain/arm-toolchain/bin/../lib/gcc/arm-none-eabi/10.3.1/../../../../arm-none-eabi/lib/thumb/v7-m/nofp/libc_nano.a(lib_a-errno.o)
 .ARM.attributes
                0x000000000000052e       0x2d /Users/phamvanvu/Projects/Embedded/ARM-Toolchain/arm-toolchain/bin/../lib/gcc/arm-none-eabi/10.3.1/../../../../arm-none-eabi/lib/thumb/v7-m/nofp/libc_nano.a(lib_a-impure.o)
 .ARM.attributes
                0x000000000000055b       0x2d /Users/phamvanvu/Projects/Embedded/ARM-Toolchain/arm-toolchain/bin/../lib/gcc/arm-none-eabi/10.3.1/../../../../arm-none-eabi/lib/thumb/v7-m/nofp/libc_nano.a(lib_a-memcpy-stub.o)
 .ARM.attributes
                0x0000000000000588       0x2d /Users/phamvanvu/Projects/Embedded/ARM-Toolchain/arm-toolchain/bin/../lib/gcc/arm-none-eabi/10.3.1/../../../../arm-none-eabi/lib/thumb/v7-m/nofp/libc_nano.a(lib_a-memset.o)
 .ARM.attributes
                0x00000000000005b5       0x2d /Users/phamvanvu/Projects/Embedded/ARM-Toolchain/arm-toolchain/bin/../lib/gcc/arm-none-eabi/10.3.1/../../../../arm-none-eabi/lib/thumb/v7-m/nofp/libc_nano.a(lib_a-printf.o)
 .ARM.attributes
                0x00000000000005e2       0x2d /Users/phamvanvu/Projects/Embedded/ARM-Toolchain/arm-toolchain/bin/../lib/gcc/arm-none-eabi/10.3.1/../../../../arm-none-eabi/lib/thumb/v7-m/nofp/libc_nano.a(lib_a-puts.o)
 .ARM.attributes
                0x000000000000060f       0x2d /Users/phamvanvu/Projects/Embedded/ARM-Toolchain/arm-toolchain/bin/../lib/gcc/arm-none-eabi/10.3.1/../../../../arm-none-eabi/lib/thumb/v7-m/nofp/libc_nano.a(lib_a-wbuf.o)
 .ARM.attributes
                0x000000000000063c       0x2d /Users/phamvanvu/Projects/Embedded/ARM-Toolchain/arm-toolchain/bin/../lib/gcc/arm-none-eabi/10.3.1/../../../../arm-none-eabi/lib/thumb/v7-m/nofp/libc_nano.a(lib_a-wsetup.o)
 .ARM.attributes
                0x0000000000000669       0x2d /Users/phamvanvu/Projects/Embedded/ARM-Toolchain/arm-toolchain/bin/../lib/gcc/arm-none-eabi/10.3.1/../../../../arm-none-eabi/lib/thumb/v7-m/nofp/libc_nano.a(lib_a-fflush.o)
 .ARM.attributes
                0x0000000000000696       0x2d /Users/phamvanvu/Projects/Embedded/ARM-Toolchain/arm-toolchain/bin/../lib/gcc/arm-none-eabi/10.3.1/../../../../arm-none-eabi/lib/thumb/v7-m/nofp/libc_nano.a(lib_a-findfp.o)
 .ARM.attributes
                0x00000000000006c3       0x2d /Users/phamvanvu/Projects/Embedded/ARM-Toolchain/arm-toolchain/bin/../lib/gcc/arm-none-eabi/10.3.1/../../../../arm-none-eabi/lib/thumb/v7-m/nofp/libc_nano.a(lib_a-fwalk.o)
 .ARM.attributes
                0x00000000000006f0       0x2d /Users/phamvanvu/Projects/Embedded/ARM-Toolchain/arm-toolchain/bin/../lib/gcc/arm-none-eabi/10.3.1/../../../../arm-none-eabi/lib/thumb/v7-m/nofp/libc_nano.a(lib_a-lock.o)
 .ARM.attributes
                0x000000000000071d       0x2d /Users/phamvanvu/Projects/Embedded/ARM-Toolchain/arm-toolchain/bin/../lib/gcc/arm-none-eabi/10.3.1/../../../../arm-none-eabi/lib/thumb/v7-m/nofp/libc_nano.a(lib_a-makebuf.o)
 .ARM.attributes
                0x000000000000074a       0x2d /Users/phamvanvu/Projects/Embedded/ARM-Toolchain/arm-toolchain/bin/../lib/gcc/arm-none-eabi/10.3.1/../../../../arm-none-eabi/lib/thumb/v7-m/nofp/libc_nano.a(lib_a-nano-freer.o)
 .ARM.attributes
                0x0000000000000777       0x2d /Users/phamvanvu/Projects/Embedded/ARM-Toolchain/arm-toolchain/bin/../lib/gcc/arm-none-eabi/10.3.1/../../../../arm-none-eabi/lib/thumb/v7-m/nofp/libc_nano.a(lib_a-nano-mallocr.o)
 .ARM.attributes
                0x00000000000007a4       0x2d /Users/phamvanvu/Projects/Embedded/ARM-Toolchain/arm-toolchain/bin/../lib/gcc/arm-none-eabi/10.3.1/../../../../arm-none-eabi/lib/thumb/v7-m/nofp/libc_nano.a(lib_a-nano-vfprintf.o)
 .ARM.attributes
                0x00000000000007d1       0x2d /Users/phamvanvu/Projects/Embedded/ARM-Toolchain/arm-toolchain/bin/../lib/gcc/arm-none-eabi/10.3.1/../../../../arm-none-eabi/lib/thumb/v7-m/nofp/libc_nano.a(lib_a-nano-vfprintf_i.o)
 .ARM.attributes
                0x00000000000007fe       0x2d /Users/phamvanvu/Projects/Embedded/ARM-Toolchain/arm-toolchain/bin/../lib/gcc/arm-none-eabi/10.3.1/../../../../arm-none-eabi/lib/thumb/v7-m/nofp/libc_nano.a(lib_a-sbrkr.o)
 .ARM.attributes
                0x000000000000082b       0x2d /Users/phamvanvu/Projects/Embedded/ARM-Toolchain/arm-toolchain/bin/../lib/gcc/arm-none-eabi/10.3.1/../../../../arm-none-eabi/lib/thumb/v7-m/nofp/libc_nano.a(lib_a-stdio.o)
 .ARM.attributes
                0x0000000000000858       0x2d /Users/phamvanvu/Projects/Embedded/ARM-Toolchain/arm-toolchain/bin/../lib/gcc/arm-none-eabi/10.3.1/../../../../arm-none-eabi/lib/thumb/v7-m/nofp/libc_nano.a(lib_a-writer.o)
 .ARM.attributes
                0x0000000000000885       0x2d /Users/phamvanvu/Projects/Embedded/ARM-Toolchain/arm-toolchain/bin/../lib/gcc/arm-none-eabi/10.3.1/../../../../arm-none-eabi/lib/thumb/v7-m/nofp/libc_nano.a(lib_a-closer.o)
 .ARM.attributes
                0x00000000000008b2       0x2d /Users/phamvanvu/Projects/Embedded/ARM-Toolchain/arm-toolchain/bin/../lib/gcc/arm-none-eabi/10.3.1/../../../../arm-none-eabi/lib/thumb/v7-m/nofp/libc_nano.a(lib_a-fstatr.o)
 .ARM.attributes
                0x00000000000008df       0x2d /Users/phamvanvu/Projects/Embedded/ARM-Toolchain/arm-toolchain/bin/../lib/gcc/arm-none-eabi/10.3.1/../../../../arm-none-eabi/lib/thumb/v7-m/nofp/libc_nano.a(lib_a-isattyr.o)
 .ARM.attributes
                0x000000000000090c       0x2d /Users/phamvanvu/Projects/Embedded/ARM-Toolchain/arm-toolchain/bin/../lib/gcc/arm-none-eabi/10.3.1/../../../../arm-none-eabi/lib/thumb/v7-m/nofp/libc_nano.a(lib_a-lseekr.o)
 .ARM.attributes
                0x0000000000000939       0x2d /Users/phamvanvu/Projects/Embedded/ARM-Toolchain/arm-toolchain/bin/../lib/gcc/arm-none-eabi/10.3.1/../../../../arm-none-eabi/lib/thumb/v7-m/nofp/libc_nano.a(lib_a-memchr-stub.o)
 .ARM.attributes
                0x0000000000000966       0x2d /Users/phamvanvu/Projects/Embedded/ARM-Toolchain/arm-toolchain/bin/../lib/gcc/arm-none-eabi/10.3.1/../../../../arm-none-eabi/lib/thumb/v7-m/nofp/libc_nano.a(lib_a-mlock.o)
 .ARM.attributes
                0x0000000000000993       0x2d /Users/phamvanvu/Projects/Embedded/ARM-Toolchain/arm-toolchain/bin/../lib/gcc/arm-none-eabi/10.3.1/../../../../arm-none-eabi/lib/thumb/v7-m/nofp/libc_nano.a(lib_a-readr.o)
 .ARM.attributes
                0x00000000000009c0       0x2d /Users/phamvanvu/Projects/Embedded/ARM-Toolchain/arm-toolchain/bin/../lib/gcc/arm-none-eabi/10.3.1/../../../../arm-none-eabi/lib/thumb/v7-m/nofp/libc_nano.a(lib_a-reent.o)
 .ARM.attributes
                0x00000000000009ed       0x1d /Users/phamvanvu/Projects/Embedded/ARM-Toolchain/arm-toolchain/bin/../lib/gcc/arm-none-eabi/10.3.1/thumb/v7-m/nofp/libgcc.a(_aeabi_uldivmod.o)
 .ARM.attributes
                0x0000000000000a0a       0x2d /Users/phamvanvu/Projects/Embedded/ARM-Toolchain/arm-toolchain/bin/../lib/gcc/arm-none-eabi/10.3.1/thumb/v7-m/nofp/libgcc.a(_udivmoddi4.o)
 .ARM.attributes
                0x0000000000000a37       0x1d /Users/phamvanvu/Projects/Embedded/ARM-Toolchain/arm-toolchain/bin/../lib/gcc/arm-none-eabi/10.3.1/thumb/v7-m/nofp/libgcc.a(_dvmd_tls.o)

.debug_info     0x0000000000000000     0xe6e9
 .debug_info    0x0000000000000000      0x14d build/os_test/obj/main.o
 .debug_info    0x000000000000014d      0x3a7 build/os_test/obj/Config/os_app_cfg.o
 .debug_info    0x00000000000004f4      0xa74 build/os_test/obj/app/App_Task.o
 .debug_info    0x0000000000000f68      0x723 build/os_test/obj/app/Evcu_App.o
 .debug_info    0x000000000000168b      0x603 build/os_test/obj/app/Evcu_Com.o
 .debug_info    0x0000000000001c8e     0x105a build/os_test/obj/app/Evcu_Dcm.o
 .debug_info    0x0000000000002ce8      0xa38 build/os_test/obj/app/Evcu_Log.o
 .debug_info    0x0000000000003720      0x3b2 build/os_test/obj/app/Evcu_Test.o
 .debug_info    0x0000000000003ad2      0xf21 build/os_test/obj/autosar/can/Can.o
 .debug_info    0x00000000000049f3      0x4e2 build/os_test/obj/autosar/canif/CanIf.o
 .debug_info    0x0000000000004ed5      0xa8a build/os_test/obj/autosar/cantp/CanTp.o
 .debug_info    0x000000000000595f      0xc49 build/os_test/obj/autosar/com/Com.o
 .debug_info    0x00000000000065a8      0x3ed build/os_test/obj/autosar/dcm/Dcm.o
 .debug_info    0x0000000000006995      0x96d build/os_test/obj/autosar/pdur/PduR.o
 .debug_info    0x0000000000007302      0x1a7 build/os_test/obj/config/CanIf_Cfg.o
 .debug_info    0x00000000000074a9      0x21d build/os_test/obj/config/CanTp_Cfg.o
 .debug_info    0x00000000000076c6      0x281 build/os_test/obj/config/Com_Cfg.o
 .debug_info    0x0000000000007947     0x221e build/os_test/obj/OS/src/os_kernel.o
 .debug_info    0x0000000000009b65      0x919 build/os_test/obj/OS/src/os_sched_table.o
 .debug_info    0x000000000000a47e      0x81d build/os_test/obj/OS/src/os_port.o
 .debug_info    0x000000000000ac9b       0xdb build/os_test/obj/debug/semihost.o
 .debug_info    0x000000000000ad76      0x51b build/os_test/obj/debug/syscalls_min.o
 .debug_info    0x000000000000b291     0x10b0 build/os_test/obj/SPL/src/stm32f10x_can.o
 .debug_info    0x000000000000c341      0x904 build/os_test/obj/SPL/src/stm32f10x_gpio.o
 .debug_info    0x000000000000cc45      0x9ec build/os_test/obj/SPL/src/stm32f10x_rcc.o
 .debug_info    0x000000000000d631      0xbee build/os_test/obj/SPL/src/stm32f10x_usart.o
 .debug_info    0x000000000000e21f      0x4ca build/os_test/obj/SPL/src/system_stm32f10x.o

.debug_abbrev   0x0000000000000000     0x3869
 .debug_abbrev  0x0000000000000000       0xa4 build/os_test/obj/main.o
 .debug_abbrev  0x00000000000000a4      0x100 build/os_test/obj/Config/os_app_cfg.o
 .debug_abbrev  0x00000000000001a4      0x1a9 build/os_test/obj/app/App_Task.o
 .debug_abbrev  0x000000000000034d      0x249 build/os_test/obj/app/Evcu_App.o
 .debug_abbrev  0x0000000000000596      0x1b8 build/os_test/obj/app/Evcu_Com.o
 .debug_abbrev  0x000000000000074e      0x2c3 build/os_test/obj/app/Evcu_Dcm.o
 .debug_abbrev  0x0000000000000a11      0x28c build/os_test/obj/app/Evcu_Log.o
 .debug_abbrev  0x0000000000000c9d      0x199 build/os_test/obj/app/Evcu_Test.o
 .debug_abbrev  0x0000000000000e36      0x2f0 build/os_test/obj/autosar/can/Can.o
 .debug_abbrev  0x0000000000001126      0x23c build/os_test/obj/autosar/canif/CanIf.o
 .debug_abbrev  0x0000000000001362      0x262 build/os_test/obj/autosar/cantp/CanTp.o
 .debug_abbrev  0x00000000000015c4      0x3b5 build/os_test/obj/autosar/com/Com.o
 .debug_abbrev  0x0000000000001979      0x15d build/os_test/obj/autosar/dcm/Dcm.o
 .debug_abbrev  0x0000000000001ad6      0x26f build/os_test/obj/autosar/pdur/PduR.o
 .debug_abbrev  0x0000000000001d45       0xc0 build/os_test/obj/config/CanIf_Cfg.o
 .debug_abbrev  0x0000000000001e05       0xaf build/os_test/obj/config/CanTp_Cfg.o
 .debug_abbrev  0x0000000000001eb4       0xaf build/os_test/obj/config/Com_Cfg.o
 .debug_abbrev  0x0000000000001f63      0x54f build/os_test/obj/OS/src/os_kernel.o
 .debug_abbrev  0x00000000000024b2      0x37c build/os_test/obj/OS/src/os_sched_table.o
 .debug_abbrev  0x000000000000282e      0x2e7 build/os_test/obj/OS/src/os_port.o
 .debug_abbrev  0x0000000000002b15       0x8d build/os_test/obj/debug/semihost.o
 .debug_abbrev  0x0000000000002ba2      0x17d build/os_test/obj/debug/syscalls_min.o
 .debug_abbrev  0x0000000000002d1f      0x2ea build/os_test/obj/SPL/src/stm32f10x_can.o
 .debug_abbrev  0x0000000000003009      0x236 build/os_test/obj/SPL/src/stm32f10x_gpio.o
 .debug_abbrev  0x000000000000323f      0x282 build/os_test/obj/SPL/src/stm32f10x_rcc.o
 .debug_abbrev  0x00000000000034c1      0x1fd build/os_test/obj/SPL/src/stm32f10x_usart.o
 .debug_abbrev  0x00000000000036be      0x1ab build/os_test/obj/SPL/src/system_stm32f10x.o

.debug_aranges  0x0000000000000000      0x968
 .debug_aranges
                0x0000000000000000       0x20 build/os_test/obj/main.o
 .debug_aranges
                0x0000000000000020       0x20 build/os_test/obj/Config/os_app_cfg.o
 .debug_aranges
                0x0000000000000040       0x40 build/os_test/obj/app/App_Task.o
 .debug_aranges
                0x0000000000000080       0x68 build/os_test/obj/app/Evcu_App.o
 .debug_aranges
                0x00000000000000e8       0x30 build/os_test/obj/app/Evcu_Com.o
 .debug_aranges
                0x0000000000000118       0x30 build/os_test/obj/app/Evcu_Dcm.o
 .debug_aranges
                0x0000000000000148       0x48 build/os_test/obj/app/Evcu_Log.o
 .debug_aranges
                0x0000000000000190       0x48 build/os_test/obj/app/Evcu_Test.o
 .debug_aranges
                0x00000000000001d8       0x40 build/os_test/obj/autosar/can/Can.o
 .debug_aranges
                0x0000000000000218       0x40 build/os_test/obj/autosar/canif/CanIf.o
 .debug_aranges
                0x0000000000000258       0x48 build/os_test/obj/autosar/cantp/CanTp.o
 .debug_aranges
                0x00000000000002a0       0x50 build/os_test/obj/autosar/com/Com.o
 .debug_aranges
                0x00000000000002f0       0x38 build/os_test/obj/autosar/dcm/Dcm.o
 .debug_aranges
                0x0000000000000328       0x78 build/os_test/obj/autosar/pdur/PduR.o
 .debug_aranges
                0x00000000000003a0       0x18 build/os_test/obj/config/CanIf_Cfg.o
 .debug_aranges
                0x00000000000003b8       0x18 build/os_test/obj/config/CanTp_Cfg.o
 .debug_aranges
                0x00000000000003d0       0x18 build/os_test/obj/config/Com_Cfg.o
 .debug_aranges
                0x00000000000003e8       0xc0 build/os_test/obj/OS/src/os_kernel.o
 .debug_aranges
                0x00000000000004a8       0x58 build/os_test/obj/OS/src/os_sched_table.o
 .debug_aranges
                0x0000000000000500       0x40 build/os_test/obj/OS/src/os_port.o
 .debug_aranges
                0x0000000000000540       0x20 build/os_test/obj/debug/semihost.o
 .debug_aranges
                0x0000000000000560       0x48 build/os_test/obj/debug/syscalls_min.o
 .debug_aranges
                0x00000000000005a8       0xd8 build/os_test/obj/SPL/src/stm32f10x_can.o
 .debug_aranges
                0x0000000000000680       0xa8 build/os_test/obj/SPL/src/stm32f10x_gpio.o
 .debug_aranges
                0x0000000000000728      0x118 build/os_test/obj/SPL/src/stm32f10x_rcc.o
 .debug_aranges
                0x0000000000000840      0x100 build/os_test/obj/SPL/src/stm32f10x_usart.o
 .debug_aranges
                0x0000000000000940       0x28 build/os_test/obj/SPL/src/system_stm32f10x.o

.debug_ranges   0x0000000000000000     0x1e48
 .debug_ranges  0x0000000000000000       0x10 build/os_test/obj/main.o
 .debug_ranges  0x0000000000000010       0x10 build/os_test/obj/Config/os_app_cfg.o
 .debug_ranges  0x0000000000000020       0xf0 build/os_test/obj/app/App_Task.o
 .debug_ranges  0x0000000000000110       0xa8 build/os_test/obj/app/Evcu_App.o
 .debug_ranges  0x00000000000001b8       0x38 build/os_test/obj/app/Evcu_Com.o
 .debug_ranges  0x00000000000001f0      0x3f0 build/os_test/obj/app/Evcu_Dcm.o
 .debug_ranges  0x00000000000005e0      0x2b8 build/os_test/obj/app/Evcu_Log.o
 .debug_ranges  0x0000000000000898       0x50 build/os_test/obj/app/Evcu_Test.o
 .debug_ranges  0x00000000000008e8       0xc8 build/os_test/obj/autosar/can/Can.o
 .debug_ranges  0x00000000000009b0       0x50 build/os_test/obj/autosar/canif/CanIf.o
 .debug_ranges  0x0000000000000a00       0x80 build/os_test/obj/autosar/cantp/CanTp.o
 .debug_ranges  0x0000000000000a80      0x340 build/os_test/obj/autosar/com/Com.o
 .debug_ranges  0x0000000000000dc0       0x28 build/os_test/obj/autosar/dcm/Dcm.o
 .debug_ranges  0x0000000000000de8       0x68 build/os_test/obj/autosar/pdur/PduR.o
 .debug_ranges  0x0000000000000e50      0x880 build/os_test/obj/OS/src/os_kernel.o
 .debug_ranges  0x00000000000016d0      0x108 build/os_test/obj/OS/src/os_sched_table.o
 .debug_ranges  0x00000000000017d8       0xa8 build/os_test/obj/OS/src/os_port.o
 .debug_ranges  0x0000000000001880       0x10 build/os_test/obj/debug/semihost.o
 .debug_ranges  0x0000000000001890       0x50 build/os_test/obj/debug/syscalls_min.o
 .debug_ranges  0x00000000000018e0      0x258 build/os_test/obj/SPL/src/stm32f10x_can.o
 .debug_ranges  0x0000000000001b38       0x98 build/os_test/obj/SPL/src/stm32f10x_gpio.o
 .debug_ranges  0x0000000000001bd0      0x128 build/os_test/obj/SPL/src/stm32f10x_rcc.o
 .debug_ranges  0x0000000000001cf8       0xf0 build/os_test/obj/SPL/src/stm32f10x_usart.o
 .debug_ranges  0x0000000000001de8       0x60 build/os_test/obj/SPL/src/system_stm32f10x.o

.debug_macro    0x0000000000000000     0xe812
 .debug_macro   0x0000000000000000      0x225 build/os_test/obj/main.o
 .debug_macro   0x0000000000000225      0xa66 build/os_test/obj/main.o
 .debug_macro   0x0000000000000c8b       0x22 build/os_test/obj/main.o
 .debug_macro   0x0000000000000cad      0x34e build/os_test/obj/main.o
 .debug_macro   0x0000000000000ffb       0x5e build/os_test/obj/main.o
 .debug_macro   0x0000000000001059       0x10 build/os_test/obj/main.o
 .debug_macro   0x0000000000001069       0x5d build/os_test/obj/main.o
 .debug_macro   0x00000000000010c6       0x1c build/os_test/obj/main.o
 .debug_macro   0x00000000000010e2       0x22 build/os_test/obj/main.o
 .debug_macro   0x0000000000001104       0xbd build/os_test/obj/main.o
 .debug_macro   0x00000000000011c1      0xd00 build/os_test/obj/main.o
 .debug_macro   0x0000000000001ec1     0x7eb3 build/os_test/obj/main.o
 .debug_macro   0x0000000000009d74       0x10 build/os_test/obj/main.o
 .debug_macro   0x0000000000009d84       0x35 build/os_test/obj/main.o
 .debug_macro   0x0000000000009db9       0x22 build/os_test/obj/main.o
 .debug_macro   0x0000000000009ddb       0x5e build/os_test/obj/main.o
 .debug_macro   0x0000000000009e39       0x18 build/os_test/obj/main.o
 .debug_macro   0x0000000000009e51       0x94 build/os_test/obj/main.o
 .debug_macro   0x0000000000009ee5       0x35 build/os_test/obj/main.o
 .debug_macro   0x0000000000009f1a       0x34 build/os_test/obj/main.o
 .debug_macro   0x0000000000009f4e       0x16 build/os_test/obj/main.o
 .debug_macro   0x0000000000009f64       0x57 build/os_test/obj/main.o
 .debug_macro   0x0000000000009fbb       0x97 build/os_test/obj/main.o
 .debug_macro   0x000000000000a052      0x341 build/os_test/obj/main.o
 .debug_macro   0x000000000000a393       0xfd build/os_test/obj/main.o
 .debug_macro   0x000000000000a490       0x10 build/os_test/obj/main.o
 .debug_macro   0x000000000000a4a0       0x16 build/os_test/obj/main.o
 .debug_macro   0x000000000000a4b6       0x43 build/os_test/obj/main.o
 .debug_macro   0x000000000000a4f9       0x34 build/os_test/obj/main.o
 .debug_macro   0x000000000000a52d       0x10 build/os_test/obj/main.o
 .debug_macro   0x000000000000a53d       0x58 build/os_test/obj/main.o
 .debug_macro   0x000000000000a595      0x182 build/os_test/obj/main.o
 .debug_macro   0x000000000000a717       0x10 build/os_test/obj/main.o
 .debug_macro   0x000000000000a727       0x6a build/os_test/obj/main.o
 .debug_macro   0x000000000000a791       0x1c build/os_test/obj/main.o
 .debug_macro   0x000000000000a7ad       0x52 build/os_test/obj/main.o
 .debug_macro   0x000000000000a7ff       0x22 build/os_test/obj/main.o
 .debug_macro   0x000000000000a821       0x10 build/os_test/obj/main.o
 .debug_macro   0x000000000000a831       0x52 build/os_test/obj/main.o
 .debug_macro   0x000000000000a883       0xd5 build/os_test/obj/main.o
 .debug_macro   0x000000000000a958       0x1c build/os_test/obj/main.o
 .debug_macro   0x000000000000a974       0x3d build/os_test/obj/main.o
 .debug_macro   0x000000000000a9b1       0x16 build/os_test/obj/main.o
 .debug_macro   0x000000000000a9c7      0x16f build/os_test/obj/main.o
 .debug_macro   0x000000000000ab36       0x35 build/os_test/obj/Config/os_app_cfg.o
 .debug_macro   0x000000000000ab6b       0xb9 build/os_test/obj/app/App_Task.o
 .debug_macro   0x000000000000ac24       0x2e build/os_test/obj/app/App_Task.o
 .debug_macro   0x000000000000ac52       0x9a build/os_test/obj/app/Evcu_App.o
 .debug_macro   0x000000000000acec       0x28 build/os_test/obj/app/Evcu_App.o
 .debug_macro   0x000000000000ad14       0x76 build/os_test/obj/app/Evcu_Com.o
 .debug_macro   0x000000000000ad8a       0x10 build/os_test/obj/app/Evcu_Com.o
 .debug_macro   0x000000000000ad9a       0x1c build/os_test/obj/app/Evcu_Com.o
 .debug_macro   0x000000000000adb6       0x10 build/os_test/obj/app/Evcu_Com.o
 .debug_macro   0x000000000000adc6      0x175 build/os_test/obj/app/Evcu_Dcm.o
 .debug_macro   0x000000000000af3b       0x22 build/os_test/obj/app/Evcu_Dcm.o
 .debug_macro   0x000000000000af5d      0x174 build/os_test/obj/app/Evcu_Dcm.o
 .debug_macro   0x000000000000b0d1       0x10 build/os_test/obj/app/Evcu_Dcm.o
 .debug_macro   0x000000000000b0e1       0x35 build/os_test/obj/app/Evcu_Dcm.o
 .debug_macro   0x000000000000b116       0xb7 build/os_test/obj/app/Evcu_Log.o
 .debug_macro   0x000000000000b1cd      0x2a6 build/os_test/obj/app/Evcu_Log.o
 .debug_macro   0x000000000000b473      0x3e2 build/os_test/obj/app/Evcu_Log.o
 .debug_macro   0x000000000000b855      0x220 build/os_test/obj/app/Evcu_Log.o
 .debug_macro   0x000000000000ba75       0x76 build/os_test/obj/app/Evcu_Test.o
 .debug_macro   0x000000000000baeb      0x116 build/os_test/obj/autosar/can/Can.o
 .debug_macro   0x000000000000bc01       0x10 build/os_test/obj/autosar/can/Can.o
 .debug_macro   0x000000000000bc11      0x3dc build/os_test/obj/autosar/can/Can.o
 .debug_macro   0x000000000000bfed      0x2ac build/os_test/obj/autosar/can/Can.o
 .debug_macro   0x000000000000c299      0x3cf build/os_test/obj/autosar/can/Can.o
 .debug_macro   0x000000000000c668       0x8b build/os_test/obj/autosar/can/Can.o
 .debug_macro   0x000000000000c6f3      0x15f build/os_test/obj/autosar/canif/CanIf.o
 .debug_macro   0x000000000000c852       0x46 build/os_test/obj/autosar/canif/CanIf.o
 .debug_macro   0x000000000000c898      0x15f build/os_test/obj/autosar/cantp/CanTp.o
 .debug_macro   0x000000000000c9f7      0x13d build/os_test/obj/autosar/com/Com.o
 .debug_macro   0x000000000000cb34      0x145 build/os_test/obj/autosar/dcm/Dcm.o
 .debug_macro   0x000000000000cc79       0xb2 build/os_test/obj/autosar/pdur/PduR.o
 .debug_macro   0x000000000000cd2b       0x40 build/os_test/obj/autosar/pdur/PduR.o
 .debug_macro   0x000000000000cd6b       0x2e build/os_test/obj/autosar/pdur/PduR.o
 .debug_macro   0x000000000000cd99       0x5f build/os_test/obj/config/CanIf_Cfg.o
 .debug_macro   0x000000000000cdf8       0x6e build/os_test/obj/config/CanTp_Cfg.o
 .debug_macro   0x000000000000ce66       0x1c build/os_test/obj/config/CanTp_Cfg.o
 .debug_macro   0x000000000000ce82       0x50 build/os_test/obj/config/Com_Cfg.o
 .debug_macro   0x000000000000ced2       0x16 build/os_test/obj/config/Com_Cfg.o
 .debug_macro   0x000000000000cee8       0xbc build/os_test/obj/OS/src/os_kernel.o
 .debug_macro   0x000000000000cfa4       0x10 build/os_test/obj/OS/src/os_kernel.o
 .debug_macro   0x000000000000cfb4       0xaa build/os_test/obj/OS/src/os_sched_table.o
 .debug_macro   0x000000000000d05e       0xa1 build/os_test/obj/OS/src/os_port.o
 .debug_macro   0x000000000000d0ff       0x10 build/os_test/obj/OS/src/os_port.o
 .debug_macro   0x000000000000d10f       0x58 build/os_test/obj/OS/src/os_port.o
 .debug_macro   0x000000000000d167       0x97 build/os_test/obj/debug/semihost.o
 .debug_macro   0x000000000000d1fe      0x1df build/os_test/obj/debug/syscalls_min.o
 .debug_macro   0x000000000000d3dd       0x10 build/os_test/obj/debug/syscalls_min.o
 .debug_macro   0x000000000000d3ed      0x23b build/os_test/obj/debug/syscalls_min.o
 .debug_macro   0x000000000000d628       0x10 build/os_test/obj/debug/syscalls_min.o
 .debug_macro   0x000000000000d638       0x10 build/os_test/obj/debug/syscalls_min.o
 .debug_macro   0x000000000000d648       0x10 build/os_test/obj/debug/syscalls_min.o
 .debug_macro   0x000000000000d658       0x35 build/os_test/obj/debug/syscalls_min.o
 .debug_macro   0x000000000000d68d      0x12c build/os_test/obj/debug/syscalls_min.o
 .debug_macro   0x000000000000d7b9       0x16 build/os_test/obj/debug/syscalls_min.o
 .debug_macro   0x000000000000d7cf      0x51a build/os_test/obj/debug/syscalls_min.o
 .debug_macro   0x000000000000dce9       0xe9 build/os_test/obj/SPL/src/stm32f10x_can.o
 .debug_macro   0x000000000000ddd2      0x3c9 build/os_test/obj/SPL/src/stm32f10x_can.o
 .debug_macro   0x000000000000e19b       0xe3 build/os_test/obj/SPL/src/stm32f10x_gpio.o
 .debug_macro   0x000000000000e27e      0x1a8 build/os_test/obj/SPL/src/stm32f10x_rcc.o
 .debug_macro   0x000000000000e426      0x149 build/os_test/obj/SPL/src/stm32f10x_usart.o
 .debug_macro   0x000000000000e56f      0x21a build/os_test/obj/SPL/src/stm32f10x_usart.o
 .debug_macro   0x000000000000e789       0x89 build/os_test/obj/SPL/src/system_stm32f10x.o

.debug_line     0x0000000000000000     0xa0b7
 .debug_line    0x0000000000000000      0x447 build/os_test/obj/main.o
 .debug_line    0x0000000000000447      0x101 build/os_test/obj/Config/os_app_cfg.o
 .debug_line    0x0000000000000548      0x42b build/os_test/obj/app/App_Task.o
 .debug_line    0x0000000000000973      0x46d build/os_test/obj/app/Evcu_App.o
 .debug_line    0x0000000000000de0      0x28a build/os_test/obj/app/Evcu_Com.o
 .debug_line    0x000000000000106a      0xc30 build/os_test/obj/app/Evcu_Dcm.o
 .debug_line    0x0000000000001c9a      0x57e build/os_test/obj/app/Evcu_Log.o
 .debug_line    0x0000000000002218      0x360 build/os_test/obj/app/Evcu_Test.o
 .debug_line    0x0000000000002578      0x626 build/os_test/obj/autosar/can/Can.o
 .debug_line    0x0000000000002b9e      0x4b0 build/os_test/obj/autosar/canif/CanIf.o
 .debug_line    0x000000000000304e      0x978 build/os_test/obj/autosar/cantp/CanTp.o
 .debug_line    0x00000000000039c6      0x8bb build/os_test/obj/autosar/com/Com.o
 .debug_line    0x0000000000004281      0x493 build/os_test/obj/autosar/dcm/Dcm.o
 .debug_line    0x0000000000004714      0x46b build/os_test/obj/autosar/pdur/PduR.o
 .debug_line    0x0000000000004b7f      0x10b build/os_test/obj/config/CanIf_Cfg.o
 .debug_line    0x0000000000004c8a      0x11a build/os_test/obj/config/CanTp_Cfg.o
 .debug_line    0x0000000000004da4       0xf1 build/os_test/obj/config/Com_Cfg.o
 .debug_line    0x0000000000004e95     0x1788 build/os_test/obj/OS/src/os_kernel.o
 .debug_line    0x000000000000661d      0x5ce build/os_test/obj/OS/src/os_sched_table.o
 .debug_line    0x0000000000006beb      0x3fc build/os_test/obj/OS/src/os_port.o
 .debug_line    0x0000000000006fe7      0x1a0 build/os_test/obj/debug/semihost.o
 .debug_line    0x0000000000007187      0x4de build/os_test/obj/debug/syscalls_min.o
 .debug_line    0x0000000000007665      0xe2b build/os_test/obj/SPL/src/stm32f10x_can.o
 .debug_line    0x0000000000008490      0x710 build/os_test/obj/SPL/src/stm32f10x_gpio.o
 .debug_line    0x0000000000008ba0      0x91b build/os_test/obj/SPL/src/stm32f10x_rcc.o
 .debug_line    0x00000000000094bb      0x8a7 build/os_test/obj/SPL/src/stm32f10x_usart.o
 .debug_line    0x0000000000009d62      0x355 build/os_test/obj/SPL/src/system_stm32f10x.o

.debug_str      0x0000000000000000    0x459b2
 .debug_str     0x0000000000000000    0x38752 build/os_test/obj/main.o
                                      0x38992 (size before relaxing)
 .debug_str     0x0000000000038752      0x217 build/os_test/obj/Config/os_app_cfg.o
                                       0x3b6f (size before relaxing)
 .debug_str     0x0000000000038969      0x1d1 build/os_test/obj/app/App_Task.o
                                      0x34b88 (size before relaxing)
 .debug_str     0x0000000000038b3a      0x319 build/os_test/obj/app/Evcu_App.o
                                       0x3e40 (size before relaxing)
 .debug_str     0x0000000000038e53      0x298 build/os_test/obj/app/Evcu_Com.o
                                       0x3c96 (size before relaxing)
 .debug_str     0x00000000000390eb      0x2b0 build/os_test/obj/app/Evcu_Dcm.o
                                       0x6b8d (size before relaxing)
 .debug_str     0x000000000003939b     0x5269 build/os_test/obj/app/Evcu_Log.o
                                      0x39aa0 (size before relaxing)
 .debug_str     0x000000000003e604      0x128 build/os_test/obj/app/Evcu_Test.o
                                       0x3aec (size before relaxing)
 .debug_str     0x000000000003e72c     0x2739 build/os_test/obj/autosar/can/Can.o
                                      0x3afd4 (size before relaxing)
 .debug_str     0x0000000000040e65      0x289 build/os_test/obj/autosar/canif/CanIf.o
                                       0x6a91 (size before relaxing)
 .debug_str     0x00000000000410ee      0x41c build/os_test/obj/autosar/cantp/CanTp.o
                                       0x6c63 (size before relaxing)
 .debug_str     0x000000000004150a      0x20c build/os_test/obj/autosar/com/Com.o
                                       0x6a3c (size before relaxing)
 .debug_str     0x0000000000041716      0x10d build/os_test/obj/autosar/dcm/Dcm.o
                                       0x6944 (size before relaxing)
 .debug_str     0x0000000000041823      0x34b build/os_test/obj/autosar/pdur/PduR.o
                                       0x4378 (size before relaxing)
 .debug_str     0x0000000000041b6e       0x13 build/os_test/obj/config/CanIf_Cfg.o
                                       0x393b (size before relaxing)
 .debug_str     0x0000000000041b81       0x13 build/os_test/obj/config/CanTp_Cfg.o
                                       0x39f3 (size before relaxing)
 .debug_str     0x0000000000041b94       0x11 build/os_test/obj/config/Com_Cfg.o
                                       0x3a9d (size before relaxing)
 .debug_str     0x0000000000041ba5      0x51d build/os_test/obj/OS/src/os_kernel.o
                                      0x353e9 (size before relaxing)
 .debug_str     0x00000000000420c2      0x122 build/os_test/obj/OS/src/os_sched_table.o
                                      0x34c8f (size before relaxing)
 .debug_str     0x00000000000421e4      0x123 build/os_test/obj/OS/src/os_port.o
                                      0x34d8e (size before relaxing)
 .debug_str     0x0000000000042307       0x18 build/os_test/obj/debug/semihost.o
                                      0x34bec (size before relaxing)
 .debug_str     0x000000000004231f     0x1af9 build/os_test/obj/debug/syscalls_min.o
                                       0x8c59 (size before relaxing)
 .debug_str     0x0000000000043e18      0x47b build/os_test/obj/SPL/src/stm32f10x_can.o
                                      0x3882d (size before relaxing)
 .debug_str     0x0000000000044293      0x47b build/os_test/obj/SPL/src/stm32f10x_gpio.o
                                      0x388b5 (size before relaxing)
 .debug_str     0x000000000004470e      0xaf3 build/os_test/obj/SPL/src/stm32f10x_rcc.o
                                      0x371be (size before relaxing)
 .debug_str     0x0000000000045201      0x711 build/os_test/obj/SPL/src/stm32f10x_usart.o
                                      0x3837f (size before relaxing)
 .debug_str     0x0000000000045912       0xa0 build/os_test/obj/SPL/src/system_stm32f10x.o
                                      0x348dd (size before relaxing)

.debug_frame    0x0000000000000000     0x1eb8
 .debug_frame   0x0000000000000000       0x28 build/os_test/obj/main.o
 .debug_frame   0x0000000000000028       0x20 build/os_test/obj/Config/os_app_cfg.o
 .debug_frame   0x0000000000000048       0xac build/os_test/obj/app/App_Task.o
 .debug_frame   0x00000000000000f4      0x108 build/os_test/obj/app/Evcu_App.o
 .debug_frame   0x00000000000001fc       0x64 build/os_test/obj/app/Evcu_Com.o
 .debug_frame   0x0000000000000260       0xb0 build/os_test/obj/app/Evcu_Dcm.o
 .debug_frame   0x0000000000000310      0x100 build/os_test/obj/app/Evcu_Log.o
 .debug_frame   0x0000000000000410       0xd8 build/os_test/obj/app/Evcu_Test.o
 .debug_frame   0x00000000000004e8       0xdc build/os_test/obj/autosar/can/Can.o
 .debug_frame   0x00000000000005c4       0xa0 build/os_test/obj/autosar/canif/CanIf.o
 .debug_frame   0x0000000000000664       0xe4 build/os_test/obj/autosar/cantp/CanTp.o
 .debug_frame   0x0000000000000748       0xfc build/os_test/obj/autosar/com/Com.o
 .debug_frame   0x0000000000000844       0xa4 build/os_test/obj/autosar/dcm/Dcm.o
 .debug_frame   0x00000000000008e8       0xdc build/os_test/obj/autosar/pdur/PduR.o
 .debug_frame   0x00000000000009c4      0x214 build/os_test/obj/OS/src/os_kernel.o
 .debug_frame   0x0000000000000bd8       0xbc build/os_test/obj/OS/src/os_sched_table.o
 .debug_frame   0x0000000000000c94       0x94 build/os_test/obj/OS/src/os_port.o
 .debug_frame   0x0000000000000d28       0x20 build/os_test/obj/debug/semihost.o
 .debug_frame   0x0000000000000d48       0x90 build/os_test/obj/debug/syscalls_min.o
 .debug_frame   0x0000000000000dd8      0x1d8 build/os_test/obj/SPL/src/stm32f10x_can.o
 .debug_frame   0x0000000000000fb0      0x194 build/os_test/obj/SPL/src/stm32f10x_gpio.o
 .debug_frame   0x0000000000001144      0x224 build/os_test/obj/SPL/src/stm32f10x_rcc.o
 .debug_frame   0x0000000000001368      0x224 build/os_test/obj/SPL/src/stm32f10x_usart.o
 .debug_frame   0x000000000000158c       0x44 build/os_test/obj/SPL/src/system_stm32f10x.o
 .debug_frame   0x00000000000015d0       0x20 /Users/phamvanvu/Projects/Embedded/ARM-Toolchain/arm-toolchain/bin/../lib/gcc/arm-none-eabi/10.3.1/../../../../arm-none-eabi/lib/thumb/v7-m/nofp/libc_nano.a(lib_a-errno.o)
 .debug_frame   0x00000000000015f0       0x28 /Users/phamvanvu/Projects/Embedded/ARM-Toolchain/arm-toolchain/bin/../lib/gcc/arm-none-eabi/10.3.1/../../../../arm-none-eabi/lib/thumb/v7-m/nofp/libc_nano.a(lib_a-memcpy-stub.o)
 .debug_frame   0x0000000000001618       0x20 /Users/phamvanvu/Projects/Embedded/ARM-Toolchain/arm-toolchain/bin/../lib/gcc/arm-none-eabi/10.3.1/../../../../arm-none-eabi/lib/thumb/v7-m/nofp/libc_nano.a(lib_a-memset.o)
 .debug_frame   0x0000000000001638       0x74 /Users/phamvanvu/Projects/Embedded/ARM-Toolchain/arm-toolchain/bin/../lib/gcc/arm-none-eabi/10.3.1/../../../../arm-none-eabi/lib/thumb/v7-m/nofp/libc_nano.a(lib_a-printf.o)
 .debug_frame   0x00000000000016ac       0x3c /Users/phamvanvu/Projects/Embedded/ARM-Toolchain/arm-toolchain/bin/../lib/gcc/arm-none-eabi/10.3.1/../../../../arm-none-eabi/lib/thumb/v7-m/nofp/libc_nano.a(lib_a-puts.o)
 .debug_frame   0x00000000000016e8       0x40 /Users/phamvanvu/Projects/Embedded/ARM-Toolchain/arm-toolchain/bin/../lib/gcc/arm-none-eabi/10.3.1/../../../../arm-none-eabi/lib/thumb/v7-m/nofp/libc_nano.a(lib_a-wbuf.o)
 .debug_frame   0x0000000000001728       0x2c /Users/phamvanvu/Projects/Embedded/ARM-Toolchain/arm-toolchain/bin/../lib/gcc/arm-none-eabi/10.3.1/../../../../arm-none-eabi/lib/thumb/v7-m/nofp/libc_nano.a(lib_a-wsetup.o)
 .debug_frame   0x0000000000001754       0x5c /Users/phamvanvu/Projects/Embedded/ARM-Toolchain/arm-toolchain/bin/../lib/gcc/arm-none-eabi/10.3.1/../../../../arm-none-eabi/lib/thumb/v7-m/nofp/libc_nano.a(lib_a-fflush.o)
 .debug_frame   0x00000000000017b0      0x14c /Users/phamvanvu/Projects/Embedded/ARM-Toolchain/arm-toolchain/bin/../lib/gcc/arm-none-eabi/10.3.1/../../../../arm-none-eabi/lib/thumb/v7-m/nofp/libc_nano.a(lib_a-findfp.o)
 .debug_frame   0x00000000000018fc       0x54 /Users/phamvanvu/Projects/Embedded/ARM-Toolchain/arm-toolchain/bin/../lib/gcc/arm-none-eabi/10.3.1/../../../../arm-none-eabi/lib/thumb/v7-m/nofp/libc_nano.a(lib_a-fwalk.o)
 .debug_frame   0x0000000000001950       0xb0 /Users/phamvanvu/Projects/Embedded/ARM-Toolchain/arm-toolchain/bin/../lib/gcc/arm-none-eabi/10.3.1/../../../../arm-none-eabi/lib/thumb/v7-m/nofp/libc_nano.a(lib_a-lock.o)
 .debug_frame   0x0000000000001a00       0x58 /Users/phamvanvu/Projects/Embedded/ARM-Toolchain/arm-toolchain/bin/../lib/gcc/arm-none-eabi/10.3.1/../../../../arm-none-eabi/lib/thumb/v7-m/nofp/libc_nano.a(lib_a-makebuf.o)
 .debug_frame   0x0000000000001a58       0x38 /Users/phamvanvu/Projects/Embedded/ARM-Toolchain/arm-toolchain/bin/../lib/gcc/arm-none-eabi/10.3.1/../../../../arm-none-eabi/lib/thumb/v7-m/nofp/libc_nano.a(lib_a-nano-freer.o)
 .debug_frame   0x0000000000001a90       0x4c /Users/phamvanvu/Projects/Embedded/ARM-Toolchain/arm-toolchain/bin/../lib/gcc/arm-none-eabi/10.3.1/../../../../arm-none-eabi/lib/thumb/v7-m/nofp/libc_nano.a(lib_a-nano-mallocr.o)
 .debug_frame   0x0000000000001adc       0xac /Users/phamvanvu/Projects/Embedded/ARM-Toolchain/arm-toolchain/bin/../lib/gcc/arm-none-eabi/10.3.1/../../../../arm-none-eabi/lib/thumb/v7-m/nofp/libc_nano.a(lib_a-nano-vfprintf.o)
 .debug_frame   0x0000000000001b88       0x60 /Users/phamvanvu/Projects/Embedded/ARM-Toolchain/arm-toolchain/bin/../lib/gcc/arm-none-eabi/10.3.1/../../../../arm-none-eabi/lib/thumb/v7-m/nofp/libc_nano.a(lib_a-nano-vfprintf_i.o)
 .debug_frame   0x0000000000001be8       0x2c /Users/phamvanvu/Projects/Embedded/ARM-Toolchain/arm-toolchain/bin/../lib/gcc/arm-none-eabi/10.3.1/../../../../arm-none-eabi/lib/thumb/v7-m/nofp/libc_nano.a(lib_a-sbrkr.o)
 .debug_frame   0x0000000000001c14       0x88 /Users/phamvanvu/Projects/Embedded/ARM-Toolchain/arm-toolchain/bin/../lib/gcc/arm-none-eabi/10.3.1/../../../../arm-none-eabi/lib/thumb/v7-m/nofp/libc_nano.a(lib_a-stdio.o)
 .debug_frame   0x0000000000001c9c       0x2c /Users/phamvanvu/Projects/Embedded/ARM-Toolchain/arm-toolchain/bin/../lib/gcc/arm-none-eabi/10.3.1/../../../../arm-none-eabi/lib/thumb/v7-m/nofp/libc_nano.a(lib_a-writer.o)
 .debug_frame   0x0000000000001cc8       0x2c /Users/phamvanvu/Projects/Embedded/ARM-Toolchain/arm-toolchain/bin/../lib/gcc/arm-none-eabi/10.3.1/../../../../arm-none-eabi/lib/thumb/v7-m/nofp/libc_nano.a(lib_a-closer.o)
 .debug_frame   0x0000000000001cf4       0x2c /Users/phamvanvu/Projects/Embedded/ARM-Toolchain/arm-toolchain/bin/../lib/gcc/arm-none-eabi/10.3.1/../../../../arm-none-eabi/lib/thumb/v7-m/nofp/libc_nano.a(lib_a-fstatr.o)
 .debug_frame   0x0000000000001d20       0x2c /Users/phamvanvu/Projects/Embedded/ARM-Toolchain/arm-toolchain/bin/../lib/gcc/arm-none-eabi/10.3.1/../../../../arm-none-eabi/lib/thumb/v7-m/nofp/libc_nano.a(lib_a-isattyr.o)
 .debug_frame   0x0000000000001d4c       0x2c /Users/phamvanvu/Projects/Embedded/ARM-Toolchain/arm-toolchain/bin/../lib/gcc/arm-none-eabi/10.3.1/../../../../arm-none-eabi/lib/thumb/v7-m/nofp/libc_nano.a(lib_a-lseekr.o)
 .debug_frame   0x0000000000001d78       0x28 /Users/phamvanvu/Projects/Embedded/ARM-Toolchain/arm-toolchain/bin/../lib/gcc/arm-none-eabi/10.3.1/../../../../arm-none-eabi/lib/thumb/v7-m/nofp/libc_nano.a(lib_a-memchr-stub.o)
 .debug_frame   0x0000000000001da0       0x30 /Users/phamvanvu/Projects/Embedded/ARM-Toolchain/arm-toolchain/bin/../lib/gcc/arm-none-eabi/10.3.1/../../../../arm-none-eabi/lib/thumb/v7-m/nofp/libc_nano.a(lib_a-mlock.o)
 .debug_frame   0x0000000000001dd0       0x2c /Users/phamvanvu/Projects/Embedded/ARM-Toolchain/arm-toolchain/bin/../lib/gcc/arm-none-eabi/10.3.1/../../../../arm-none-eabi/lib/thumb/v7-m/nofp/libc_nano.a(lib_a-readr.o)
 .debug_frame   0x0000000000001dfc       0x5c /Users/phamvanvu/Projects/Embedded/ARM-Toolchain/arm-toolchain/bin/../lib/gcc/arm-none-eabi/10.3.1/../../../../arm-none-eabi/lib/thumb/v7-m/nofp/libc_nano.a(lib_a-reent.o)
 .debug_frame   0x0000000000001e58       0x2c /Users/phamvanvu/Projects/Embedded/ARM-Toolchain/arm-toolchain/bin/../lib/gcc/arm-none-eabi/10.3.1/thumb/v7-m/nofp/libgcc.a(_aeabi_uldivmod.o)
 .debug_frame   0x0000000000001e84       0x34 /Users/phamvanvu/Projects/Embedded/ARM-Toolchain/arm-toolchain/bin/../lib/gcc/arm-none-eabi/10.3.1/thumb/v7-m/nofp/libgcc.a(_udivmoddi4.o)

.debug_loc      0x0000000000000000     0x706b
 .debug_loc     0x0000000000000000      0x1ec build/os_test/obj/app/App_Task.o
 .debug_loc     0x00000000000001ec      0x339 build/os_test/obj/app/Evcu_App.o
 .debug_loc     0x0000000000000525       0x79 build/os_test/obj/app/Evcu_Com.o
 .debug_loc     0x000000000000059e     0x1011 build/os_test/obj/app/Evcu_Dcm.o
 .debug_loc     0x00000000000015af      0x44f build/os_test/obj/app/Evcu_Log.o
 .debug_loc     0x00000000000019fe       0x86 build/os_test/obj/app/Evcu_Test.o
 .debug_loc     0x0000000000001a84      0x18b build/os_test/obj/autosar/can/Can.o
 .debug_loc     0x0000000000001c0f      0x211 build/os_test/obj/autosar/canif/CanIf.o
 .debug_loc     0x0000000000001e20      0x384 build/os_test/obj/autosar/cantp/CanTp.o
 .debug_loc     0x00000000000021a4      0x98a build/os_test/obj/autosar/com/Com.o
 .debug_loc     0x0000000000002b2e      0x28a build/os_test/obj/autosar/dcm/Dcm.o
 .debug_loc     0x0000000000002db8      0x494 build/os_test/obj/autosar/pdur/PduR.o
 .debug_loc     0x000000000000324c     0x1390 build/os_test/obj/OS/src/os_kernel.o
 .debug_loc     0x00000000000045dc      0x27a build/os_test/obj/OS/src/os_sched_table.o
 .debug_loc     0x0000000000004856      0x1fc build/os_test/obj/OS/src/os_port.o