Archive member included to satisfy reference by file (symbol)

/Users/phamvanvu/Projects/Embedded/ARM-Toolchain/arm-toolchain/bin/../lib/gcc/arm-none-eabi/10.3.1/../../../../arm-none-eabi/lib/thumb/v7-m/nofp/libc_nano.a(lib_a-errno.o)
                              build/os_test/obj/debug/syscalls_min.o (__errno)
/Users/phamvanvu/Projects/Embedded/ARM-Toolchain/arm-toolchain/bin/../lib/gcc/arm-none-eabi/10.3.1/../../../../arm-none-eabi/lib/thumb/v7-m/nofp/libc_nano.a(lib_a-impure.o)
                              /Users/phamvanvu/Projects/Embedded/ARM-Toolchain/arm-toolchain/bin/../lib/gcc/arm-none-eabi/10.3.1/../../../../arm-none-eabi/lib/thumb/v7-m/nofp/libc_nano.a(lib_a-errno.o) (_impure_ptr)
/Users/phamvanvu/Projects/Embedded/ARM-Toolchain/arm-toolchain/bin/../lib/gcc/arm-none-eabi/10.3.1/../../../../arm-none-eabi/lib/thumb/v7-m/nofp/libc_nano.a(lib_a-printf.o)
                              build/os_test/obj/main.o (printf)
/Users/phamvanvu/Projects/Embedded/ARM-Toolchain/arm-toolchain/bin/../lib/gcc/arm-none-eabi/10.3.1/../../../../arm-none-eabi/lib/thumb/v7-m/nofp/libc_nano.a(lib_a-puts.o)
                              build/os_test/obj/main.o (puts)
/Users/phamvanvu/Projects/Embedded/ARM-Toolchain/arm-toolchain/bin/../lib/gcc/arm-none-eabi/10.3.1/../../../../arm-none-eabi/lib/thumb/v7-m/nofp/libc_nano.a(lib_a-wbuf.o)
                              /Users/phamvanvu/Projects/Embedded/ARM-Toolchain/arm-toolchain/bin/../lib/gcc/arm-none-eabi/10.3.1/../../../../arm-none-eabi/lib/thumb/v7-m/nofp/libc_nano.a(lib_a-puts.o) (__swbuf_r)
/Users/phamvanvu/Projects/Embedded/ARM-Toolchain/arm-toolchain/bin/../lib/gcc/arm-none-eabi/10.3.1/../../../../arm-none-eabi/lib/thumb/v7-m/nofp/libc_nano.a(lib_a-wsetup.o)
                              /Users/phamvanvu/Projects/Embedded/ARM-Toolchain/arm-toolchain/bin/../lib/gcc/arm-none-eabi/10.3.1/../../../../arm-none-eabi/lib/thumb/v7-m/nofp/libc_nano.a(lib_a-puts.o) (__swsetup_r)
/Users/phamvanvu/Projects/Embedded/ARM-Toolchain/arm-toolchain/bin/../lib/gcc/arm-none-eabi/10.3.1/../../../../arm-none-eabi/lib/thumb/v7-m/nofp/libc_nano.a(lib_a-fflush.o)
                              /Users/phamvanvu/Projects/Embedded/ARM-Toolchain/arm-toolchain/bin/../lib/gcc/arm-none-eabi/10.3.1/../../../../arm-none-eabi/lib/thumb/v7-m/nofp/libc_nano.a(lib_a-wbuf.o) (_fflush_r)
/Users/phamvanvu/Projects/Embedded/ARM-Toolchain/arm-toolchain/bin/../lib/gcc/arm-none-eabi/10.3.1/../../../../arm-none-eabi/lib/thumb/v7-m/nofp/libc_nano.a(lib_a-findfp.o)
                              /Users/phamvanvu/Projects/Embedded/ARM-Toolchain/arm-toolchain/bin/../lib/gcc/arm-none-eabi/10.3.1/../../../../arm-none-eabi/lib/thumb/v7-m/nofp/libc_nano.a(lib_a-printf.o) (__sinit)
/Users/phamvanvu/Projects/Embedded/ARM-Toolchain/arm-toolchain/bin/../lib/gcc/arm-none-eabi/10.3.1/../../../../arm-none-eabi/lib/thumb/v7-m/nofp/libc_nano.a(lib_a-fwalk.o)
                              /Users/phamvanvu/Projects/Embedded/ARM-Toolchain/arm-toolchain/bin/../lib/gcc/arm-none-eabi/10.3.1/../../../../arm-none-eabi/lib/thumb/v7-m/nofp/libc_nano.a(lib_a-findfp.o) (_fwalk)
/Users/phamvanvu/Projects/Embedded/ARM-Toolchain/arm-toolchain/bin/../lib/gcc/arm-none-eabi/10.3.1/../../../../arm-none-eabi/lib/thumb/v7-m/nofp/libc_nano.a(lib_a-lock.o)
                              /Users/phamvanvu/Projects/Embedded/ARM-Toolchain/arm-toolchain/bin/../lib/gcc/arm-none-eabi/10.3.1/../../../../arm-none-eabi/lib/thumb/v7-m/nofp/libc_nano.a(lib_a-findfp.o) (__retarget_lock_init_recursive)
/Users/phamvanvu/Projects/Embedded/ARM-Toolchain/arm-toolchain/bin/../lib/gcc/arm-none-eabi/10.3.1/../../../../arm-none-eabi/lib/thumb/v7-m/nofp/libc_nano.a(lib_a-makebuf.o)
                              /Users/phamvanvu/Projects/Embedded/ARM-Toolchain/arm-toolchain/bin/../lib/gcc/arm-none-eabi/10.3.1/../../../../arm-none-eabi/lib/thumb/v7-m/nofp/libc_nano.a(lib_a-wsetup.o) (__smakebuf_r)
/Users/phamvanvu/Projects/Embedded/ARM-Toolchain/arm-toolchain/bin/../lib/gcc/arm-none-eabi/10.3.1/../../../../arm-none-eabi/lib/thumb/v7-m/nofp/libc_nano.a(lib_a-memset.o)
                              /Users/phamvanvu/Projects/Embedded/ARM-Toolchain/arm-toolchain/bin/../lib/gcc/arm-none-eabi/10.3.1/../../../../arm-none-eabi/lib/thumb/v7-m/nofp/libc_nano.a(lib_a-findfp.o) (memset)
/Users/phamvanvu/Projects/Embedded/ARM-Toolchain/arm-toolchain/bin/../lib/gcc/arm-none-eabi/10.3.1/../../../../arm-none-eabi/lib/thumb/v7-m/nofp/libc_nano.a(lib_a-nano-freer.o)
                              /Users/phamvanvu/Projects/Embedded/ARM-Toolchain/arm-toolchain/bin/../lib/gcc/arm-none-eabi/10.3.1/../../../../arm-none-eabi/lib/thumb/v7-m/nofp/libc_nano.a(lib_a-wsetup.o) (_free_r)
/Users/phamvanvu/Projects/Embedded/ARM-Toolchain/arm-toolchain/bin/../lib/gcc/arm-none-eabi/10.3.1/../../../../arm-none-eabi/lib/thumb/v7-m/nofp/libc_nano.a(lib_a-nano-mallocr.o)
[...]
Memory Configuration

Name             Origin             Length             Attributes
FLASH            0x0000000008000000 0x0000000000010000 xr
RAM              0x0000000020000000 0x0000000000005000 xrw
*default*        0x0000000000000000 0xffffffffffffffff

Linker script and memory map

LOAD build/os_test/obj/main.o
LOAD build/os_test/obj/Config/os_app_cfg.o
LOAD build/os_test/obj/app/App_Task.o
LOAD build/os_test/obj/OS/src/os_kernel.o
LOAD build/os_test/obj/OS/src/os_sched_table.o
LOAD build/os_test/obj/OS/src/os_port.o
LOAD build/os_test/obj/debug/semihost.o
LOAD build/os_test/obj/debug/syscalls_min.o
LOAD build/os_test/obj/SPL/src/misc.o
LOAD build/os_test/obj/SPL/src/stm32f10x_adc.o
LOAD build/os_test/obj/SPL/src/stm32f10x_bkp.o
LOAD build/os_test/obj/SPL/src/stm32f10x_can.o
LOAD build/os_test/obj/SPL/src/stm32f10x_cec.o
LOAD build/os_test/obj/SPL/src/stm32f10x_crc.o
LOAD build/os_test/obj/SPL/src/stm32f10x_dac.o
LOAD build/os_test/obj/SPL/src/stm32f10x_dbgmcu.o
LOAD build/os_test/obj/SPL/src/stm32f10x_dma.o
LOAD build/os_test/obj/SPL/src/stm32f10x_exti.o
LOAD build/os_test/obj/SPL/src/stm32f10x_flash.o
LOAD build/os_test/obj/SPL/src/stm32f10x_fsmc.o
LOAD build/os_test/obj/SPL/src/stm32f10x_gpio.o
LOAD build/os_test/obj/SPL/src/stm32f10x_i2c.o
LOAD build/os_test/obj/SPL/src/stm32f10x_iwdg.o
LOAD build/os_test/obj/SPL/src/stm32f10x_pwr.o
LOAD build/os_test/obj/SPL/src/stm32f10x_rcc.o
LOAD build/os_test/obj/SPL/src/stm32f10x_rtc.o
LOAD build/os_test/obj/SPL/src/stm32f10x_sdio.o
LOAD build/os_test/obj/SPL/src/stm32f10x_spi.o
LOAD build/os_test/obj/SPL/src/stm32f10x_tim.o
LOAD build/os_test/obj/SPL/src/stm32f10x_usart.o
LOAD build/os_test/obj/SPL/src/stm32f10x_wwdg.o
LOAD build/os_test/obj/SPL/src/system_stm32f10x.o
LOAD build/os_test/obj/Startup/startup_stm32f10x_md.o
LOAD build/os_test/obj/OS/src/os_port_asm.o
START GROUP
LOAD /Users/phamvanvu/Projects/Embedded/ARM-Toolchain/arm-toolchain/bin/../lib/gcc/arm-none-eabi/10.3.1/../../../../arm-none-eabi/lib/thumb/v7-m/nofp/libc_nano.a
LOAD /Users/phamvanvu/Projects/Embedded/ARM-Toolchain/arm-toolchain/bin/../lib/gcc/arm-none-eabi/10.3.1/../../../../arm-none-eabi/lib/thumb/v7-m/nofp/libm.a
LOAD /Users/phamvanvu/Projects/Embedded/ARM-Toolchain/arm-toolchain/bin/../lib/gcc/arm-none-eabi/10.3.1/thumb/v7-m/nofp/libgcc.a
END GROUP
                0x0000000020005000                _estack = (ORIGIN (RAM) + LENGTH (RAM))

.isr_vector     0x0000000008000000      0x10c
 *(.isr_vector)
 .isr_vector    0x0000000008000000      0x10c build/os_test/obj/Startup/startup_stm32f10x_md.o
                0x0000000008000000                g_pfnVectors

.text           0x000000000800010c     0x27af
 *(.text*)
 .text.startup.main
                0x000000000800010c       0x38 build/os_test/obj/main.o
                0x000000000800010c                main
 .text.app_log_tick_prefix.part.0
                0x0000000008000144       0xec build/os_test/obj/app/App_Task.o
 .text.Task_NP_Low
                0x0000000008000230       0xd8 build/os_test/obj/app/App_Task.o
                0x0000000008000230                Task_NP_Low
 .text.Task_NP_High
                0x0000000008000308       0x6c build/os_test/obj/app/App_Task.o
                0x0000000008000308                Task_NP_High
 .text.Task_Init
                0x0000000008000374      0x124 build/os_test/obj/app/App_Task.o
                0x0000000008000374                Task_Init
 .text.Task_Idle
                0x0000000008000498        0x4 build/os_test/obj/app/App_Task.o
                0x0000000008000498                Task_Idle
 .text.os_ready_pop_highest
                0x000000000800049c       0x40 build/os_test/obj/OS/src/os_kernel.o
 .text.os_get_task_stack_ptr_for_switch
                0x00000000080004dc       0x28 build/os_test/obj/OS/src/os_kernel.o
                0x00000000080004dc                os_get_task_stack_ptr_for_switch
 .text.os_schedule
                0x0000000008000504      0x14c build/os_test/obj/OS/src/os_kernel.o
                0x0000000008000504                os_schedule
 .text.ActivateTask.part.0
                0x0000000008000650       0xac build/os_test/obj/OS/src/os_kernel.o
 .text.ActivateTask
                0x00000000080006fc       0x18 build/os_test/obj/OS/src/os_kernel.o
                0x00000000080006fc                ActivateTask
 .text.TerminateTask
                0x0000000008000714       0xb0 build/os_test/obj/OS/src/os_kernel.o
                0x0000000008000714                TerminateTask
 .text.SetRelAlarm
                0x00000000080007c4       0x98 build/os_test/obj/OS/src/os_kernel.o
                0x00000000080007c4                SetRelAlarm
 .text.os_on_tick
                0x000000000800085c       0x7c build/os_test/obj/OS/src/os_kernel.o
                0x000000000800085c                os_on_tick
 .text.OS_Init  0x00000000080008d8      0x284 build/os_test/obj/OS/src/os_kernel.o
                0x00000000080008d8                OS_Init
 .text.OS_Start
                0x0000000008000b5c        0x4 build/os_test/obj/OS/src/os_kernel.o
                0x0000000008000b5c                OS_Start
 .text.OS_GetTickCount
                0x0000000008000b60        0xc build/os_test/obj/OS/src/os_kernel.o
                0x0000000008000b60                OS_GetTickCount
 .text.StartScheduleTableRel.part.0
                0x0000000008000b6c       0x7c build/os_test/obj/OS/src/os_sched_table.o
 .text.os_sched_table_fire_due_points.constprop.0
                0x0000000008000be8       0x3c build/os_test/obj/OS/src/os_sched_table.o
 .text.os_sched_table_finish_cycle.constprop.0
                0x0000000008000c24       0x28 build/os_test/obj/OS/src/os_sched_table.o
 .text.os_sched_table_reset_all
                0x0000000008000c4c       0x14 build/os_test/obj/OS/src/os_sched_table.o
                0x0000000008000c4c                os_sched_table_reset_all
 .text.os_sched_table_autostart_all
                0x0000000008000c60       0x20 build/os_test/obj/OS/src/os_sched_table.o
                0x0000000008000c60                os_sched_table_autostart_all
 .text.os_sched_table_on_tick
                0x0000000008000c80       0x3c build/os_test/obj/OS/src/os_sched_table.o
                0x0000000008000c80                os_sched_table_on_tick
 .text.task_bootstrap_exit
                0x0000000008000cbc        0x4 build/os_test/obj/OS/src/os_port.o
 .text.os_port_init
                0x0000000008000cc0       0x4c build/os_test/obj/OS/src/os_port.o
                0x0000000008000cc0                os_port_init
 .text.os_trigger_pendsv
                0x0000000008000d0c       0x24 build/os_test/obj/OS/src/os_port.o
                0x0000000008000d0c                os_trigger_pendsv
 .text.os_task_stack_init
                0x0000000008000d30       0x48 build/os_test/obj/OS/src/os_port.o
                0x0000000008000d30                os_task_stack_init
 .text._write   0x0000000008000d78        0x4 build/os_test/obj/debug/semihost.o
                0x0000000008000d78                _write
 .text._sbrk    0x0000000008000d7c       0x68 build/os_test/obj/debug/syscalls_min.o
                0x0000000008000d7c                _sbrk
 .text._close   0x0000000008000de4       0x14 build/os_test/obj/debug/syscalls_min.o
                0x0000000008000de4                _close
 .text._lseek   0x0000000008000df8       0x14 build/os_test/obj/debug/syscalls_min.o
                0x0000000008000df8                _lseek
 .text._read    0x0000000008000e0c       0x14 build/os_test/obj/debug/syscalls_min.o
                0x0000000008000e0c                _read
 .text._fstat   0x0000000008000e20        0xc build/os_test/obj/debug/syscalls_min.o
                0x0000000008000e20                _fstat
 .text._isatty  0x0000000008000e2c        0x4 build/os_test/obj/debug/syscalls_min.o
                0x0000000008000e2c                _isatty
 .text.GPIO_Init
                0x0000000008000e30       0xc4 build/os_test/obj/SPL/src/stm32f10x_gpio.o
                0x0000000008000e30                GPIO_Init
 .text.GPIO_SetBits
                0x0000000008000ef4        0x4 build/os_test/obj/SPL/src/stm32f10x_gpio.o
                0x0000000008000ef4                GPIO_SetBits
 .text.RCC_GetClocksFreq
                0x0000000008000ef8       0x90 build/os_test/obj/SPL/src/stm32f10x_rcc.o
                0x0000000008000ef8                RCC_GetClocksFreq
 .text.RCC_APB2PeriphClockCmd
                0x0000000008000f88       0x18 build/os_test/obj/SPL/src/stm32f10x_rcc.o
                0x0000000008000f88                RCC_APB2PeriphClockCmd
 .text.USART_Init
                0x0000000008000fa0       0xb8 build/os_test/obj/SPL/src/stm32f10x_usart.o
                0x0000000008000fa0                USART_Init
 .text.USART_StructInit
                0x0000000008001058       0x14 build/os_test/obj/SPL/src/stm32f10x_usart.o
                0x0000000008001058                USART_StructInit
 .text.USART_Cmd
                0x000000000800106c       0x1c build/os_test/obj/SPL/src/stm32f10x_usart.o
                0x000000000800106c                USART_Cmd
 .text.USART_SendData
                0x0000000008001088        0x8 build/os_test/obj/SPL/src/stm32f10x_usart.o
                0x0000000008001088                USART_SendData
 .text.USART_GetFlagStatus
                0x0000000008001090        0xc build/os_test/obj/SPL/src/stm32f10x_usart.o
                0x0000000008001090                USART_GetFlagStatus
 .text.SystemInit
                0x000000000800109c      0x100 build/os_test/obj/SPL/src/system_stm32f10x.o
                0x000000000800109c                SystemInit
 .text.Reset_Handler
                0x000000000800119c       0x44 build/os_test/obj/Startup/startup_stm32f10x_md.o
                0x000000000800119c                Reset_Handler
 .text.Default_Handler
                0x00000000080011e0        0x2 build/os_test/obj/Startup/startup_stm32f10x_md.o
                0x00000000080011e0                USBWakeUp_IRQHandler
                0x00000000080011e0                DebugMon_Handler
                0x00000000080011e0                TIM1_CC_IRQHandler
                0x00000000080011e0                HardFault_Handler
                0x00000000080011e0                PVD_IRQHandler
                0x00000000080011e0                NMI_Handler
                0x00000000080011e0                EXTI3_IRQHandler
                0x00000000080011e0                EXTI0_IRQHandler
                0x00000000080011e0                I2C2_EV_IRQHandler
                0x00000000080011e0                UsageFault_Handler
                0x00000000080011e0                ADC1_2_IRQHandler
                0x00000000080011e0                SPI1_IRQHandler
                0x00000000080011e0                TAMPER_IRQHandler
                0x00000000080011e0                DMA1_Channel4_IRQHandler
                0x00000000080011e0                USART3_IRQHandler
                0x00000000080011e0                RTC_IRQHandler
                0x00000000080011e0                DMA1_Channel7_IRQHandler
                0x00000000080011e0                CAN1_RX1_IRQHandler
                0x00000000080011e0                TIM4_IRQHandler
                0x00000000080011e0                I2C1_EV_IRQHandler
                0x00000000080011e0                DMA1_Channel6_IRQHandler
                0x00000000080011e0                TIM3_IRQHandler
                0x00000000080011e0                RCC_IRQHandler
                0x00000000080011e0                TIM1_TRG_COM_IRQHandler
                0x00000000080011e0                DMA1_Channel1_IRQHandler
                0x00000000080011e0                Default_Handler
                0x00000000080011e0                EXTI15_10_IRQHandler
                0x00000000080011e0                EXTI9_5_IRQHandler
                0x00000000080011e0                SPI2_IRQHandler
                0x00000000080011e0                MemManage_Handler
                0x00000000080011e0                DMA1_Channel5_IRQHandler
                0x00000000080011e0                EXTI4_IRQHandler
                0x00000000080011e0                USB_LP_CAN1_RX0_IRQHandler
                0x00000000080011e0                USB_HP_CAN1_TX_IRQHandler
                0x00000000080011e0                DMA1_Channel3_IRQHandler
                0x00000000080011e0                TIM1_UP_IRQHandler
                0x00000000080011e0                WWDG_IRQHandler
                0x00000000080011e0                TIM2_IRQHandler
                0x00000000080011e0                TIM1_BRK_IRQHandler
                0x00000000080011e0                EXTI1_IRQHandler
                0x00000000080011e0                RTCAlarm_IRQHandler
                0x00000000080011e0                USART2_IRQHandler
                0x00000000080011e0                I2C2_ER_IRQHandler
                0x00000000080011e0                DMA1_Channel2_IRQHandler
                0x00000000080011e0                CAN1_SCE_IRQHandler
                0x00000000080011e0                FLASH_IRQHandler
                0x00000000080011e0                BusFault_Handler
                0x00000000080011e0                USART1_IRQHandler
                0x00000000080011e0                I2C1_ER_IRQHandler
                0x00000000080011e0                EXTI2_IRQHandler
 *fill*         0x00000000080011e2        0x2 
 .text          0x00000000080011e4       0x74 build/os_test/obj/OS/src/os_port_asm.o
                0x00000000080011e4                PendSV_Handler
                0x0000000008001224                SysTick_Handler
                0x0000000008001230                SVC_Handler
 .text.__errno  0x0000000008001258        0xc /Users/phamvanvu/Projects/Embedded/ARM-Toolchain/arm-toolchain/bin/../lib/gcc/arm-none-eabi/10.3.1/../../../../arm-none-eabi/lib/thumb/v7-m/nofp/libc_nano.a(lib_a-errno.o)
                0x0000000008001258                __errno
 .text.printf   0x0000000008001264       0x30 /Users/phamvanvu/Projects/Embedded/ARM-Toolchain/arm-toolchain/bin/../lib/gcc/arm-none-eabi/10.3.1/../../../../arm-none-eabi/lib/thumb/v7-m/nofp/libc_nano.a(lib_a-printf.o)
                0x0000000008001264                printf
                0x0000000008001264                iprintf
 .text._puts_r  0x0000000008001294       0xdc /Users/phamvanvu/Projects/Embedded/ARM-Toolchain/arm-toolchain/bin/../lib/gcc/arm-none-eabi/10.3.1/../../../../arm-none-eabi/lib/thumb/v7-m/nofp/libc_nano.a(lib_a-puts.o)
                0x0000000008001294                _puts_r
 .text.puts     0x0000000008001370       0x10 /Users/phamvanvu/Projects/Embedded/ARM-Toolchain/arm-toolchain/bin/../lib/gcc/arm-none-eabi/10.3.1/../../../../arm-none-eabi/lib/thumb/v7-m/nofp/libc_nano.a(lib_a-puts.o)
                0x0000000008001370                puts
 .text.__swbuf_r
                0x0000000008001380       0xa4 /Users/phamvanvu/Projects/Embedded/ARM-Toolchain/arm-toolchain/bin/../lib/gcc/arm-none-eabi/10.3.1/../../../../arm-none-eabi/lib/thumb/v7-m/nofp/libc_nano.a(lib_a-wbuf.o)
                0x0000000008001380                __swbuf_r
 .text.__swsetup_r
                0x0000000008001424       0xdc /Users/phamvanvu/Projects/Embedded/ARM-Toolchain/arm-toolchain/bin/../lib/gcc/arm-none-eabi/10.3.1/../../../../arm-none-eabi/lib/thumb/v7-m/nofp/libc_nano.a(lib_a-wsetup.o)
                0x0000000008001424                __swsetup_r
 .text.__sflush_r
                0x0000000008001500      0x104 /Users/phamvanvu/Projects/Embedded/ARM-Toolchain/arm-toolchain/bin/../lib/gcc/arm-none-eabi/10.3.1/../../../../arm-none-eabi/lib/thumb/v7-m/nofp/libc_nano.a(lib_a-fflush.o)
                0x0000000008001500                __sflush_r
 .text._fflush_r
                0x0000000008001604       0x78 /Users/phamvanvu/Projects/Embedded/ARM-Toolchain/arm-toolchain/bin/../lib/gcc/arm-none-eabi/10.3.1/../../../../arm-none-eabi/lib/thumb/v7-m/nofp/libc_nano.a(lib_a-fflush.o)
                0x0000000008001604                _fflush_r
 .text.std      0x000000000800167c       0x48 /Users/phamvanvu/Projects/Embedded/ARM-Toolchain/arm-toolchain/bin/../lib/gcc/arm-none-eabi/10.3.1/../../../../arm-none-eabi/lib/thumb/v7-m/nofp/libc_nano.a(lib_a-findfp.o)
 .text._cleanup_r
                0x00000000080016c4        0xc /Users/phamvanvu/Projects/Embedded/ARM-Toolchain/arm-toolchain/bin/../lib/gcc/arm-none-eabi/10.3.1/../../../../arm-none-eabi/lib/thumb/v7-m/nofp/libc_nano.a(lib_a-findfp.o)
                0x00000000080016c4                _cleanup_r
 .text.__sfmoreglue
                0x00000000080016d0       0x2c /Users/phamvanvu/Projects/Embedded/ARM-Toolchain/arm-toolchain/bin/../lib/gcc/arm-none-eabi/10.3.1/../../../../arm-none-eabi/lib/thumb/v7-m/nofp/libc_nano.a(lib_a-findfp.o)
                0x00000000080016d0                __sfmoreglue
 .text.__sfp_lock_acquire
                0x00000000080016fc        0xc /Users/phamvanvu/Projects/Embedded/ARM-Toolchain/arm-toolchain/bin/../lib/gcc/arm-none-eabi/10.3.1/../../../../arm-none-eabi/lib/thumb/v7-m/nofp/libc_nano.a(lib_a-findfp.o)
                0x00000000080016fc                __sfp_lock_acquire
 .text.__sfp_lock_release
                0x0000000008001708        0xc /Users/phamvanvu/Projects/Embedded/ARM-Toolchain/arm-toolchain/bin/../lib/gcc/arm-none-eabi/10.3.1/../../../../arm-none-eabi/lib/thumb/v7-m/nofp/libc_nano.a(lib_a-findfp.o)
                0x0000000008001708                __sfp_lock_release
 .text.__sinit_lock_acquire
                0x0000000008001714        0xc /Users/phamvanvu/Projects/Embedded/ARM-Toolchain/arm-toolchain/bin/../lib/gcc/arm-none-eabi/10.3.1/../../../../arm-none-eabi/lib/thumb/v7-m/nofp/libc_nano.a(lib_a-findfp.o)
                0x0000000008001714                __sinit_lock_acquire
 .text.__sinit_lock_release
                0x0000000008001720        0xc /Users/phamvanvu/Projects/Embedded/ARM-Toolchain/arm-toolchain/bin/../lib/gcc/arm-none-eabi/10.3.1/../../../../arm-none-eabi/lib/thumb/v7-m/nofp/libc_nano.a(lib_a-findfp.o)
                0x0000000008001720                __sinit_lock_release
 .text.__sinit  0x000000000800172c       0x70 /Users/phamvanvu/Projects/Embedded/ARM-Toolchain/arm-toolchain/bin/../lib/gcc/arm-none-eabi/10.3.1/../../../../arm-none-eabi/lib/thumb/v7-m/nofp/libc_nano.a(lib_a-findfp.o)
                0x000000000800172c                __sinit
 .text.__sfp    0x000000000800179c       0x8c /Users/phamvanvu/Projects/Embedded/ARM-Toolchain/arm-toolchain/bin/../lib/gcc/arm-none-eabi/10.3.1/../../../../arm-none-eabi/lib/thumb/v7-m/nofp/libc_nano.a(lib_a-findfp.o)
                0x000000000800179c                __sfp
 .text._fwalk_reent
                0x0000000008001828       0x3e /Users/phamvanvu/Projects/Embedded/ARM-Toolchain/arm-toolchain/bin/../lib/gcc/arm-none-eabi/10.3.1/../../../../arm-none-eabi/lib/thumb/v7-m/nofp/libc_nano.a(lib_a-fwalk.o)
                0x0000000008001828                _fwalk_reent
 .text.__retarget_lock_init_recursive
                0x0000000008001866        0x2 /Users/phamvanvu/Projects/Embedded/ARM-Toolchain/arm-toolchain/bin/../lib/gcc/arm-none-eabi/10.3.1/../../../../arm-none-eabi/lib/thumb/v7-m/nofp/libc_nano.a(lib_a-lock.o)
                0x0000000008001866                __retarget_lock_init_recursive
 .text.__retarget_lock_acquire_recursive
                0x0000000008001868        0x2 /Users/phamvanvu/Projects/Embedded/ARM-Toolchain/arm-toolchain/bin/../lib/gcc/arm-none-eabi/10.3.1/../../../../arm-none-eabi/lib/thumb/v7-m/nofp/libc_nano.a(lib_a-lock.o)
                0x0000000008001868                __retarget_lock_acquire_recursive
 .text.__retarget_lock_release_recursive
                0x000000000800186a        0x2 /Users/phamvanvu/Projects/Embedded/ARM-Toolchain/arm-toolchain/bin/../lib/gcc/arm-none-eabi/10.3.1/../../../../arm-none-eabi/lib/thumb/v7-m/nofp/libc_nano.a(lib_a-lock.o)
                0x000000000800186a                __retarget_lock_release_recursive
 .text.__swhatbuf_r
                0x000000000800186c       0x4a /Users/phamvanvu/Projects/Embedded/ARM-Toolchain/arm-toolchain/bin/../lib/gcc/arm-none-eabi/10.3.1/../../../../arm-none-eabi/lib/thumb/v7-m/nofp/libc_nano.a(lib_a-makebuf.o)
                0x000000000800186c                __swhatbuf_r
 *fill*         0x00000000080018b6        0x2 
 .text.__smakebuf_r
                0x00000000080018b8       0x80 /Users/phamvanvu/Projects/Embedded/ARM-Toolchain/arm-toolchain/bin/../lib/gcc/arm-none-eabi/10.3.1/../../../../arm-none-eabi/lib/thumb/v7-m/nofp/libc_nano.a(lib_a-makebuf.o)
                0x00000000080018b8                __smakebuf_r
 .text.memset   0x0000000008001938       0x10 /Users/phamvanvu/Projects/Embedded/ARM-Toolchain/arm-toolchain/bin/../lib/gcc/arm-none-eabi/10.3.1/../../../../arm-none-eabi/lib/thumb/v7-m/nofp/libc_nano.a(lib_a-memset.o)
                0x0000000008001938                memset
 .text._free_r  0x0000000008001948       0x90 /Users/phamvanvu/Projects/Embedded/ARM-Toolchain/arm-toolchain/bin/../lib/gcc/arm-none-eabi/10.3.1/../../../../arm-none-eabi/lib/thumb/v7-m/nofp/libc_nano.a(lib_a-nano-freer.o)
                0x0000000008001948                _free_r
 .text.sbrk_aligned
                0x00000000080019d8       0x40 /Users/phamvanvu/Projects/Embedded/ARM-Toolchain/arm-toolchain/bin/../lib/gcc/arm-none-eabi/10.3.1/../../../../arm-none-eabi/lib/thumb/v7-m/nofp/libc_nano.a(lib_a-nano-mallocr.o)
 .text._malloc_r
                0x0000000008001a18       0xe8 /Users/phamvanvu/Projects/Embedded/ARM-Toolchain/arm-toolchain/bin/../lib/gcc/arm-none-eabi/10.3.1/../../../../arm-none-eabi/lib/thumb/v7-m/nofp/libc_nano.a(lib_a-nano-mallocr.o)
                0x0000000008001a18                _malloc_r
 .text.__sfputc_r
                0x0000000008001b00       0x2a /Users/phamvanvu/Projects/Embedded/ARM-Toolchain/arm-toolchain/bin/../lib/gcc/arm-none-eabi/10.3.1/../../../../arm-none-eabi/lib/thumb/v7-m/nofp/libc_nano.a(lib_a-nano-vfprintf.o)
 .text.__sfputs_r
                0x0000000008001b2a       0x24 /Users/phamvanvu/Projects/Embedded/ARM-Toolchain/arm-toolchain/bin/../lib/gcc/arm-none-eabi/10.3.1/../../../../arm-none-eabi/lib/thumb/v7-m/nofp/libc_nano.a(lib_a-nano-vfprintf.o)
                0x0000000008001b2a                __sfputs_r
 *fill*         0x0000000008001b4e        0x2 
 .text._vfprintf_r
                0x0000000008001b50      0x260 /Users/phamvanvu/Projects/Embedded/ARM-Toolchain/arm-toolchain/bin/../lib/gcc/arm-none-eabi/10.3.1/../../../../arm-none-eabi/lib/thumb/v7-m/nofp/libc_nano.a(lib_a-nano-vfprintf.o)
                0x0000000008001b50                _vfiprintf_r
                0x0000000008001b50                _vfprintf_r
 .text._printf_common
                0x0000000008001db0       0xde /Users/phamvanvu/Projects/Embedded/ARM-Toolchain/arm-toolchain/bin/../lib/gcc/arm-none-eabi/10.3.1/../../../../arm-none-eabi/lib/thumb/v7-m/nofp/libc_nano.a(lib_a-nano-vfprintf_i.o)
                0x0000000008001db0                _printf_common
 *fill*         0x0000000008001e8e        0x2 
 .text._printf_i
                0x0000000008001e90      0x24c /Users/phamvanvu/Projects/Embedded/ARM-Toolchain/arm-toolchain/bin/../lib/gcc/arm-none-eabi/10.3.1/../../../../arm-none-eabi/lib/thumb/v7-m/nofp/libc_nano.a(lib_a-nano-vfprintf_i.o)
                0x0000000008001e90                _printf_i
 .text._sbrk_r  0x00000000080020dc       0x20 /Users/phamvanvu/Projects/Embedded/ARM-Toolchain/arm-toolchain/bin/../lib/gcc/arm-none-eabi/10.3.1/../../../../arm-none-eabi/lib/thumb/v7-m/nofp/libc_nano.a(lib_a-sbrkr.o)
                0x00000000080020dc                _sbrk_r
 .text.__sread  0x00000000080020fc       0x22 /Users/phamvanvu/Projects/Embedded/ARM-Toolchain/arm-toolchain/bin/../lib/gcc/arm-none-eabi/10.3.1/../../../../arm-none-eabi/lib/thumb/v7-m/nofp/libc_nano.a(lib_a-stdio.o)
                0x00000000080020fc                __sread
 .text.__swrite
                0x000000000800211e       0x38 /Users/phamvanvu/Projects/Embedded/ARM-Toolchain/arm-toolchain/bin/../lib/gcc/arm-none-eabi/10.3.1/../../../../arm-none-eabi/lib/thumb/v7-m/nofp/libc_nano.a(lib_a-stdio.o)
                0x000000000800211e                __swrite
 .text.__sseek  0x0000000008002156       0x24 /Users/phamvanvu/Projects/Embedded/ARM-Toolchain/arm-toolchain/bin/../lib/gcc/arm-none-eabi/10.3.1/../../../../arm-none-eabi/lib/thumb/v7-m/nofp/libc_nano.a(lib_a-stdio.o)
                0x0000000008002156                __sseek
 .text.__sclose
                0x000000000800217a        0x8 /Users/phamvanvu/Projects/Embedded/ARM-Toolchain/arm-toolchain/bin/../lib/gcc/arm-none-eabi/10.3.1/../../../../arm-none-eabi/lib/thumb/v7-m/nofp/libc_nano.a(lib_a-stdio.o)
                0x000000000800217a                __sclose
 *fill*         0x0000000008002182        0x2 
 .text._write_r
                0x0000000008002184       0x24 /Users/phamvanvu/Projects/Embedded/ARM-Toolchain/arm-toolchain/bin/../lib/gcc/arm-none-eabi/10.3.1/../../../../arm-none-eabi/lib/thumb/v7-m/nofp/libc_nano.a(lib_a-writer.o)
                0x0000000008002184                _write_r
 .text._close_r
                0x00000000080021a8       0x20 /Users/phamvanvu/Projects/Embedded/ARM-Toolchain/arm-toolchain/bin/../lib/gcc/arm-none-eabi/10.3.1/../../../../arm-none-eabi/lib/thumb/v7-m/nofp/libc_nano.a(lib_a-closer.o)
                0x00000000080021a8                _close_r
 .text._fstat_r
                0x00000000080021c8       0x24 /Users/phamvanvu/Projects/Embedded/ARM-Toolchain/arm-toolchain/bin/../lib/gcc/arm-none-eabi/10.3.1/../../../../arm-none-eabi/lib/thumb/v7-m/nofp/libc_nano.a(lib_a-fstatr.o)
                0x00000000080021c8                _fstat_r
 .text._isatty_r
                0x00000000080021ec       0x20 /Users/phamvanvu/Projects/Embedded/ARM-Toolchain/arm-toolchain/bin/../lib/gcc/arm-none-eabi/10.3.1/../../../../arm-none-eabi/lib/thumb/v7-m/nofp/libc_nano.a(lib_a-isattyr.o)
                0x00000000080021ec                _isatty_r
 .text._lseek_r
                0x000000000800220c       0x24 /Users/phamvanvu/Projects/Embedded/ARM-Toolchain/arm-toolchain/bin/../lib/gcc/arm-none-eabi/10.3.1/../../../../arm-none-eabi/lib/thumb/v7-m/nofp/libc_nano.a(lib_a-lseekr.o)
                0x000000000800220c                _lseek_r
 .text.memchr   0x0000000008002230       0x1c /Users/phamvanvu/Projects/Embedded/ARM-Toolchain/arm-toolchain/bin/../lib/gcc/arm-none-eabi/10.3.1/../../../../arm-none-eabi/lib/thumb/v7-m/nofp/libc_nano.a(lib_a-memchr-stub.o)
                0x0000000008002230                memchr
 .text.__malloc_lock
                0x000000000800224c        0xc /Users/phamvanvu/Projects/Embedded/ARM-Toolchain/arm-toolchain/bin/../lib/gcc/arm-none-eabi/10.3.1/../../../../arm-none-eabi/lib/thumb/v7-m/nofp/libc_nano.a(lib_a-mlock.o)
                0x000000000800224c                __malloc_lock
 .text.__malloc_unlock
                0x0000000008002258        0xc /Users/phamvanvu/Projects/Embedded/ARM-Toolchain/arm-toolchain/bin/../lib/gcc/arm-none-eabi/10.3.1/../../../../arm-none-eabi/lib/thumb/v7-m/nofp/libc_nano.a(lib_a-mlock.o)
                0x0000000008002258                __malloc_unlock
 .text._read_r  0x0000000008002264       0x24 /Users/phamvanvu/Projects/Embedded/ARM-Toolchain/arm-toolchain/bin/../lib/gcc/arm-none-eabi/10.3.1/../../../../arm-none-eabi/lib/thumb/v7-m/nofp/libc_nano.a(lib_a-readr.o)
                0x0000000008002264                _read_r
 .text          0x0000000008002288       0x30 /Users/phamvanvu/Projects/Embedded/ARM-Toolchain/arm-toolchain/bin/../lib/gcc/arm-none-eabi/10.3.1/thumb/v7-m/nofp/libgcc.a(_aeabi_uldivmod.o)
                0x0000000008002288                __aeabi_uldivmod
 .text          0x00000000080022b8      0x2d4 /Users/phamvanvu/Projects/Embedded/ARM-Toolchain/arm-toolchain/bin/../lib/gcc/arm-none-eabi/10.3.1/thumb/v7-m/nofp/libgcc.a(_udivmoddi4.o)
                0x00000000080022b8                __udivmoddi4
 .text          0x000000000800258c        0x4 /Users/phamvanvu/Projects/Embedded/ARM-Toolchain/arm-toolchain/bin/../lib/gcc/arm-none-eabi/10.3.1/thumb/v7-m/nofp/libgcc.a(_dvmd_tls.o)
                0x000000000800258c                __aeabi_ldiv0
                0x000000000800258c                __aeabi_idiv0
 *(.rodata*)
 .rodata.main.str1.4
                0x0000000008002590       0x3d build/os_test/obj/main.o
 *fill*         0x00000000080025cd        0x3 
 .rodata.str1.4
                0x00000000080025d0       0x66 build/os_test/obj/Config/os_app_cfg.o
 *fill*         0x0000000008002636        0x2 
 .rodata.g_os_alarm_cfg
                0x0000000008002638       0x30 build/os_test/obj/Config/os_app_cfg.o
                0x0000000008002638                g_os_alarm_cfg
 .rodata.g_os_schedule_table_cfg
                0x0000000008002668       0x1c build/os_test/obj/Config/os_app_cfg.o
                0x0000000008002668                g_os_schedule_table_cfg
 .rodata.g_os_task_cfg
                0x0000000008002684       0x60 build/os_test/obj/Config/os_app_cfg.o
                0x0000000008002684                g_os_task_cfg
 .rodata.app_log_tick_prefix.part.0.str1.4
                0x00000000080026e4        0x7 build/os_test/obj/app/App_Task.o
 *fill*         0x00000000080026eb        0x1 
 .rodata.Task_NP_Low.str1.4
                0x00000000080026ec       0x91 build/os_test/obj/app/App_Task.o
 *fill*         0x000000000800277d        0x3 
 .rodata.Task_NP_High.str1.4
                0x0000000008002780       0x4b build/os_test/obj/app/App_Task.o
 *fill*         0x00000000080027cb        0x1 
 .rodata.Task_Init.str1.4
                0x00000000080027cc       0x56 build/os_test/obj/app/App_Task.o
 *fill*         0x0000000008002822        0x2 
 .rodata._global_impure_ptr
                0x0000000008002824        0x4 /Users/phamvanvu/Projects/Embedded/ARM-Toolchain/arm-toolchain/bin/../lib/gcc/arm-none-eabi/10.3.1/../../../../arm-none-eabi/lib/thumb/v7-m/nofp/libc_nano.a(lib_a-impure.o)
                0x0000000008002824                _global_impure_ptr
 .rodata.__sf_fake_stderr
                0x0000000008002828       0x20 /Users/phamvanvu/Projects/Embedded/ARM-Toolchain/arm-toolchain/bin/../lib/gcc/arm-none-eabi/10.3.1/../../../../arm-none-eabi/lib/thumb/v7-m/nofp/libc_nano.a(lib_a-findfp.o)
                0x0000000008002828                __sf_fake_stderr
 .rodata.__sf_fake_stdin
                0x0000000008002848       0x20 /Users/phamvanvu/Projects/Embedded/ARM-Toolchain/arm-toolchain/bin/../lib/gcc/arm-none-eabi/10.3.1/../../../../arm-none-eabi/lib/thumb/v7-m/nofp/libc_nano.a(lib_a-findfp.o)
                0x0000000008002848                __sf_fake_stdin
 .rodata.__sf_fake_stdout
                0x0000000008002868       0x20 /Users/phamvanvu/Projects/Embedded/ARM-Toolchain/arm-toolchain/bin/../lib/gcc/arm-none-eabi/10.3.1/../../../../arm-none-eabi/lib/thumb/v7-m/nofp/libc_nano.a(lib_a-findfp.o)
                0x0000000008002868                __sf_fake_stdout
 .rodata._vfprintf_r.str1.1
                0x0000000008002888       0x11 /Users/phamvanvu/Projects/Embedded/ARM-Toolchain/arm-toolchain/bin/../lib/gcc/arm-none-eabi/10.3.1/../../../../arm-none-eabi/lib/thumb/v7-m/nofp/libc_nano.a(lib_a-nano-vfprintf.o)
 .rodata._printf_i.str1.1
                0x0000000008002899       0x22 /Users/phamvanvu/Projects/Embedded/ARM-Toolchain/arm-toolchain/bin/../lib/gcc/arm-none-eabi/10.3.1/../../../../arm-none-eabi/lib/thumb/v7-m/nofp/libc_nano.a(lib_a-nano-vfprintf_i.o)

.glue_7         0x00000000080028bc        0x0
 .glue_7        0x00000000080028bc        0x0 linker stubs

.glue_7t        0x00000000080028bc        0x0
 .glue_7t       0x00000000080028bc        0x0 linker stubs

.vfp11_veneer   0x00000000080028bc        0x0
 .vfp11_veneer  0x00000000080028bc        0x0 linker stubs

.v4_bx          0x00000000080028bc        0x0
 .v4_bx         0x00000000080028bc        0x0 linker stubs

.iplt           0x00000000080028bc        0x0
 .iplt          0x00000000080028bc        0x0 build/os_test/obj/main.o

.ARM.extab
 *(.ARM.extab*)
 *(.gnu.linkonce.armextab.*)

.ARM.exidx      0x00000000080028bc        0x8
                0x00000000080028bc                __exidx_start = .
 *(.ARM.exidx*)
 .ARM.exidx     0x00000000080028bc        0x8 /Users/phamvanvu/Projects/Embedded/ARM-Toolchain/arm-toolchain/bin/../lib/gcc/arm-none-eabi/10.3.1/thumb/v7-m/nofp/libgcc.a(_udivmoddi4.o)
 *(.gnu.linkonce.armexidx.*)
                0x00000000080028c4                __exidx_end = .
                0x00000000080028c4                _etext = .

.rel.dyn        0x00000000080028c4        0x0
 .rel.iplt      0x00000000080028c4        0x0 build/os_test/obj/main.o

.data           0x0000000020000000       0x80 load address 0x00000000080028c4
                0x00000000080028c4                _sidata = LOADADDR (.data)
                0x0000000020000000                _sdata = .
 *(.data*)
 .data.g_idle_task_id
                0x0000000020000000        0x1 build/os_test/obj/OS/src/os_kernel.o
 *fill*         0x0000000020000001        0x3 
 .data.ADCPrescTable
                0x0000000020000004        0x4 build/os_test/obj/SPL/src/stm32f10x_rcc.o
 .data.APBAHBPrescTable
                0x0000000020000008       0x10 build/os_test/obj/SPL/src/stm32f10x_rcc.o
 .data.SystemCoreClock
                0x0000000020000018        0x4 build/os_test/obj/SPL/src/system_stm32f10x.o
                0x0000000020000018                SystemCoreClock
 .data._impure_ptr
                0x000000002000001c        0x4 /Users/phamvanvu/Projects/Embedded/ARM-Toolchain/arm-toolchain/bin/../lib/gcc/arm-none-eabi/10.3.1/../../../../arm-none-eabi/lib/thumb/v7-m/nofp/libc_nano.a(lib_a-impure.o)
                0x000000002000001c                _impure_ptr
 .data.impure_data
                0x0000000020000020       0x60 /Users/phamvanvu/Projects/Embedded/ARM-Toolchain/arm-toolchain/bin/../lib/gcc/arm-none-eabi/10.3.1/../../../../arm-none-eabi/lib/thumb/v7-m/nofp/libc_nano.a(lib_a-impure.o)
                0x0000000020000080                _edata = .

.igot.plt       0x0000000020000080        0x0 load address 0x0000000008002944
 .igot.plt      0x0000000020000080        0x0 build/os_test/obj/main.o

.bss            0x0000000020000080      0xd10 load address 0x0000000008002944
                0x0000000020000080                _sbss = .
 *(.bss*)
 .bss.g_uart_ready
                0x0000000020000080        0x1 build/os_test/obj/app/App_Task.o
 *fill*         0x0000000020000081        0x3 
 .bss.alarm_tbl
                0x0000000020000084       0x20 build/os_test/obj/OS/src/os_kernel.o
 .bss.g_current
                0x00000000200000a4        0x4 build/os_test/obj/OS/src/os_kernel.o
                0x00000000200000a4                g_current
 .bss.g_interrupt_nesting
                0x00000000200000a8        0x1 build/os_test/obj/OS/src/os_kernel.o
                0x00000000200000a8                g_interrupt_nesting
 *fill*         0x00000000200000a9        0x3 
 .bss.g_next    0x00000000200000ac        0x4 build/os_test/obj/OS/src/os_kernel.o
                0x00000000200000ac                g_next
 .bss.g_task_stack_storage
                0x00000000200000b0      0xc00 build/os_test/obj/OS/src/os_kernel.o
 .bss.g_tick_count
                0x0000000020000cb0        0x4 build/os_test/obj/OS/src/os_kernel.o
                0x0000000020000cb0                g_tick_count
 .bss.ready_queues
                0x0000000020000cb4       0x23 build/os_test/obj/OS/src/os_kernel.o
 *fill*         0x0000000020000cd7        0x1 
 .bss.task_queued
                0x0000000020000cd8        0x4 build/os_test/obj/OS/src/os_kernel.o
 .bss.tcb       0x0000000020000cdc       0x90 build/os_test/obj/OS/src/os_kernel.o
 .bss.g_sched_table_rt
                0x0000000020000d6c       0x10 build/os_test/obj/OS/src/os_sched_table.o
 .bss.heap_end  0x0000000020000d7c        0x4 build/os_test/obj/debug/syscalls_min.o
 .bss.__lock___malloc_recursive_mutex
                0x0000000020000d80        0x1 /Users/phamvanvu/Projects/Embedded/ARM-Toolchain/arm-toolchain/bin/../lib/gcc/arm-none-eabi/10.3.1/../../../../arm-none-eabi/lib/thumb/v7-m/nofp/libc_nano.a(lib_a-lock.o)
                0x0000000020000d80                __lock___malloc_recursive_mutex
 .bss.__lock___sfp_recursive_mutex
                0x0000000020000d81        0x1 /Users/phamvanvu/Projects/Embedded/ARM-Toolchain/arm-toolchain/bin/../lib/gcc/arm-none-eabi/10.3.1/../../../../arm-none-eabi/lib/thumb/v7-m/nofp/libc_nano.a(lib_a-lock.o)
                0x0000000020000d81                __lock___sfp_recursive_mutex
 .bss.__lock___sinit_recursive_mutex
                0x0000000020000d82        0x1 /Users/phamvanvu/Projects/Embedded/ARM-Toolchain/arm-toolchain/bin/../lib/gcc/arm-none-eabi/10.3.1/../../../../arm-none-eabi/lib/thumb/v7-m/nofp/libc_nano.a(lib_a-lock.o)
                0x0000000020000d82                __lock___sinit_recursive_mutex
 *fill*         0x0000000020000d83        0x1 
 .bss.__malloc_free_list
                0x0000000020000d84        0x4 /Users/phamvanvu/Projects/Embedded/ARM-Toolchain/arm-toolchain/bin/../lib/gcc/arm-none-eabi/10.3.1/../../../../arm-none-eabi/lib/thumb/v7-m/nofp/libc_nano.a(lib_a-nano-mallocr.o)
                0x0000000020000d84                __malloc_free_list
 .bss.__malloc_sbrk_start
                0x0000000020000d88        0x4 /Users/phamvanvu/Projects/Embedded/ARM-Toolchain/arm-toolchain/bin/../lib/gcc/arm-none-eabi/10.3.1/../../../../arm-none-eabi/lib/thumb/v7-m/nofp/libc_nano.a(lib_a-nano-mallocr.o)
                0x0000000020000d88                __malloc_sbrk_start
 .bss.errno     0x0000000020000d8c        0x4 /Users/phamvanvu/Projects/Embedded/ARM-Toolchain/arm-toolchain/bin/../lib/gcc/arm-none-eabi/10.3.1/../../../../arm-none-eabi/lib/thumb/v7-m/nofp/libc_nano.a(lib_a-reent.o)
                0x0000000020000d8c                errno
 *(COMMON)
                0x0000000020000d90                _ebss = .

/DISCARD/
 *(.note*)
 *(.comment*)
OUTPUT(build/os_test/os_test.elf elf32-littlearm)
LOAD linker stubs

.ARM.attributes
                0x0000000000000000       0x2b
 .ARM.attributes
                0x0000000000000000       0x2d build/os_test/obj/main.o
 .ARM.attributes
                0x000000000000002d       0x2d build/os_test/obj/Config/os_app_cfg.o
 .ARM.attributes
                0x000000000000005a       0x2d build/os_test/obj/app/App_Task.o
 .ARM.attributes
                0x0000000000000087       0x2d build/os_test/obj/OS/src/os_kernel.o
 .ARM.attributes
                0x00000000000000b4       0x2d build/os_test/obj/OS/src/os_sched_table.o
 .ARM.attributes
                0x00000000000000e1       0x2d build/os_test/obj/OS/src/os_port.o
 .ARM.attributes
                0x000000000000010e       0x2d build/os_test/obj/debug/semihost.o
 .ARM.attributes
                0x000000000000013b       0x2d build/os_test/obj/debug/syscalls_min.o
 .ARM.attributes
                0x0000000000000168       0x2d build/os_test/obj/SPL/src/stm32f10x_gpio.o
 .ARM.attributes
                0x0000000000000195       0x2d build/os_test/obj/SPL/src/stm32f10x_rcc.o
 .ARM.attributes
                0x00000000000001c2       0x2d build/os_test/obj/SPL/src/stm32f10x_usart.o
 .ARM.attributes
                0x00000000000001ef       0x2d build/os_test/obj/SPL/src/system_stm32f10x.o
 .ARM.attributes
                0x000000000000021c       0x21 build/os_test/obj/Startup/startup_stm32f10x_md.o
 .ARM.attributes
                0x000000000000023d       0x21 build/os_test/obj/OS/src/os_port_asm.o
 .ARM.attributes
                0x000000000000025e       0x2d /Users/phamvanvu/Projects/Embedded/ARM-Toolchain/arm-toolchain/bin/../lib/gcc/arm-none-eabi/10.3.1/../../../../arm-none-eabi/lib/thumb/v7-m/nofp/libc_nano.a(lib_a-errno.o)
 .ARM.attributes
                0x000000000000028b       0x2d /Users/phamvanvu/Projects/Embedded/ARM-Toolchain/arm-toolchain/bin/../lib/gcc/arm-none-eabi/10.3.1/../../../../arm-none-eabi/lib/thumb/v7-m/nofp/libc_nano.a(lib_a-impure.o)
 .ARM.attributes
                0x00000000000002b8       0x2d /Users/phamvanvu/Projects/Embedded/ARM-Toolchain/arm-toolchain/bin/../lib/gcc/arm-none-eabi/10.3.1/../../../../arm-none-eabi/lib/thumb/v7-m/nofp/libc_nano.a(lib_a-printf.o)
 .ARM.attributes
                0x00000000000002e5       0x2d /Users/phamvanvu/Projects/Embedded/ARM-Toolchain/arm-toolchain/bin/../lib/gcc/arm-none-eabi/10.3.1/../../../../arm-none-eabi/lib/thumb/v7-m/nofp/libc_nano.a(lib_a-puts.o)
 .ARM.attributes
                0x0000000000000312       0x2d /Users/phamvanvu/Projects/Embedded/ARM-Toolchain/arm-toolchain/bin/../lib/gcc/arm-none-eabi/10.3.1/../../../../arm-none-eabi/lib/thumb/v7-m/nofp/libc_nano.a(lib_a-wbuf.o)
 .ARM.attributes
                0x000000000000033f       0x2d /Users/phamvanvu/Projects/Embedded/ARM-Toolchain/arm-toolchain/bin/../lib/gcc/arm-none-eabi/10.3.1/../../../../arm-none-eabi/lib/thumb/v7-m/nofp/libc_nano.a(lib_a-wsetup.o)
 .ARM.attributes
                0x000000000000036c       0x2d /Users/phamvanvu/Projects/Embedded/ARM-Toolchain/arm-toolchain/bin/../lib/gcc/arm-none-eabi/10.3.1/../../../../arm-none-eabi/lib/thumb/v7-m/nofp/libc_nano.a(lib_a-fflush.o)
 .ARM.attributes
                0x0000000000000399       0x2d /Users/phamvanvu/Projects/Embedded/ARM-Toolchain/arm-toolchain/bin/../lib/gcc/arm-none-eabi/10.3.1/../../../../arm-none-eabi/lib/thumb/v7-m/nofp/libc_nano.a(lib_a-findfp.o)
 .ARM.attributes
                0x00000000000003c6       0x2d /Users/phamvanvu/Projects/Embedded/ARM-Toolchain/arm-toolchain/bin/../lib/gcc/arm-none-eabi/10.3.1/../../../../arm-none-eabi/lib/thumb/v7-m/nofp/libc_nano.a(lib_a-fwalk.o)
 .ARM.attributes
                0x00000000000003f3       0x2d /Users/phamvanvu/Projects/Embedded/ARM-Toolchain/arm-toolchain/bin/../lib/gcc/arm-none-eabi/10.3.1/../../../../arm-none-eabi/lib/thumb/v7-m/nofp/libc_nano.a(lib_a-lock.o)
 .ARM.attributes
                0x0000000000000420       0x2d /Users/phamvanvu/Projects/Embedded/ARM-Toolchain/arm-toolchain/bin/../lib/gcc/arm-none-eabi/10.3.1/../../../../arm-none-eabi/lib/thumb/v7-m/nofp/libc_nano.a(lib_a-makebuf.o)
 .ARM.attributes
                0x000000000000044d       0x2d /Users/phamvanvu/Projects/Embedded/ARM-Toolchain/arm-toolchain/bin/../lib/gcc/arm-none-eabi/10.3.1/../../../../arm-none-eabi/lib/thumb/v7-m/nofp/libc_nano.a(lib_a-memset.o)
 .ARM.attributes
                0x000000000000047a       0x2d /Users/phamvanvu/Projects/Embedded/ARM-Toolchain/arm-toolchain/bin/../lib/gcc/arm-none-eabi/10.3.1/../../../../arm-none-eabi/lib/thumb/v7-m/nofp/libc_nano.a(lib_a-nano-freer.o)
 .ARM.attributes
                0x00000000000004a7       0x2d /Users/phamvanvu/Projects/Embedded/ARM-Toolchain/arm-toolchain/bin/../lib/gcc/arm-none-eabi/10.3.1/../../../../arm-none-eabi/lib/thumb/v7-m/nofp/libc_nano.a(lib_a-nano-mallocr.o)
 .ARM.attributes
                0x00000000000004d4       0x2d /Users/phamvanvu/Projects/Embedded/ARM-Toolchain/arm-toolchain/bin/../lib/gcc/arm-none-eabi/10.3.1/../../../../arm-none-eabi/lib/thumb/v7-m/nofp/libc_nano.a(lib_a-nano-vfprintf.o)
 .ARM.attributes
                0x0000000000000501       0x2d /Users/phamvanvu/Projects/Embedded/ARM-Toolchain/arm-toolchain/bin/../lib/gcc/arm-none-eabi/10.3.1/../../../../arm-none-eabi/lib/thumb/v7-m/nofp/libc_nano.a(lib_a-nano-vfprintf_i.o)
 .ARM.attributes
                0x000000000000052e       0x2d /Users/phamvanvu/Projects/Embedded/ARM-Toolchain/arm-toolchain/bin/../lib/gcc/arm-none-eabi/10.3.1/../../../../arm-none-eabi/lib/thumb/v7-m/nofp/libc_nano.a(lib_a-sbrkr.o)
 .ARM.attributes
                0x000000000000055b       0x2d /Users/phamvanvu/Projects/Embedded/ARM-Toolchain/arm-toolchain/bin/../lib/gcc/arm-none-eabi/10.3.1/../../../../arm-none-eabi/lib/thumb/v7-m/nofp/libc_nano.a(lib_a-stdio.o)
 .ARM.attributes
                0x0000000000000588       0x2d /Users/phamvanvu/Projects/Embedded/ARM-Toolchain/arm-toolchain/bin/../lib/gcc/arm-none-eabi/10.3.1/../../../../arm-none-eabi/lib/thumb/v7-m/nofp/libc_nano.a(lib_a-writer.o)
 .ARM.attributes
                0x00000000000005b5       0x2d /Users/phamvanvu/Projects/Embedded/ARM-Toolchain/arm-toolchain/bin/../lib/gcc/arm-none-eabi/10.3.1/../../../../arm-none-eabi/lib/thumb/v7-m/nofp/libc_nano.a(lib_a-closer.o)
 .ARM.attributes
                0x00000000000005e2       0x2d /Users/phamvanvu/Projects/Embedded/ARM-Toolchain/arm-toolchain/bin/../lib/gcc/arm-none-eabi/10.3.1/../../../../arm-none-eabi/lib/thumb/v7-m/nofp/libc_nano.a(lib_a-fstatr.o)
 .ARM.attributes
                0x000000000000060f       0x2d /Users/phamvanvu/Projects/Embedded/ARM-Toolchain/arm-toolchain/bin/../lib/gcc/arm-none-eabi/10.3.1/../../../../arm-none-eabi/lib/thumb/v7-m/nofp/libc_nano.a(lib_a-isattyr.o)
 .ARM.attributes
                0x000000000000063c       0x2d /Users/phamvanvu/Projects/Embedded/ARM-Toolchain/arm-toolchain/bin/../lib/gcc/arm-none-eabi/10.3.1/../../../../arm-none-eabi/lib/thumb/v7-m/nofp/libc_nano.a(lib_a-lseekr.o)
 .ARM.attributes
                0x0000000000000669       0x2d /Users/phamvanvu/Projects/Embedded/ARM-Toolchain/arm-toolchain/bin/../lib/gcc/arm-none-eabi/10.3.1/../../../../arm-none-eabi/lib/thumb/v7-m/nofp/libc_nano.a(lib_a-memchr-stub.o)
 .ARM.attributes
                0x0000000000000696       0x2d /Users/phamvanvu/Projects/Embedded/ARM-Toolchain/arm-toolchain/bin/../lib/gcc/arm-none-eabi/10.3.1/../../../../arm-none-eabi/lib/thumb/v7-m/nofp/libc_nano.a(lib_a-mlock.o)
 .ARM.attributes
                0x00000000000006c3       0x2d /Users/phamvanvu/Projects/Embedded/ARM-Toolchain/arm-toolchain/bin/../lib/gcc/arm-none-eabi/10.3.1/../../../../arm-none-eabi/lib/thumb/v7-m/nofp/libc_nano.a(lib_a-readr.o)
 .ARM.attributes
                0x00000000000006f0       0x2d /Users/phamvanvu/Projects/Embedded/ARM-Toolchain/arm-toolchain/bin/../lib/gcc/arm-none-eabi/10.3.1/../../../../arm-none-eabi/lib/thumb/v7-m/nofp/libc_nano.a(lib_a-reent.o)
 .ARM.attributes
                0x000000000000071d       0x1d /Users/phamvanvu/Projects/Embedded/ARM-Toolchain/arm-toolchain/bin/../lib/gcc/arm-none-eabi/10.3.1/thumb/v7-m/nofp/libgcc.a(_aeabi_uldivmod.o)
 .ARM.attributes
                0x000000000000073a       0x2d /Users/phamvanvu/Projects/Embedded/ARM-Toolchain/arm-toolchain/bin/../lib/gcc/arm-none-eabi/10.3.1/thumb/v7-m/nofp/libgcc.a(_udivmoddi4.o)
 .ARM.attributes
                0x0000000000000767       0x1d /Users/phamvanvu/Projects/Embedded/ARM-Toolchain/arm-toolchain/bin/../lib/gcc/arm-none-eabi/10.3.1/thumb/v7-m/nofp/libgcc.a(_dvmd_tls.o)

.debug_info     0x0000000000000000     0x6a04
 .debug_info    0x0000000000000000      0x14d build/os_test/obj/main.o
 .debug_info    0x000000000000014d      0x3ad build/os_test/obj/Config/os_app_cfg.o
 .debug_info    0x00000000000004fa      0xeee build/os_test/obj/app/App_Task.o
 .debug_info    0x00000000000013e8     0x1b42 build/os_test/obj/OS/src/os_kernel.o
 .debug_info    0x0000000000002f2a      0x91f build/os_test/obj/OS/src/os_sched_table.o
 .debug_info    0x0000000000003849      0x81d build/os_test/obj/OS/src/os_port.o
 .debug_info    0x0000000000004066       0xdb build/os_test/obj/debug/semihost.o
 .debug_info    0x0000000000004141      0x51b build/os_test/obj/debug/syscalls_min.o
 .debug_info    0x000000000000465c      0x904 build/os_test/obj/SPL/src/stm32f10x_gpio.o
 .debug_info    0x0000000000004f60      0x9ec build/os_test/obj/SPL/src/stm32f10x_rcc.o
 .debug_info    0x000000000000594c      0xbee build/os_test/obj/SPL/src/stm32f10x_usart.o
 .debug_info    0x000000000000653a      0x4ca build/os_test/obj/SPL/src/system_stm32f10x.o

.debug_abbrev   0x0000000000000000     0x1aad
 .debug_abbrev  0x0000000000000000       0xa4 build/os_test/obj/main.o
 .debug_abbrev  0x00000000000000a4      0x100 build/os_test/obj/Config/os_app_cfg.o
 .debug_abbrev  0x00000000000001a4      0x2fc build/os_test/obj/app/App_Task.o
 .debug_abbrev  0x00000000000004a0      0x540 build/os_test/obj/OS/src/os_kernel.o
 .debug_abbrev  0x00000000000009e0      0x37c build/os_test/obj/OS/src/os_sched_table.o
 .debug_abbrev  0x0000000000000d5c      0x2e7 build/os_test/obj/OS/src/os_port.o
 .debug_abbrev  0x0000000000001043       0x8d build/os_test/obj/debug/semihost.o
 .debug_abbrev  0x00000000000010d0      0x17d build/os_test/obj/debug/syscalls_min.o
 .debug_abbrev  0x000000000000124d      0x236 build/os_test/obj/SPL/src/stm32f10x_gpio.o
 .debug_abbrev  0x0000000000001483      0x282 build/os_test/obj/SPL/src/stm32f10x_rcc.o
 .debug_abbrev  0x0000000000001705      0x1fd build/os_test/obj/SPL/src/stm32f10x_usart.o
 .debug_abbrev  0x0000000000001902      0x1ab build/os_test/obj/SPL/src/system_stm32f10x.o

.debug_aranges  0x0000000000000000      0x508
 .debug_aranges
                0x0000000000000000       0x20 build/os_test/obj/main.o
 .debug_aranges
                0x0000000000000020       0x20 build/os_test/obj/Config/os_app_cfg.o
 .debug_aranges
                0x0000000000000040       0x40 build/os_test/obj/app/App_Task.o
 .debug_aranges
                0x0000000000000080       0xa0 build/os_test/obj/OS/src/os_kernel.o
 .debug_aranges
                0x0000000000000120       0x58 build/os_test/obj/OS/src/os_sched_table.o
 .debug_aranges
                0x0000000000000178       0x40 build/os_test/obj/OS/src/os_port.o
 .debug_aranges
                0x00000000000001b8       0x20 build/os_test/obj/debug/semihost.o
 .debug_aranges
                0x00000000000001d8       0x48 build/os_test/obj/debug/syscalls_min.o
 .debug_aranges
                0x0000000000000220       0xa8 build/os_test/obj/SPL/src/stm32f10x_gpio.o
 .debug_aranges
                0x00000000000002c8      0x118 build/os_test/obj/SPL/src/stm32f10x_rcc.o
 .debug_aranges
                0x00000000000003e0      0x100 build/os_test/obj/SPL/src/stm32f10x_usart.o
 .debug_aranges
                0x00000000000004e0       0x28 build/os_test/obj/SPL/src/system_stm32f10x.o

.debug_ranges   0x0000000000000000      0xf48
 .debug_ranges  0x0000000000000000       0x10 build/os_test/obj/main.o
 .debug_ranges  0x0000000000000010       0x10 build/os_test/obj/Config/os_app_cfg.o
 .debug_ranges  0x0000000000000020      0x250 build/os_test/obj/app/App_Task.o
 .debug_ranges  0x0000000000000270      0x7b8 build/os_test/obj/OS/src/os_kernel.o
 .debug_ranges  0x0000000000000a28      0x108 build/os_test/obj/OS/src/os_sched_table.o
 .debug_ranges  0x0000000000000b30       0xa8 build/os_test/obj/OS/src/os_port.o
 .debug_ranges  0x0000000000000bd8       0x10 build/os_test/obj/debug/semihost.o
 .debug_ranges  0x0000000000000be8       0x50 build/os_test/obj/debug/syscalls_min.o
 .debug_ranges  0x0000000000000c38       0x98 build/os_test/obj/SPL/src/stm32f10x_gpio.o
 .debug_ranges  0x0000000000000cd0      0x128 build/os_test/obj/SPL/src/stm32f10x_rcc.o
 .debug_ranges  0x0000000000000df8       0xf0 build/os_test/obj/SPL/src/stm32f10x_usart.o
 .debug_ranges  0x0000000000000ee8       0x60 build/os_test/obj/SPL/src/system_stm32f10x.o

.debug_macro    0x0000000000000000     0xcee1
 .debug_macro   0x0000000000000000      0x225 build/os_test/obj/main.o
 .debug_macro   0x0000000000000225      0xa66 build/os_test/obj/main.o
 .debug_macro   0x0000000000000c8b       0x22 build/os_test/obj/main.o
 .debug_macro   0x0000000000000cad      0x34e build/os_test/obj/main.o
 .debug_macro   0x0000000000000ffb       0x5e build/os_test/obj/main.o
 .debug_macro   0x0000000000001059       0x10 build/os_test/obj/main.o
 .debug_macro   0x0000000000001069       0x5d build/os_test/obj/main.o
 .debug_macro   0x00000000000010c6       0x1c build/os_test/obj/main.o
 .debug_macro   0x00000000000010e2       0x22 build/os_test/obj/main.o
 .debug_macro   0x0000000000001104       0xbd build/os_test/obj/main.o
 .debug_macro   0x00000000000011c1      0xd00 build/os_test/obj/main.o
 .debug_macro   0x0000000000001ec1     0x7eb3 build/os_test/obj/main.o
 .debug_macro   0x0000000000009d74       0x10 build/os_test/obj/main.o
 .debug_macro   0x0000000000009d84       0x35 build/os_test/obj/main.o
 .debug_macro   0x0000000000009db9       0x22 build/os_test/obj/main.o
 .debug_macro   0x0000000000009ddb       0x5e build/os_test/obj/main.o
 .debug_macro   0x0000000000009e39       0x18 build/os_test/obj/main.o
 .debug_macro   0x0000000000009e51       0x94 build/os_test/obj/main.o
 .debug_macro   0x0000000000009ee5       0x35 build/os_test/obj/main.o
 .debug_macro   0x0000000000009f1a       0x34 build/os_test/obj/main.o
 .debug_macro   0x0000000000009f4e       0x16 build/os_test/obj/main.o
 .debug_macro   0x0000000000009f64       0x57 build/os_test/obj/main.o
 .debug_macro   0x0000000000009fbb       0x97 build/os_test/obj/main.o
 .debug_macro   0x000000000000a052      0x341 build/os_test/obj/main.o
 .debug_macro   0x000000000000a393       0xfd build/os_test/obj/main.o
 .debug_macro   0x000000000000a490       0x10 build/os_test/obj/main.o
 .debug_macro   0x000000000000a4a0       0x16 build/os_test/obj/main.o
 .debug_macro   0x000000000000a4b6       0x43 build/os_test/obj/main.o
 .debug_macro   0x000000000000a4f9       0x34 build/os_test/obj/main.o
 .debug_macro   0x000000000000a52d       0x10 build/os_test/obj/main.o
 .debug_macro   0x000000000000a53d       0x58 build/os_test/obj/main.o
 .debug_macro   0x000000000000a595      0x182 build/os_test/obj/main.o
 .debug_macro   0x000000000000a717       0x10 build/os_test/obj/main.o
 .debug_macro   0x000000000000a727       0x6a build/os_test/obj/main.o
 .debug_macro   0x000000000000a791       0x1c build/os_test/obj/main.o
 .debug_macro   0x000000000000a7ad       0x52 build/os_test/obj/main.o
 .debug_macro   0x000000000000a7ff       0x22 build/os_test/obj/main.o
 .debug_macro   0x000000000000a821       0x10 build/os_test/obj/main.o
 .debug_macro   0x000000000000a831       0x52 build/os_test/obj/main.o
 .debug_macro   0x000000000000a883       0xd5 build/os_test/obj/main.o
 .debug_macro   0x000000000000a958       0x1c build/os_test/obj/main.o
 .debug_macro   0x000000000000a974       0x3d build/os_test/obj/main.o
 .debug_macro   0x000000000000a9b1       0x16 build/os_test/obj/main.o
 .debug_macro   0x000000000000a9c7      0x16f build/os_test/obj/main.o
 .debug_macro   0x000000000000ab36       0x3b build/os_test/obj/Config/os_app_cfg.o
 .debug_macro   0x000000000000ab71       0xcb build/os_test/obj/app/App_Task.o
 .debug_macro   0x000000000000ac3c      0x2a6 build/os_test/obj/app/App_Task.o
 .debug_macro   0x000000000000aee2      0x3e2 build/os_test/obj/app/App_Task.o
 .debug_macro   0x000000000000b2c4      0x220 build/os_test/obj/app/App_Task.o
 .debug_macro   0x000000000000b4e4       0xbc build/os_test/obj/OS/src/os_kernel.o
 .debug_macro   0x000000000000b5a0       0x10 build/os_test/obj/OS/src/os_kernel.o
 .debug_macro   0x000000000000b5b0      0x174 build/os_test/obj/OS/src/os_kernel.o
 .debug_macro   0x000000000000b724       0xaa build/os_test/obj/OS/src/os_sched_table.o
 .debug_macro   0x000000000000b7ce       0xa1 build/os_test/obj/OS/src/os_port.o
 .debug_macro   0x000000000000b86f       0x10 build/os_test/obj/OS/src/os_port.o
 .debug_macro   0x000000000000b87f       0x58 build/os_test/obj/OS/src/os_port.o
 .debug_macro   0x000000000000b8d7       0x97 build/os_test/obj/debug/semihost.o
 .debug_macro   0x000000000000b96e      0x1df build/os_test/obj/debug/syscalls_min.o
 .debug_macro   0x000000000000bb4d       0x10 build/os_test/obj/debug/syscalls_min.o
 .debug_macro   0x000000000000bb5d      0x23b build/os_test/obj/debug/syscalls_min.o
 .debug_macro   0x000000000000bd98       0x10 build/os_test/obj/debug/syscalls_min.o
 .debug_macro   0x000000000000bda8       0x35 build/os_test/obj/debug/syscalls_min.o
 .debug_macro   0x000000000000bddd       0x10 build/os_test/obj/debug/syscalls_min.o
 .debug_macro   0x000000000000bded       0x10 build/os_test/obj/debug/syscalls_min.o
 .debug_macro   0x000000000000bdfd       0x35 build/os_test/obj/debug/syscalls_min.o
 .debug_macro   0x000000000000be32      0x12c build/os_test/obj/debug/syscalls_min.o
 .debug_macro   0x000000000000bf5e       0x16 build/os_test/obj/debug/syscalls_min.o
 .debug_macro   0x000000000000bf74      0x51a build/os_test/obj/debug/syscalls_min.o
 .debug_macro   0x000000000000c48e       0xe3 build/os_test/obj/SPL/src/stm32f10x_gpio.o
 .debug_macro   0x000000000000c571      0x1a8 build/os_test/obj/SPL/src/stm32f10x_rcc.o
 .debug_macro   0x000000000000c719      0x3dc build/os_test/obj/SPL/src/stm32f10x_rcc.o
 .debug_macro   0x000000000000caf5      0x149 build/os_test/obj/SPL/src/stm32f10x_usart.o
 .debug_macro   0x000000000000cc3e      0x21a build/os_test/obj/SPL/src/stm32f10x_usart.o
 .debug_macro   0x000000000000ce58       0x89 build/os_test/obj/SPL/src/system_stm32f10x.o

.debug_line     0x0000000000000000     0x4af1
 .debug_line    0x0000000000000000      0x447 build/os_test/obj/main.o
 .debug_line    0x0000000000000447      0x101 build/os_test/obj/Config/os_app_cfg.o
 .debug_line    0x0000000000000548      0x6cb build/os_test/obj/app/App_Task.o
 .debug_line    0x0000000000000c13     0x126f build/os_test/obj/OS/src/os_kernel.o
 .debug_line    0x0000000000001e82      0x5ce build/os_test/obj/OS/src/os_sched_table.o
 .debug_line    0x0000000000002450      0x3fc build/os_test/obj/OS/src/os_port.o
 .debug_line    0x000000000000284c      0x1a0 build/os_test/obj/debug/semihost.o
 .debug_line    0x00000000000029ec      0x4de build/os_test/obj/debug/syscalls_min.o
 .debug_line    0x0000000000002eca      0x710 build/os_test/obj/SPL/src/stm32f10x_gpio.o
 .debug_line    0x00000000000035da      0x91b build/os_test/obj/SPL/src/stm32f10x_rcc.o
 .debug_line    0x0000000000003ef5      0x8a7 build/os_test/obj/SPL/src/stm32f10x_usart.o
 .debug_line    0x000000000000479c      0x355 build/os_test/obj/SPL/src/system_stm32f10x.o

.debug_str      0x0000000000000000    0x41a5e
 .debug_str     0x0000000000000000    0x38760 build/os_test/obj/main.o
                                      0x3899b (size before relaxing)
 .debug_str     0x0000000000038760      0x2d5 build/os_test/obj/Config/os_app_cfg.o
                                       0x3c36 (size before relaxing)
 .debug_str     0x0000000000038a35     0x5380 build/os_test/obj/app/App_Task.o
                                      0x39d75 (size before relaxing)
 .debug_str     0x000000000003ddb5      0x514 build/os_test/obj/OS/src/os_kernel.o
                                      0x3539b (size before relaxing)
 .debug_str     0x000000000003e2c9      0x113 build/os_test/obj/OS/src/os_sched_table.o
                                      0x34c8f (size before relaxing)
 .debug_str     0x000000000003e3dc      0x3e8 build/os_test/obj/OS/src/os_port.o
                                      0x34d97 (size before relaxing)
 .debug_str     0x000000000003e7c4       0x18 build/os_test/obj/debug/semihost.o
                                      0x34bf5 (size before relaxing)
 .debug_str     0x000000000003e7dc     0x1b0f build/os_test/obj/debug/syscalls_min.o
                                       0x8c59 (size before relaxing)
 .debug_str     0x00000000000402eb      0x4a1 build/os_test/obj/SPL/src/stm32f10x_gpio.o
                                      0x388b5 (size before relaxing)
 .debug_str     0x000000000004078c      0xb21 build/os_test/obj/SPL/src/stm32f10x_rcc.o
                                      0x371be (size before relaxing)
 .debug_str     0x00000000000412ad      0x711 build/os_test/obj/SPL/src/stm32f10x_usart.o
                                      0x3837f (size before relaxing)
 .debug_str     0x00000000000419be       0xa0 build/os_test/obj/SPL/src/system_stm32f10x.o
                                      0x348dd (size before relaxing)

.debug_frame    0x0000000000000000     0x13dc
 .debug_frame   0x0000000000000000       0x28 build/os_test/obj/main.o
 .debug_frame   0x0000000000000028       0x20 build/os_test/obj/Config/os_app_cfg.o
 .debug_frame   0x0000000000000048       0xe4 build/os_test/obj/app/App_Task.o
 .debug_frame   0x000000000000012c      0x1d0 build/os_test/obj/OS/src/os_kernel.o
 .debug_frame   0x00000000000002fc       0xbc build/os_test/obj/OS/src/os_sched_table.o
 .debug_frame   0x00000000000003b8       0x94 build/os_test/obj/OS/src/os_port.o
 .debug_frame   0x000000000000044c       0x20 build/os_test/obj/debug/semihost.o
 .debug_frame   0x000000000000046c       0x90 build/os_test/obj/debug/syscalls_min.o
 .debug_frame   0x00000000000004fc      0x194 build/os_test/obj/SPL/src/stm32f10x_gpio.o
 .debug_frame   0x0000000000000690      0x224 build/os_test/obj/SPL/src/stm32f10x_rcc.o
 .debug_frame   0x00000000000008b4      0x224 build/os_test/obj/SPL/src/stm32f10x_usart.o
 .debug_frame   0x0000000000000ad8       0x44 build/os_test/obj/SPL/src/system_stm32f10x.o
 .debug_frame   0x0000000000000b1c       0x20 /Users/phamvanvu/Projects/Embedded/ARM-Toolchain/arm-toolchain/bin/../lib/gcc/arm-none-eabi/10.3.1/../../../../arm-none-eabi/lib/thumb/v7-m/nofp/libc_nano.a(lib_a-errno.o)
 .debug_frame   0x0000000000000b3c       0x74 /Users/phamvanvu/Projects/Embedded/ARM-Toolchain/arm-toolchain/bin/../lib/gcc/arm-none-eabi/10.3.1/../../../../arm-none-eabi/lib/thumb/v7-m/nofp/libc_nano.a(lib_a-printf.o)
 .debug_frame   0x0000000000000bb0       0x3c /Users/phamvanvu/Projects/Embedded/ARM-Toolchain/arm-toolchain/bin/../lib/gcc/arm-none-eabi/10.3.1/../../../../arm-none-eabi/lib/thumb/v7-m/nofp/libc_nano.a(lib_a-puts.o)
 .debug_frame   0x0000000000000bec       0x40 /Users/phamvanvu/Projects/Embedded/ARM-Toolchain/arm-toolchain/bin/../lib/gcc/arm-none-eabi/10.3.1/../../../../arm-none-eabi/lib/thumb/v7-m/nofp/libc_nano.a(lib_a-wbuf.o)
 .debug_frame   0x0000000000000c2c       0x2c /Users/phamvanvu/Projects/Embedded/ARM-Toolchain/arm-toolchain/bin/../lib/gcc/arm-none-eabi/10.3.1/../../../../arm-none-eabi/lib/thumb/v7-m/nofp/libc_nano.a(lib_a-wsetup.o)
 .debug_frame   0x0000000000000c58       0x5c /Users/phamvanvu/Projects/Embedded/ARM-Toolchain/arm-toolchain/bin/../lib/gcc/arm-none-eabi/10.3.1/../../../../arm-none-eabi/lib/thumb/v7-m/nofp/libc_nano.a(lib_a-fflush.o)
 .debug_frame   0x0000000000000cb4      0x14c /Users/phamvanvu/Projects/Embedded/ARM-Toolchain/arm-toolchain/bin/../lib/gcc/arm-none-eabi/10.3.1/../../../../arm-none-eabi/lib/thumb/v7-m/nofp/libc_nano.a(lib_a-findfp.o)
 .debug_frame   0x0000000000000e00       0x54 /Users/phamvanvu/Projects/Embedded/ARM-Toolchain/arm-toolchain/bin/../lib/gcc/arm-none-eabi/10.3.1/../../../../arm-none-eabi/lib/thumb/v7-m/nofp/libc_nano.a(lib_a-fwalk.o)
 .debug_frame   0x0000000000000e54       0xb0 /Users/phamvanvu/Projects/Embedded/ARM-Toolchain/arm-toolchain/bin/../lib/gcc/arm-none-eabi/10.3.1/../../../../arm-none-eabi/lib/thumb/v7-m/nofp/libc_nano.a(lib_a-lock.o)
 .debug_frame   0x0000000000000f04       0x58 /Users/phamvanvu/Projects/Embedded/ARM-Toolchain/arm-toolchain/bin/../lib/gcc/arm-none-eabi/10.3.1/../../../../arm-none-eabi/lib/thumb/v7-m/nofp/libc_nano.a(lib_a-makebuf.o)
 .debug_frame   0x0000000000000f5c       0x20 /Users/phamvanvu/Projects/Embedded/ARM-Toolchain/arm-toolchain/bin/../lib/gcc/arm-none-eabi/10.3.1/../../../../arm-none-eabi/lib/thumb/v7-m/nofp/libc_nano.a(lib_a-memset.o)
 .debug_frame   0x0000000000000f7c       0x38 /Users/phamvanvu/Projects/Embedded/ARM-Toolchain/arm-toolchain/bin/../lib/gcc/arm-none-eabi/10.3.1/../../../../arm-none-eabi/lib/thumb/v7-m/nofp/libc_nano.a(lib_a-nano-freer.o)
 .debug_frame   0x0000000000000fb4       0x4c /Users/phamvanvu/Projects/Embedded/ARM-Toolchain/arm-toolchain/bin/../lib/gcc/arm-none-eabi/10.3.1/../../../../arm-none-eabi/lib/thumb/v7-m/nofp/libc_nano.a(lib_a-nano-mallocr.o)
 .debug_frame   0x0000000000001000       0xac /Users/phamvanvu/Projects/Embedded/ARM-Toolchain/arm-toolchain/bin/../lib/gcc/arm-none-eabi/10.3.1/../../../../arm-none-eabi/lib/thumb/v7-m/nofp/libc_nano.a(lib_a-nano-vfprintf.o)
 .debug_frame   0x00000000000010ac       0x60 /Users/phamvanvu/Projects/Embedded/ARM-Toolchain/arm-toolchain/bin/../lib/gcc/arm-none-eabi/10.3.1/../../../../arm-none-eabi/lib/thumb/v7-m/nofp/libc_nano.a(lib_a-nano-vfprintf_i.o)
 .debug_frame   0x000000000000110c       0x2c /Users/phamvanvu/Projects/Embedded/ARM-Toolchain/arm-toolchain/bin/../lib/gcc/arm-none-eabi/10.3.1/../../../../arm-none-eabi/lib/thumb/v7-m/nofp/libc_nano.a(lib_a-sbrkr.o)
 .debug_frame   0x0000000000001138       0x88 /Users/phamvanvu/Projects/Embedded/ARM-Toolchain/arm-toolchain/bin/../lib/gcc/arm-none-eabi/10.3.1/../../../../arm-none-eabi/lib/thumb/v7-m/nofp/libc_nano.a(lib_a-stdio.o)
 .debug_frame   0x00000000000011c0       0x2c /Users/phamvanvu/Projects/Embedded/ARM-Toolchain/arm-toolchain/bin/../lib/gcc/arm-none-eabi/10.3.1/../../../../arm-none-eabi/lib/thumb/v7-m/nofp/libc_nano.a(lib_a-writer.o)
 .debug_frame   0x00000000000011ec       0x2c /Users/phamvanvu/Projects/Embedded/ARM-Toolchain/arm-toolchain/bin/../lib/gcc/arm-none-eabi/10.3.1/../../../../arm-none-eabi/lib/thumb/v7-m/nofp/libc_nano.a(lib_a-closer.o)
 .debug_frame   0x0000000000001218       0x2c /Users/phamvanvu/Projects/Embedded/ARM-Toolchain/arm-toolchain/bin/../lib/gcc/arm-none-eabi/10.3.1/../../../../arm-none-eabi/lib/thumb/v7-m/nofp/libc_nano.a(lib_a-fstatr.o)
 .debug_frame   0x0000000000001244       0x2c /Users/phamvanvu/Projects/Embedded/ARM-Toolchain/arm-toolchain/bin/../lib/gcc/arm-none-eabi/10.3.1/../../../../arm-none-eabi/lib/thumb/v7-m/nofp/libc_nano.a(lib_a-isattyr.o)
 .debug_frame   0x0000000000001270       0x2c /Users/phamvanvu/Projects/Embedded/ARM-Toolchain/arm-toolchain/bin/../lib/gcc/arm-none-eabi/10.3.1/../../../../arm-none-eabi/lib/thumb/v7-m/nofp/libc_nano.a(lib_a-lseekr.o)
 .debug_frame   0x000000000000129c       0x28 /Users/phamvanvu/Projects/Embedded/ARM-Toolchain/arm-toolchain/bin/../lib/gcc/arm-none-eabi/10.3.1/../../../../arm-none-eabi/lib/thumb/v7-m/nofp/libc_nano.a(lib_a-memchr-stub.o)
 .debug_frame   0x00000000000012c4       0x30 /Users/phamvanvu/Projects/Embedded/ARM-Toolchain/arm-toolchain/bin/../lib/gcc/arm-none-eabi/10.3.1/../../../../arm-none-eabi/lib/thumb/v7-m/nofp/libc_nano.a(lib_a-mlock.o)
 .debug_frame   0x00000000000012f4       0x2c /Users/phamvanvu/Projects/Embedded/ARM-Toolchain/arm-toolchain/bin/../lib/gcc/arm-none-eabi/10.3.1/../../../../arm-none-eabi/lib/thumb/v7-m/nofp/libc_nano.a(lib_a-readr.o)
 .debug_frame   0x0000000000001320       0x5c /Users/phamvanvu/Projects/Embedded/ARM-Toolchain/arm-toolchain/bin/../lib/gcc/arm-none-eabi/10.3.1/../../../../arm-none-eabi/lib/thumb/v7-m/nofp/libc_nano.a(lib_a-reent.o)
 .debug_frame   0x000000000000137c       0x2c /Users/phamvanvu/Projects/Embedded/ARM-Toolchain/arm-toolchain/bin/../lib/gcc/arm-none-eabi/10.3.1/thumb/v7-m/nofp/libgcc.a(_aeabi_uldivmod.o)
 .debug_frame   0x00000000000013a8       0x34 /Users/phamvanvu/Projects/Embedded/ARM-Toolchain/arm-toolchain/bin/../lib/gcc/arm-none-eabi/10.3.1/thumb/v7-m/nofp/libgcc.a(_udivmoddi4.o)

.debug_loc      0x0000000000000000     0x3009
 .debug_loc     0x0000000000000000      0x3b2 build/os_test/obj/app/App_Task.o
 .debug_loc     0x00000000000003b2      0xf2f build/os_test/obj/OS/src/os_kernel.o
 .debug_loc     0x00000000000012e1      0x27a build/os_test/obj/OS/src/os_sched_table.o
 .debug_loc     0x000000000000155b      0x1fc build/os_test/obj/OS/src/os_port.o
 .debug_loc     0x0000000000001757       0x25 build/os_test/obj/debug/semihost.o
 .debug_loc     0x000000000000177c      0x1ef build/os_test/obj/debug/syscalls_min.o
 .debug_loc     0x000000000000196b      0x640 build/os_test/obj/SPL/src/stm32f10x_gpio.o
 .debug_loc     0x0000000000001fab      0x6fb build/os_test/obj/SPL/src/stm32f10x_rcc.o
 .debug_loc     0x00000000000026a6      0x88d build/os_test/obj/SPL/src/stm32f10x_usart.o
 .debug_loc     0x0000000000002f33       0xd6 build/os_test/obj/SPL/src/system_stm32f10x.o
